
 RUN  v3.2.7 /Users/yang/Desktop/otto-new

 ❯ packages/server/src/enterprise/parkCarpoolRoutes.test.ts (3 tests | 3 failed) 5ms
   × park carpool enterprise routes > requires an authenticated enterprise account before any repository call 4ms
     → [vitest] No "confirmParkCarpoolIntent" export is defined on the "./db.js" mock. Did you forget to return it from "vi.mock"?
If you need to partially mock a module, you can use "importOriginal" helper inside:

   × park carpool enterprise routes > derives the owner from the session for state, publish and stop operations 0ms
     → [vitest] No "confirmParkCarpoolIntent" export is defined on the "./db.js" mock. Did you forget to return it from "vi.mock"?
If you need to partially mock a module, you can use "importOriginal" helper inside:

   × park carpool enterprise routes > maps entitlement and map-provider failures without leaking exception details 0ms
     → [vitest] No "confirmParkCarpoolIntent" export is defined on the "./db.js" mock. Did you forget to return it from "vi.mock"?
If you need to partially mock a module, you can use "importOriginal" helper inside:

(node:66887) ExperimentalWarning: SQLite is an experimental feature and might change at any time
(Use `node --trace-warnings ...` to show where the warning was created)
 ✓ packages/server/src/modules/park_carpool/parkCarpoolHttp.integration.test.ts (1 test) 67ms

⎯⎯⎯⎯⎯⎯⎯ Failed Tests 3 ⎯⎯⎯⎯⎯⎯⎯

 FAIL  packages/server/src/enterprise/parkCarpoolRoutes.test.ts > park carpool enterprise routes > requires an authenticated enterprise account before any repository call
Error: [vitest] No "confirmParkCarpoolIntent" export is defined on the "./db.js" mock. Did you forget to return it from "vi.mock"?
If you need to partially mock a module, you can use "importOriginal" helper inside:

vi.mock(import("./db.js"), async (importOriginal) => {
  const actual = await importOriginal()
  return {
    ...actual,
    // your mocked methods
  }
})

 ❯ Module.handleParkCarpoolRoute packages/server/src/enterprise/parkCarpoolRoutes.ts:13:23
     11|     publishIntent: db.publishParkCarpoolIntent,
     12|     stopIntent: db.stopParkCarpoolIntent,
     13|     confirmIntent: db.confirmParkCarpoolIntent,
       |                       ^
     14|   } });
     15| }
 ❯ Object.invoke packages/server/src/enterprise/parkCarpoolRoutes.test.ts:28:19
 ❯ packages/server/src/enterprise/parkCarpoolRoutes.test.ts:46:26

⎯⎯⎯⎯⎯⎯⎯⎯⎯⎯⎯⎯⎯⎯⎯⎯⎯⎯⎯⎯⎯⎯⎯⎯[1/3]⎯

 FAIL  packages/server/src/enterprise/parkCarpoolRoutes.test.ts > park carpool enterprise routes > derives the owner from the session for state, publish and stop operations
Error: [vitest] No "confirmParkCarpoolIntent" export is defined on the "./db.js" mock. Did you forget to return it from "vi.mock"?
If you need to partially mock a module, you can use "importOriginal" helper inside:

vi.mock(import("./db.js"), async (importOriginal) => {
  const actual = await importOriginal()
  return {
    ...actual,
    // your mocked methods
  }
})

 ❯ Module.handleParkCarpoolRoute packages/server/src/enterprise/parkCarpoolRoutes.ts:13:23
     11|     publishIntent: db.publishParkCarpoolIntent,
     12|     stopIntent: db.stopParkCarpoolIntent,
     13|     confirmIntent: db.confirmParkCarpoolIntent,
       |                       ^
     14|   } });
     15| }
 ❯ Object.invoke packages/server/src/enterprise/parkCarpoolRoutes.test.ts:28:19
 ❯ packages/server/src/enterprise/parkCarpoolRoutes.test.ts:54:17

⎯⎯⎯⎯⎯⎯⎯⎯⎯⎯⎯⎯⎯⎯⎯⎯⎯⎯⎯⎯⎯⎯⎯⎯[2/3]⎯

 FAIL  packages/server/src/enterprise/parkCarpoolRoutes.test.ts > park carpool enterprise routes > maps entitlement and map-provider failures without leaking exception details
Error: [vitest] No "confirmParkCarpoolIntent" export is defined on the "./db.js" mock. Did you forget to return it from "vi.mock"?
If you need to partially mock a module, you can use "importOriginal" helper inside:

vi.mock(import("./db.js"), async (importOriginal) => {
  const actual = await importOriginal()
  return {
    ...actual,
    // your mocked methods
  }
})

 ❯ Module.handleParkCarpoolRoute packages/server/src/enterprise/parkCarpoolRoutes.ts:13:23
     11|     publishIntent: db.publishParkCarpoolIntent,
     12|     stopIntent: db.stopParkCarpoolIntent,
     13|     confirmIntent: db.confirmParkCarpoolIntent,
       |                       ^
     14|   } });
     15| }
 ❯ Object.invoke packages/server/src/enterprise/parkCarpoolRoutes.test.ts:28:19
 ❯ packages/server/src/enterprise/parkCarpoolRoutes.test.ts:81:21

⎯⎯⎯⎯⎯⎯⎯⎯⎯⎯⎯⎯⎯⎯⎯⎯⎯⎯⎯⎯⎯⎯⎯⎯[3/3]⎯


 Test Files  1 failed | 1 passed (2)
      Tests  3 failed | 1 passed (4)
   Start at  09:12:46
   Duration  3.05s (transform 1.35s, setup 0ms, collect 2.85s, tests 72ms, environment 0ms, prepare 81ms)
