    Updating crates.io index
 Downloading crates ...
  Downloaded ed25519 v2.2.3
  Downloaded hpke-rs-libcrux v0.6.1
  Downloaded hpke-rs-crypto v0.6.1
  Downloaded fxhash v0.2.1
  Downloaded hax-lib-macros v0.3.6
  Downloaded ff v0.13.1
  Downloaded bit-set v0.5.3
  Downloaded base16ct v0.2.0
  Downloaded libcrux-curve25519 v0.0.6
  Downloaded libcrux-platform v0.0.3
  Downloaded libcrux-kem v0.0.7
  Downloaded libcrux-sha2 v0.0.6
  Downloaded rfc6979 v0.4.0
  Downloaded lru v0.12.5
  Downloaded rand_chacha v0.3.1
  Downloaded libcrux-secrets v0.0.5
  Downloaded rustc-hash v1.1.0
  Downloaded rand_core v0.9.5
  Downloaded primeorder v0.13.6
  Downloaded pkcs8 v0.10.2
  Downloaded parking_lot v0.11.2
  Downloaded libcrux-sha3 v0.0.8
  Downloaded rand_chacha v0.10.0
  Downloaded libcrux-aesgcm v0.0.7
  Downloaded libcrux-p256 v0.0.6
  Downloaded const-oid v0.9.6
  Downloaded poly1305 v0.8.0
  Downloaded libcrux-hacl-rs v0.0.4
  Downloaded hpke-rs v0.6.1
  Downloaded hmac v0.12.1
  Downloaded getrandom v0.2.17
  Downloaded universal-hash v0.5.1
  Downloaded allocator-api2 v0.2.21
  Downloaded crossbeam-utils v0.8.22
  Downloaded crossbeam-epoch v0.9.20
  Downloaded anyhow v1.0.104
  Downloaded zeroize v1.9.0
  Downloaded signature v2.2.0
  Downloaded zeroize_derive v1.5.0
  Downloaded spki v0.7.3
  Downloaded tls_codec_derive v0.4.2
  Downloaded tls_codec v0.4.2
  Downloaded smallvec v1.15.2
  Downloaded elliptic-curve v0.13.8
  Downloaded log v0.4.33
  Downloaded x25519-dalek v2.0.1
  Downloaded k256 v0.13.4
  Downloaded der v0.7.10
  Downloaded ed25519-dalek v2.2.0
  Downloaded crypto-bigint v0.5.5
  Downloaded rayon-core v1.13.0
  Downloaded rand v0.10.2
  Downloaded rand v0.9.5
  Downloaded aes-gcm v0.10.3
  Downloaded regex v1.13.1
  Downloaded zerocopy v0.8.55
  Downloaded hax-lib v0.3.6
  Downloaded rayon v1.12.0
  Downloaded curve25519-dalek v4.1.3
  Downloaded bstr v1.13.0
  Downloaded regex-syntax v0.8.11
  Downloaded p384 v0.13.1
  Downloaded openmls v0.8.1
  Downloaded hkdf v0.12.4
  Downloaded regex-automata v0.4.16
  Downloaded hashbrown v0.15.5
  Downloaded serde_bytes v0.11.19
  Downloaded sled v0.34.7
  Downloaded subtle v2.6.1
  Downloaded libc v0.2.189
  Downloaded aes v0.8.4
  Downloaded libcrux-ml-kem v0.0.8
  Downloaded fancy-regex v0.13.0
  Downloaded rand v0.8.7
  Downloaded libcrux-ecdh v0.0.6
  Downloaded chacha20poly1305 v0.10.1
  Downloaded syn v2.0.119
  Downloaded p256 v0.13.2
  Downloaded syn v3.0.3
  Downloaded sec1 v0.7.3
  Downloaded rand_chacha v0.9.0
  Downloaded polyval v0.6.2
  Downloaded pem-rfc7468 v0.7.0
  Downloaded parking_lot_core v0.8.6
  Downloaded openmls_rust_crypto v0.5.1
  Downloaded libcrux-traits v0.0.6
  Downloaded bit-vec v0.6.3
  Downloaded rand_core v0.10.1
  Downloaded rand_core v0.6.4
  Downloaded ppv-lite86 v0.2.21
  Downloaded libcrux-chacha20poly1305 v0.0.7
  Downloaded hpke-rs-rust-crypto v0.6.1
  Downloaded group v0.13.0
  Downloaded chacha20 v0.9.1
  Downloaded ecdsa v0.16.9
  Downloaded crossbeam-deque v0.8.7
  Downloaded cipher v0.4.4
  Downloaded base64ct v1.8.3
  Downloaded openmls_memory_storage v0.5.0
  Downloaded foldhash v0.1.5
  Downloaded either v1.17.0
  Downloaded aead v0.5.2
  Downloaded openmls_traits v0.5.0
  Downloaded openmls_basic_credential v0.5.0
  Downloaded opaque-debug v0.3.1
  Downloaded libcrux-poly1305 v0.0.5
  Downloaded libcrux-macros v0.0.3
  Downloaded lazy_static v1.5.0
  Downloaded ghash v0.5.1
  Downloaded libcrux-hmac v0.0.6
  Downloaded libcrux-intrinsics v0.0.6
  Downloaded libcrux-hkdf v0.0.6
  Downloaded libcrux-aead v0.0.7
  Downloaded instant v0.1.13
  Downloaded inout v0.1.4
  Downloaded ctr v0.9.2
  Downloaded tiktoken-rs v0.6.0
   Compiling proc-macro2 v1.0.107
   Compiling quote v1.0.47
   Compiling unicode-ident v1.0.24
   Compiling libc v0.2.189
   Compiling cfg-if v1.0.4
   Compiling version_check v0.9.5
   Compiling typenum v1.20.1
   Compiling subtle v2.6.1
   Compiling const-oid v0.9.6
   Compiling base64ct v1.8.3
   Compiling serde_core v1.0.229
   Compiling base16ct v0.2.0
   Compiling generic-array v0.14.7
   Compiling pem-rfc7468 v0.7.0
   Compiling serde v1.0.229
   Compiling semver v1.0.28
   Compiling memchr v2.8.3
   Compiling rustc_version v0.4.1
   Compiling zerocopy v0.8.55
   Compiling crossbeam-utils v0.8.22
   Compiling hax-lib v0.3.6
   Compiling getrandom v0.2.17
   Compiling rand_core v0.6.4
   Compiling ff v0.13.1
   Compiling cpufeatures v0.2.17
   Compiling group v0.13.0
   Compiling curve25519-dalek v4.1.3
   Compiling crossbeam-epoch v0.9.20
   Compiling opaque-debug v0.3.1
   Compiling rand_core v0.9.5
   Compiling smallvec v1.15.2
   Compiling aho-corasick v1.1.4
   Compiling zmij v1.0.23
   Compiling syn v2.0.119
   Compiling syn v3.0.3
   Compiling regex-syntax v0.8.11
   Compiling thiserror v2.0.19
   Compiling log v0.4.33
   Compiling libcrux-intrinsics v0.0.6
   Compiling crossbeam-deque v0.8.7
   Compiling serde_derive v1.0.229
   Compiling scopeguard v1.2.0
   Compiling lock_api v0.4.14
   Compiling thiserror-impl v2.0.19
   Compiling regex-automata v0.4.16
   Compiling ppv-lite86 v0.2.21
   Compiling rand_chacha v0.3.1
   Compiling rand v0.9.5
   Compiling parking_lot_core v0.9.12
   Compiling libcrux-sha3 v0.0.8
   Compiling serde_json v1.0.151
   Compiling parking_lot_core v0.8.6
   Compiling rayon-core v1.13.0
   Compiling zeroize_derive v1.5.0
   Compiling tls_codec_derive v0.4.2
   Compiling zeroize v1.9.0
   Compiling hax-lib-macros v0.3.6
   Compiling rand v0.8.7
   Compiling libcrux-platform v0.0.3
   Compiling instant v0.1.13
   Compiling itoa v1.0.18
   Compiling anyhow v1.0.104
   Compiling crc32fast v1.5.0
   Compiling bit-vec v0.6.3
   Compiling bit-set v0.5.3
   Compiling der v0.7.10
   Compiling tls_codec v0.4.2
   Compiling crypto-common v0.1.7
   Compiling block-buffer v0.10.4
   Compiling digest v0.10.7
   Compiling spki v0.7.3
   Compiling hmac v0.12.1
   Compiling pkcs8 v0.10.2
   Compiling hkdf v0.12.4
   Compiling crypto-bigint v0.5.5
   Compiling inout v0.1.4
   Compiling sec1 v0.7.3
   Compiling cipher v0.4.4
   Compiling signature v2.2.0
   Compiling universal-hash v0.5.1
   Compiling rfc6979 v0.4.0
   Compiling sha2 v0.10.9
   Compiling polyval v0.6.2
   Compiling libcrux-secrets v0.0.5
   Compiling aead v0.5.2
   Compiling ghash v0.5.1
   Compiling libcrux-traits v0.0.6
   Compiling poly1305 v0.8.0
   Compiling ed25519 v2.2.3
   Compiling ctr v0.9.2
   Compiling chacha20 v0.9.1
   Compiling aes v0.8.4
   Compiling hpke-rs-crypto v0.6.1
   Compiling chacha20poly1305 v0.10.1
   Compiling elliptic-curve v0.13.8
   Compiling x25519-dalek v2.0.1
   Compiling aes-gcm v0.10.3
   Compiling ed25519-dalek v2.2.0
   Compiling primeorder v0.13.6
   Compiling ecdsa v0.16.9
   Compiling k256 v0.13.4
   Compiling byteorder v1.5.0
   Compiling p384 v0.13.1
   Compiling either v1.17.0
   Compiling foldhash v0.1.5
   Compiling rand_core v0.10.1
   Compiling equivalent v1.0.2
   Compiling allocator-api2 v0.2.21
   Compiling fxhash v0.2.1
   Compiling parking_lot v0.12.5
   Compiling p256 v0.13.2
   Compiling rayon v1.12.0
   Compiling parking_lot v0.11.2
   Compiling hashbrown v0.15.5
   Compiling fancy-regex v0.13.0
   Compiling hpke-rs-rust-crypto v0.6.1
   Compiling bstr v1.13.0
   Compiling regex v1.13.1
   Compiling serde_bytes v0.11.19
   Compiling fs2 v0.4.3
   Compiling base64 v0.21.7
   Compiling lazy_static v1.5.0
   Compiling rustc-hash v1.1.0
   Compiling sled v0.34.7
   Compiling base64 v0.22.1
   Compiling openmls_traits v0.5.0
   Compiling hpke-rs v0.6.1
   Compiling lru v0.12.5
   Compiling tiktoken-rs v0.6.0
   Compiling openmls_memory_storage v0.5.0
   Compiling openmls_basic_credential v0.5.0
   Compiling hex v0.4.3
   Compiling openmls_rust_crypto v0.5.1
   Compiling openmls v0.8.1
   Compiling otto-native v0.1.0 (/Users/yang/Desktop/otto-new/otto-native)
warning: method `stage_transport_application` is never used
    --> src/mls.rs:2057:12
     |
 429 | impl MlsKernel {
     | -------------- method in this implementation
...
2057 |     pub fn stage_transport_application(
     |            ^^^^^^^^^^^^^^^^^^^^^^^^^^^
     |
     = note: `#[warn(dead_code)]` (part of `#[warn(unused)]`) on by default

warning: field `model` is never read
 --> src/tokenizer.rs:5:5
  |
3 | pub struct Tokenizer {
  |            --------- field in this struct
4 |     bpe: CoreBPE,
5 |     model: String,
  |     ^^^^^

warning: `otto-native` (bin "otto-native" test) generated 2 warnings
    Finished `test` profile [unoptimized + debuginfo] target(s) in 31.34s
     Running unittests src/main.rs (otto-native/target/debug/deps/otto_native-fe62299091e39fd6)

running 18 tests
test mls::tests::another_device_scope_requires_an_explicit_reset ... ok
test mls::tests::exported_key_package_is_valid_mls_1_0 ... ok
test mls::tests::member_key_packages_cannot_cross_server_or_organization_boundaries ... ok
test mls::tests::mismatched_welcome_group_binding_retires_the_one_time_key_package ... ok
test mls::tests::remote_commit_quarantines_a_member_removal_even_with_no_add_binding ... ok
test mls::tests::encrypted_snapshot_restores_and_acknowledges_the_application_outbox ... ok
test mls::tests::remote_commit_accepts_a_server_bound_second_local_device ... ok
test mls::tests::conversation_reset_replaces_only_the_bound_group_and_survives_restart ... ok
test mls::tests::reset_does_not_accept_an_unrelated_scope ... ok
test mls::tests::remote_commit_rejects_a_substituted_sender_device ... ok
test mls::tests::local_epoch_update_is_idempotent_persistent_and_mergeable ... ok
test mls::tests::encrypted_snapshot_restores_a_pending_member_commit ... ok
test mls::tests::encrypted_snapshots_restore_two_device_ratchets_after_restart ... ok
test mls::tests::remote_commit_tampering_quarantines_without_advancing_cursor ... ok
test mls::tests::two_devices_join_and_exchange_an_authenticated_application_message ... ok
test mls::tests::sender_rejects_a_duplicate_device_credential ... ok
test mls::tests::sender_rejects_an_unexpected_account_addition ... ok
test mls::tests::remote_update_commit_atomically_advances_epoch_cursor_and_persisted_state ... ok

test result: ok. 18 passed; 0 failed; 0 ignored; 0 measured; 4 filtered out; finished in 0.08s
