
 RUN  v3.2.7 /Users/yang/Desktop/otto-new

 ❯ packages/server/src/modules/park_carpool/parkCarpoolDomain.test.ts (11 tests | 6 failed) 13ms
   ✓ normalizeCarpoolIntentInput > normalizes travel choices while retaining only a resolved route 2ms
   ✓ normalizeCarpoolIntentInput > rejects unknown choices, an invalid date, and the same origin/destination 1ms
   ✓ routeOverlap > recognizes nearby same-direction routes and rejects the reverse direction 0ms
   ✓ buildCarpoolMatches > filters by park, date, time, compatible mode and route, then sorts by overlap 1ms
   × PRD route and input regressions > counts only the actual short common interval, symmetrically 3ms
     → expected 1 to be close to 0.03921568627450981, received difference is 0.9607843137254902, but expected 0.0005
   × PRD route and input regressions > does not turn parallel roads or a crossing into shared travel 1ms
     → expected 1 to be +0 // Object.is equality
   ✓ PRD route and input regressions > is independent of sample density and duplicate vertices 2ms
   × PRD route and input regressions > never derives public areas from a private label: 测试小区十二号楼三单元二〇一室 1ms
     → expected '测试小区十二号楼三单元二〇一室' to be '目的地区域（具体位置已隐藏）' // Object.is equality
   × PRD route and input regressions > never derives public areas from a private label: 测试小区12栋A座201室 0ms
     → expected '测试小区A座' to be '目的地区域（具体位置已隐藏）' // Object.is equality
   × PRD route and input regressions > never derives public areas from a private label: Apartment 201, 12 Example Road 0ms
     → expected 'Apartment,Example Road' to be '目的地区域（具体位置已隐藏）' // Object.is equality
   × PRD route and input regressions > rejects calendar rollover and timezone-less departure 1ms
     → expected [Function] to throw an error
 ❯ packages/server/src/modules/park_carpool/parkCarpoolService.test.ts (9 tests | 3 failed) 46ms
   ✓ createParkCarpoolService > upserts one daily intent and plans the route on the server 32ms
   ✓ createParkCarpoolService > bounds a provider route before persistence and matching 1ms
   ✓ createParkCarpoolService > fails closed for an unknown, disabled, or unbound principal 1ms
   ✓ createParkCarpoolService > returns multiple privacy-safe matches and only lets the owner stop an intent 2ms
   ✓ createParkCarpoolService > treats a stale active record as expired and never matches it 0ms
   ✓ createParkCarpoolService > fails closed when a stored active intent has an invalid expiry 0ms
   × publish race and date regressions > rejects a departure outside the selected Shanghai date before planning 7ms
     → promise resolved "{ travelDate: '2026-09-02', …(17) }" instead of rejecting
   × publish race and date regressions > revalidates identity after planning 1ms
     → promise resolved "{ travelDate: '2026-09-02', …(17) }" instead of rejecting
   × publish race and date regressions > does not revive an intent stopped during planning 1ms
     → promise resolved "{ travelDate: '2026-09-02', …(17) }" instead of rejecting

⎯⎯⎯⎯⎯⎯⎯ Failed Tests 9 ⎯⎯⎯⎯⎯⎯⎯

 FAIL  packages/server/src/modules/park_carpool/parkCarpoolDomain.test.ts > PRD route and input regressions > counts only the actual short common interval, symmetrically
AssertionError: expected 1 to be close to 0.03921568627450981, received difference is 0.9607843137254902, but expected 0.0005
 ❯ packages/server/src/modules/park_carpool/parkCarpoolDomain.test.ts:169:28
    167|     const short = [point(116.049), point(116.051)];
    168|     const result = routeOverlap(long, short);
    169|     expect(result.overlap).toBeCloseTo(2 * 0.002 / 0.102, 3);
       |                            ^
    170|     expect(result.commonDistanceMeters).toBeLessThanOrEqual(171);
    171|     expect(routeOverlap(short, long)).toEqual(result);

⎯⎯⎯⎯⎯⎯⎯⎯⎯⎯⎯⎯⎯⎯⎯⎯⎯⎯⎯⎯⎯⎯⎯⎯[1/9]⎯

 FAIL  packages/server/src/modules/park_carpool/parkCarpoolDomain.test.ts > PRD route and input regressions > does not turn parallel roads or a crossing into shared travel
AssertionError: expected 1 to be +0 // Object.is equality

- Expected
+ Received

- 0
+ 1

 ❯ packages/server/src/modules/park_carpool/parkCarpoolDomain.test.ts:174:106
    172|   });
    173|   it('does not turn parallel roads or a crossing into shared travel', …
    174|     expect(routeOverlap([point(116), point(116.1)], [point(116, 40.001…
       |                                                                                                          ^
    175|     expect(routeOverlap([point(116), point(116.1)], [point(116.05, 39.…
    176|   });

⎯⎯⎯⎯⎯⎯⎯⎯⎯⎯⎯⎯⎯⎯⎯⎯⎯⎯⎯⎯⎯⎯⎯⎯[2/9]⎯

 FAIL  packages/server/src/modules/park_carpool/parkCarpoolDomain.test.ts > PRD route and input regressions > never derives public areas from a private label: 测试小区十二号楼三单元二〇一室
AssertionError: expected '测试小区十二号楼三单元二〇一室' to be '目的地区域（具体位置已隐藏）' // Object.is equality

Expected: "目的地区域（具体位置已隐藏）"
Received: "测试小区十二号楼三单元二〇一室"

 ❯ packages/server/src/modules/park_carpool/parkCarpoolDomain.test.ts:186:41
    184|       travelOptions: ['driver'], destination: { label, coordinate: BAS…
    185|     })], { now: new Date('2026-09-02T09:10:00Z') });
    186|     expect(matches[0]!.destinationArea).toBe('目的地区域（具体位置已隐藏）');
       |                                         ^
    187|   });
    188|   it('rejects calendar rollover and timezone-less departure', () => {

⎯⎯⎯⎯⎯⎯⎯⎯⎯⎯⎯⎯⎯⎯⎯⎯⎯⎯⎯⎯⎯⎯⎯⎯[3/9]⎯

 FAIL  packages/server/src/modules/park_carpool/parkCarpoolDomain.test.ts > PRD route and input regressions > never derives public areas from a private label: 测试小区12栋A座201室
AssertionError: expected '测试小区A座' to be '目的地区域（具体位置已隐藏）' // Object.is equality

Expected: "目的地区域（具体位置已隐藏）"
Received: "测试小区A座"

 ❯ packages/server/src/modules/park_carpool/parkCarpoolDomain.test.ts:186:41
    184|       travelOptions: ['driver'], destination: { label, coordinate: BAS…
    185|     })], { now: new Date('2026-09-02T09:10:00Z') });
    186|     expect(matches[0]!.destinationArea).toBe('目的地区域（具体位置已隐藏）');
       |                                         ^
    187|   });
    188|   it('rejects calendar rollover and timezone-less departure', () => {

⎯⎯⎯⎯⎯⎯⎯⎯⎯⎯⎯⎯⎯⎯⎯⎯⎯⎯⎯⎯⎯⎯⎯⎯[4/9]⎯

 FAIL  packages/server/src/modules/park_carpool/parkCarpoolDomain.test.ts > PRD route and input regressions > never derives public areas from a private label: Apartment 201, 12 Example Road
AssertionError: expected 'Apartment,Example Road' to be '目的地区域（具体位置已隐藏）' // Object.is equality

Expected: "目的地区域（具体位置已隐藏）"
Received: "Apartment,Example Road"

 ❯ packages/server/src/modules/park_carpool/parkCarpoolDomain.test.ts:186:41
    184|       travelOptions: ['driver'], destination: { label, coordinate: BAS…
    185|     })], { now: new Date('2026-09-02T09:10:00Z') });
    186|     expect(matches[0]!.destinationArea).toBe('目的地区域（具体位置已隐藏）');
       |                                         ^
    187|   });
    188|   it('rejects calendar rollover and timezone-less departure', () => {

⎯⎯⎯⎯⎯⎯⎯⎯⎯⎯⎯⎯⎯⎯⎯⎯⎯⎯⎯⎯⎯⎯⎯⎯[5/9]⎯

 FAIL  packages/server/src/modules/park_carpool/parkCarpoolDomain.test.ts > PRD route and input regressions > rejects calendar rollover and timezone-less departure
AssertionError: expected [Function] to throw an error

- Expected:
null

+ Received:
undefined

 ❯ packages/server/src/modules/park_carpool/parkCarpoolDomain.test.ts:190:86
    188|   it('rejects calendar rollover and timezone-less departure', () => {
    189|     const base = intent('self');
    190|     expect(() => normalizeCarpoolIntentInput({ ...base, travelDate: '2…
       |                                                                                      ^
    191|     expect(() => normalizeCarpoolIntentInput({ ...base, departureTime:…
    192|   });

⎯⎯⎯⎯⎯⎯⎯⎯⎯⎯⎯⎯⎯⎯⎯⎯⎯⎯⎯⎯⎯⎯⎯⎯[6/9]⎯

 FAIL  packages/server/src/modules/park_carpool/parkCarpoolService.test.ts > publish race and date regressions > rejects a departure outside the selected Shanghai date before planning
AssertionError: promise resolved "{ travelDate: '2026-09-02', …(17) }" instead of rejecting

- Expected
+ Received

- Error {
-   "message": "rejected promise",
+ {
+   "accountId": "self",
+   "createdAt": "2026-09-02T09:00:00.000Z",
+   "departureTime": "2026-09-03T10:30:00.000Z",
+   "destination": {
+     "coordinate": {
+       "latitude": 40.17,
+       "longitude": 116.31,
+     },
+     "label": "回龙观地铁站",
+   },
+   "displayName": "张某",
+   "expiresAt": "2026-09-03T11:00:00.000Z",
+   "flexibleMinutes": 30,
+   "id": "intent-new",
+   "lastConfirmedAt": "2026-09-02T09:00:00.000Z",
+   "organizationId": "org-a",
+   "organizationName": "甲企业",
+   "origin": {
+     "coordinate": {
+       "latitude": 40.22,
+       "longitude": 116.23,
+     },
+     "label": "北控宏创科技园南门",
+   },
+   "parkId": "park-a",
+   "route": {
+     "distanceMeters": 10000,
+     "durationSeconds": 1500,
+     "polyline": [
+       {
+         "latitude": 40.22,
+         "longitude": 116.23,
+       },
+       {
+         "latitude": 40.19,
+         "longitude": 116.28,
+       },
+       {
+         "latitude": 40.17,
+         "longitude": 116.31,
+       },
+     ],
+     "provider": "test-map",
+   },
+   "status": "active",
+   "travelDate": "2026-09-02",
+   "travelOptions": [
+     "rider",
+     "shared_taxi",
+   ],
+   "updatedAt": "2026-09-02T09:00:00.000Z",
  }

 ❯ packages/server/src/modules/park_carpool/parkCarpoolService.test.ts:204:112
    202|   it('rejects a departure outside the selected Shanghai date before pl…
    203|     const { service, provider } = createHarness();
    204|     await expect(service.publishIntent('self', { ...publishInput, depa…
       |                                                                                                                ^
    205|     expect(provider.planDrivingRoute).not.toHaveBeenCalled();
    206|   });

⎯⎯⎯⎯⎯⎯⎯⎯⎯⎯⎯⎯⎯⎯⎯⎯⎯⎯⎯⎯⎯⎯⎯⎯[7/9]⎯

 FAIL  packages/server/src/modules/park_carpool/parkCarpoolService.test.ts > publish race and date regressions > revalidates identity after planning
AssertionError: promise resolved "{ travelDate: '2026-09-02', …(17) }" instead of rejecting

- Expected
+ Received

- Error {
-   "message": "rejected promise",
+ {
+   "accountId": "self",
+   "createdAt": "2026-09-02T09:00:00.000Z",
+   "departureTime": "2026-09-02T10:30:00.000Z",
+   "destination": {
+     "coordinate": {
+       "latitude": 40.17,
+       "longitude": 116.31,
+     },
+     "label": "回龙观地铁站",
+   },
+   "displayName": "张某",
+   "expiresAt": "2026-09-02T11:00:00.000Z",
+   "flexibleMinutes": 30,
+   "id": "intent-new",
+   "lastConfirmedAt": "2026-09-02T09:00:00.000Z",
+   "organizationId": "org-a",
+   "organizationName": "甲企业",
+   "origin": {
+     "coordinate": {
+       "latitude": 40.22,
+       "longitude": 116.23,
+     },
+     "label": "北控宏创科技园南门",
+   },
+   "parkId": "park-a",
+   "route": {
+     "distanceMeters": 10000,
+     "durationSeconds": 1500,
+     "polyline": [
+       {
+         "latitude": 40.22,
+         "longitude": 116.23,
+       },
+       {
+         "latitude": 40.19,
+         "longitude": 116.28,
+       },
+       {
+         "latitude": 40.17,
+         "longitude": 116.31,
+       },
+     ],
+     "provider": "test-map",
+   },
+   "status": "active",
+   "travelDate": "2026-09-02",
+   "travelOptions": [
+     "rider",
+     "shared_taxi",
+   ],
+   "updatedAt": "2026-09-02T09:00:00.000Z",
  }

 ❯ packages/server/src/modules/park_carpool/parkCarpoolService.test.ts:213:61
    211|       return route;
    212|     });
    213|     await expect(service.publishIntent('self', publishInput)).rejects.…
       |                                                             ^
    214|     expect(store.saveIntent).not.toHaveBeenCalled();
    215|   });

⎯⎯⎯⎯⎯⎯⎯⎯⎯⎯⎯⎯⎯⎯⎯⎯⎯⎯⎯⎯⎯⎯⎯⎯[8/9]⎯

 FAIL  packages/server/src/modules/park_carpool/parkCarpoolService.test.ts > publish race and date regressions > does not revive an intent stopped during planning
AssertionError: promise resolved "{ travelDate: '2026-09-02', …(17) }" instead of rejecting

- Expected
+ Received

- Error {
-   "message": "rejected promise",
+ {
+   "accountId": "self",
+   "createdAt": "2026-09-02T09:00:00.000Z",
+   "departureTime": "2026-09-02T10:30:00.000Z",
+   "destination": {
+     "coordinate": {
+       "latitude": 40.17,
+       "longitude": 116.31,
+     },
+     "label": "回龙观地铁站",
+   },
+   "displayName": "张某",
+   "expiresAt": "2026-09-02T11:00:00.000Z",
+   "flexibleMinutes": 30,
+   "id": "intent-new",
+   "lastConfirmedAt": "2026-09-02T09:00:00.000Z",
+   "organizationId": "org-a",
+   "organizationName": "甲企业",
+   "origin": {
+     "coordinate": {
+       "latitude": 40.22,
+       "longitude": 116.23,
+     },
+     "label": "北控宏创科技园南门",
+   },
+   "parkId": "park-a",
+   "route": {
+     "distanceMeters": 10000,
+     "durationSeconds": 1500,
+     "polyline": [
+       {
+         "latitude": 40.22,
+         "longitude": 116.23,
+       },
+       {
+         "latitude": 40.19,
+         "longitude": 116.28,
+       },
+       {
+         "latitude": 40.17,
+         "longitude": 116.31,
+       },
+     ],
+     "provider": "test-map",
+   },
+   "status": "active",
+   "travelDate": "2026-09-02",
+   "travelOptions": [
+     "rider",
+     "shared_taxi",
+   ],
+   "updatedAt": "2026-09-02T09:00:00.000Z",
  }

 ❯ packages/server/src/modules/park_carpool/parkCarpoolService.test.ts:223:61
    221|       return route;
    222|     });
    223|     await expect(service.publishIntent('self', publishInput)).rejects.…
       |                                                             ^
    224|     expect((await service.getState('self')).currentIntent?.status).toB…
    225|   });

⎯⎯⎯⎯⎯⎯⎯⎯⎯⎯⎯⎯⎯⎯⎯⎯⎯⎯⎯⎯⎯⎯⎯⎯[9/9]⎯


 Test Files  2 failed (2)
      Tests  9 failed | 11 passed (20)
   Start at  08:54:46
   Duration  422ms (transform 50ms, setup 0ms, collect 57ms, tests 60ms, environment 0ms, prepare 85ms)
