
 RUN  v3.2.7 /Users/yang/Desktop/otto-carpool-fixed-91bc4e

(node:57476) ExperimentalWarning: SQLite is an experimental feature and might change at any time
(Use `node --trace-warnings ...` to show where the warning was created)
(node:57479) ExperimentalWarning: SQLite is an experimental feature and might change at any time
(Use `node --trace-warnings ...` to show where the warning was created)
(node:57480) ExperimentalWarning: SQLite is an experimental feature and might change at any time
(Use `node --trace-warnings ...` to show where the warning was created)
(node:57478) ExperimentalWarning: SQLite is an experimental feature and might change at any time
(Use `node --trace-warnings ...` to show where the warning was created)
 ✓ packages/server/src/modules/park_carpool/parkCarpoolMaintenance.integration.test.ts (4 tests) 2574ms
   ✓ PostgreSQL: expires without user reads, cleans precise positions and deletes own workflow facts  1366ms
   ✓ PostgreSQL: moving parks prunes old scope without deleting new valid intent  1172ms
(node:58342) ExperimentalWarning: SQLite is an experimental feature and might change at any time
(Use `node --trace-warnings ...` to show where the warning was created)
 ✓ packages/server/src/modules/park_carpool/parkCarpoolHttp.integration.test.ts (1 test) 48ms
 ✓ packages/server/src/modules/park_carpool/parkCarpoolTransport.integration.test.ts (6 tests) 3815ms
   ✓ PostgreSQL: public transport proves possession of the approved device key  1146ms
   ✓ PostgreSQL: expired unclaimed packages can be securely retired  1141ms
   ✓ PostgreSQL: actual native processes exchange ciphertext through authorized persistent transport  1270ms
(node:58392) ExperimentalWarning: SQLite is an experimental feature and might change at any time
(Use `node --trace-warnings ...` to show where the warning was created)
 ✓ packages/server/src/modules/park_carpool/parkCarpoolDomain.test.ts (14 tests) 13ms
 ✓ packages/server/src/modules/park_carpool/parkCarpoolGroupMatching.test.ts (5 tests) 12ms
 ✓ packages/server/src/modules/park_carpool/parkCarpoolRoutePreview.test.ts (3 tests) 10ms
 ✓ packages/server/src/modules/park_carpool/parkCarpoolResults.test.ts (1 test) 11ms
(node:58421) ExperimentalWarning: SQLite is an experimental feature and might change at any time
(Use `node --trace-warnings ...` to show where the warning was created)
 ✓ packages/server/src/modules/park_carpool/parkCarpoolService.test.ts (13 tests) 17ms
 ✓ packages/server/src/enterprise/parkCarpoolRoutes.test.ts (28 tests) 10ms
 ✓ packages/server/src/modules/park_carpool/amapParkCarpoolProvider.test.ts (3 tests) 6ms
 ✓ packages/server/src/modules/park_carpool/parkCarpoolConfig.test.ts (4 tests) 3ms
 ✓ packages/server/src/modules/park_carpool/parkCarpoolSqliteRepository.test.ts (5 tests) 9ms
 ✓ packages/server/src/modules/park_carpool/parkCarpoolRuntime.test.ts (1 test) 3ms
 ✓ packages/server/src/modules/park_carpool/parkCarpoolContract.integration.test.ts (6 tests) 7082ms
   ✓ real database carpool contract (synthetic map only) > postgres: publish, privacy, replay, concurrent updates, stop, identity revocation  1376ms
   ✓ SQLite: scans beyond 200 candidates before ranking/filtering and pages without duplicates  356ms
   ✓ PostgreSQL: scans beyond 200 candidates before ranking/filtering and pages without duplicates  3669ms
   ✓ PostgreSQL: evaluates group invitations across multiple planning batches  1546ms
 ✓ packages/server/src/modules/park_carpool/parkCarpoolMetrics.test.ts (1 test) 2ms
 ✓ packages/server/src/modules/park_carpool/parkCarpoolWorkflow.integration.test.ts (25 tests) 13692ms
   ✓ PostgreSQL persistent carpool requests > invalidates outstanding pair invitations on joining and allows blocking a fellow group member without a direct request  1307ms
   ✓ PostgreSQL persistent carpool requests > does not restore a candidate who stops accepting during group route planning  1157ms
   ✓ PostgreSQL persistent carpool requests > stopping new matches invalidates pending invitations without removing a group  1167ms
   ✓ PostgreSQL persistent carpool requests > matches and admits today’s intents when the same account has yesterday’s stored route  1081ms
   ✓ PostgreSQL persistent carpool requests > rechecks stopped target authorization in the same transaction that reads preview geometry  1081ms
   ✓ PostgreSQL persistent carpool requests > persists administrator public meeting points, denies member writes and protects edit versions  895ms
   ✓ PostgreSQL persistent carpool requests > requires a live match, deduplicates reverse requests, conceals ignore and accepts chat without grouping  912ms
   ✓ PostgreSQL persistent carpool requests > invalidates changed intent versions and enforces block in both directions  995ms
   ✓ PostgreSQL persistent carpool requests > accepts one explicit invitation atomically and never creates duplicate two-person groups  1070ms
   ✓ PostgreSQL persistent carpool requests > requires a new driver to confirm capacity and supports invitation into an existing group  902ms
   ✓ PostgreSQL persistent carpool requests > serializes the last place, rotates member generations, and persists leave-and-stop  937ms
   ✓ PostgreSQL persistent carpool requests > rolls back rather than expiring requests when a stored route cannot be decrypted  904ms
   ✓ uses a single PostgreSQL pool connection without nested borrowing  1134ms
 ✓ packages/server/src/modules/park_carpool/parkCarpoolRetention.test.ts (1 test) 1ms

 Test Files  17 passed (17)
      Tests  121 passed (121)
   Start at  20:10:17
   Duration  17.44s (transform 1.80s, setup 0ms, collect 16.80s, tests 27.31s, environment 2ms, prepare 743ms)


EXIT_CODE=0
