
 RUN  v3.2.7 /Users/yang/Desktop/otto-carpool-fixed-91bc4e/packages/server

(node:34451) ExperimentalWarning: SQLite is an experimental feature and might change at any time
(Use `node --trace-warnings ...` to show where the warning was created)
 ❯ src/modules/park_carpool/parkCarpoolTransport.integration.test.ts (6 tests | 1 failed | 3 skipped) 20ms
   ✓ SQLite: public transport proves possession of the approved device key 7ms
   ✓ SQLite: expired unclaimed packages can be securely retired 1ms
   × SQLite: actual native processes exchange ciphertext through authorized persistent transport 12ms
     → spawn /Users/yang/Desktop/otto-carpool-fixed-91bc4e/packages/server/otto-native/target/debug/otto-native ENOENT
   ↓ PostgreSQL: public transport proves possession of the approved device key
   ↓ PostgreSQL: expired unclaimed packages can be securely retired
   ↓ PostgreSQL: actual native processes exchange ciphertext through authorized persistent transport

⎯⎯⎯⎯⎯⎯⎯ Failed Tests 1 ⎯⎯⎯⎯⎯⎯⎯

 FAIL  src/modules/park_carpool/parkCarpoolTransport.integration.test.ts > SQLite: actual native processes exchange ciphertext through authorized persistent transport
Error: spawn /Users/yang/Desktop/otto-carpool-fixed-91bc4e/packages/server/otto-native/target/debug/otto-native ENOENT
⎯⎯⎯⎯⎯⎯⎯⎯⎯⎯⎯⎯⎯⎯⎯⎯⎯⎯⎯⎯⎯⎯⎯⎯[1/1]⎯


 Test Files  1 failed (1)
      Tests  1 failed | 2 passed | 3 skipped (6)
   Start at  20:05:28
   Duration  2.31s (transform 1.06s, setup 0ms, collect 2.17s, tests 20ms, environment 0ms, prepare 27ms)


EXIT_CODE=1
