
 RUN  v3.2.7 /Users/yang/Desktop/otto-new/packages/desktop

 ❯ src/renderer/components/ParkCarpoolDialog.test.tsx (2 tests | 1 failed) 3158ms
   ✓ 拼车助手界面 > 地图能力缺失时如实禁用发布，不展示虚构匹配 82ms
   × 拼车助手界面 > 用标准地点发布意向，并在提交前保留明确的隐私提示 3075ms
     → Unable to find an element with the text: /意向已发布，但结果刷新失败/. This could be because the text is broken up by multiple elements. In this case, you can provide a function for your text matcher to make your matcher more flexible.

Ignored nodes: comments, script, style
[36m<body>[39m
  [36m<div />[39m
  [36m<div[39m
    [33mclass[39m=[32m"otto-workspace-dialog-overlay"[39m
  [36m>[39m
    [36m<section[39m
      [33maria-label[39m=[32m"拼车助手"[39m
      [33maria-modal[39m=[32m"true"[39m
      [33mclass[39m=[32m"otto-workspace-dialog"[39m
      [33mrole[39m=[32m"dialog"[39m
    [36m>[39m
      [36m<header>[39m
        [36m<h2>[39m
          [0m拼车助手[0m
        [36m</h2>[39m
        [36m<button[39m
          [33maria-label[39m=[32m"关闭拼车助手"[39m
          [33mtype[39m=[32m"button"[39m
        [36m>[39m
          [0m×[0m
        [36m</button>[39m
      [36m</header>[39m
      [36m<div[39m
        [33mclass[39m=[32m"otto-workspace-dialog__body"[39m
      [36m>[39m
        [36m<section[39m
          [33mclass[39m=[32m"otto-carpool__hero"[39m
        [36m>[39m
          [36m<div>[39m
            [36m<strong>[39m
              [0m找到与你方向相近的园区伙伴[0m
            [36m</strong>[39m
            [36m<p>[39m
              [0mOtto 只提供信息发布、路线匹配和连接提示，不叫车、不收费，也不处理费用分摊。[0m
            [36m</p>[39m
          [36m</div>[39m
          [36m<span>[39m
            [0m尚未发布[0m
          [36m</span>[39m
        [36m</section>[39m
        [36m<p[39m
          [33mclass[39m=[32m"otto-carpool__chat-hint"[39m
        [36m>[39m
          [0m也可以直接在对话框说：“今天 18:30 从宏创园区南门到回龙观，想搭车，前后 30 分钟都可以”。Otto 会补问缺失信息并在发布前确认。[0m
        [36m</p>[39m
        [36m<p[39m
          [33mclass[39m=[32m"otto-workspace-dialog__error"[39m
          [33mrole[39m=[32m"alert"[39m
        [36m>[39m
          [0m刷新离线[0m
        [36m</p>[39m
        [36m<form[39m
          [33mclass[39m=[32m"otto-carpool__form"[39m
        [36m>[39m
          [36m<fieldset[39m
            [33mclass[39m=[32m"otto-carpool__place"[39m
          [36m>[39m
            [36m<legend>[39m
              [0m从哪里出发[0m
            [36m</legend>[39m
            [36m<p>[39m
              [0m优先选择园区出口或公共集合点，不建议填写办公室或地下车库。[0m
            [36m</p>[39m
            [36m<div>[39m
              [36m<input[39m
                [33mplaceholder[39m=[32m"搜索小区、地标或地址"[39m
                [33mvalue[39m=[32m"宏创园区南门"[39m
              [36m/>[39m
              [36m<button[39m
                [33mtype[39m=[32m"button"[39m
              [36m>[39m
                [0m搜索[0m
              [36m</button>[39m
            [36m</div>[39m
            [36m<div[39m
              [33maria-label[39m=[32m"从哪里出发候选地点"[39m
              [33mclass[39m=[32m"otto-carpool__places"[39m
              [33mrole[39m=[32m"listbox"[39m
            [36m>[39m
              [36m<button[39m
                [33maria-selected[39m=[32m"true"[39m
                [33mclass[39m=[32m"is-selected"[39m
                [33mrole[39m=[32m"option"[39m
                [33mtype[39m=[32m"button"[39m
              [36m>[39m
                [36m<strong>[39m
                  [0m宏创园区南门[0m
                [36m</strong>[39m
                [36m<span>[39m
                  [0m昌平区 · 七北路[0m
                [36m</span>[39m
              [36m</button>[39m
            [36m</div>[39m
          [36m</fieldset>[39m
          [36m<fieldset[39m
            [33mclass[39m=[32m"otto-carpool__place"[39m
          [36m>[39m
            [36m<legend>[39m
              [0m要去哪里[0m
            [36m</legend>[39m
            [36m<p>[39m
              [0m请选择标准地点；候选阶段不会展示精确坐标或住宅门牌。[0m
            [36m</p>[39m
            [36m<div>[39m
              [36m<input[39m
                [33mplaceholder[39m=[32m"搜索小区、地标或地址"[39m
                [33mvalue[39m=[32m"回龙观地铁站"[39m
              [36m/>[39m
              [36m<button[39m
                [33mtype[39m=[32m"button"[39m
              [36m>[39m
                [0m搜索[0m
              [36m</button>[39m
            [36m</div>[39m
            [36m<div[39m
              [33maria-label[39m=[32m"要去哪里候选地点"[39m
              [33mclass[39m=[32m"otto-carpool__places"[39m
              [33mrole[39m=[32m"listbox"[39m
            [36m>[39m
              [36m<button[39m
                [33maria-selected[39m=[32m"true"[39m
                [33mclass[39m=[32m"is-selected"[39m
                [33mrole[39m=[32m"option"[39m
                [33mtype[39m=[32m"button"[39m
              [36m>[39m
                [36m<strong>[39m
                  [0m回龙观地铁站[0m
                [36m</strong>[39m
                [36m<span>[39m
                  [0m昌平区 · 回龙观西大街[0m
                [36m</span>[39m
              [36m</button>[39m
            [36m</div>[39m
          [36m</fieldset>[39m
          [36m<div[39m
            [33mclass[39m=[32m"otto-carpool__row"[39m
          [36m>[39m
            [36m<label>[39m
              [36m<span>[39m
                [0m计划出发时间[0m
              [36m</span>[39m
              [36m<input[39m
                [33mmax[39m=[32m"2026-09-08T23:59"[39m
                [33mmin[39m=[32m"2026-09-08T00:00"[39m
                [33mtype[39m=[32m"datetime-local"[39m
                [33mvalue[39m=[32m"2026-09-08T18:30"[39m
              [36m/>[39m
            [36m</label>[39m
            [36m<label>[39m
              [36m<span>[39m
                [0m可接受前后[0m
              [36m</span>[39m
              [36m<select>[39m
                [36m<option[39m
                  [33mvalue[39m=[32m"10"[39m
                [36m>[39m
                  [0m10 分钟[0m
                [36m</option>[39m
                [36m<option[39m
                  [33mvalue[39m=[32m"20"[39m
                [36m>[39m
                  [0m20 分钟[0m
                [36m</option>[39m
                [36m<option[39m
                  [33mvalue[39m=[32m"30"[39m
                [36m>[39m
                  [0m30 分钟[0m
                [36m</option>[39m
                [36m<option[39m
                  [33mvalue[39m=[32m"45"[39m
                [36m>[39m
                  [0m45 分钟[0m
                [36m</option>[39m
                [36m<option[39m
                  [33mvalue[39m=[32m"60"[39m
                [36m>[39m
                  [0m60 分钟[0m
                [36m</option>[39m
              [36m</select>[39m
            [36m</label>[39m
          [36m</div>[39m
          [36m<fieldset[39m
            [33mclass[39m=[32m"otto-carpool__modes"[39m
          [36m>[39m
            [36m<legend>[39m
              [0m你愿意怎么同行（可多选）[0m
            [36m</legend>[39m
            [36m<div>[39m
              [36m<label>[39m
                [36m<input[39m
                  [33mtype[39m=[32m"checkbox"[39m
                [36m/>[39m
                [36m<strong>[39m
                  [0m我有车[0m
                [36m</strong>[39m
                [36m<span>[39m
                  [0m可以由我开车并顺路带人[0m
                [36m</span>[39m
              [36m</label>[39m
              [36m<label>[39m
                [36m<input[39m
                  [33mtype[39m=[32m"checkbox"[39m
                [36m/>[39m
                [36m<strong>[39m
                  [0m搭车[0m
                [36m</strong>[39m
                [36m<span>[39m
                  [0m搭乘同行伙伴的车[0m
                [36m</span>[39m
              [36m</label>[39m
              [36m<label>[39m
                [36m<input[39m
                  [33mtype[39m=[32m"checkbox"[39m
                [36m/>[39m
                [36m<strong>[39m
                  [0m一起叫车[0m
                [36m</strong>[39m
                [36m<span>[39m
                  [0m匹配后自行协商第三方叫车[0m
                [36m</span>[39m
              [36m</label>[39m
            [36m</div>[39m
            [36m<p>[39m
              [0m多选表示本次这几种方式都可以。“一起叫车”不会由 Otto 下单或计费。[0m
            [36m</p>[39m
          [36m</fieldset>[39m
          [36m<p[39m
            [33mclass[39m=[32m"otto-carpool__privacy"[39m
          [36m>[39m
            [0m提交后，你的通勤意向将对同园区且路线、时间符合条件的用户可见。你可以随时修改或停止寻找。[0m
          [36m</p>[39m
          [36m<div[39m
            [33mclass[39m=[32m"otto-carpool__actions"[39m
          [36m>[39m
            [36m<button[39m
              [33mtype[39m=[32m"submit"[39m
            [36m>[39m
              [0m发布并查找同路伙伴[0m
            [36m</button>[39m
            [36m<button[39m
              [33mclass[39m=[32m"is-secondary"[39m
              [33mdisabled[39m=[32m""[39m
              [33mtype[39m=[32m"button"[39m
            [36m>[39m
              [0m刷新结果[0m
            [36m</button>[39m
          [36m</div>[39m
        [36m</form>[39m
        [36m<section[39m
          [33maria-live[39m=[32m"polite"[39m
          [33mclass[39m=[32m"otto-carpool__results"[39m
        [36m>[39m
          [36m<header>[39m
            [36m<div>[39m
              [36m<h3>[39m
                [0m同行结果[0m
              [36m</h3>[39m
              [36m<p>[39m
                [0m发布同行意向后显示结果[0m
              [36m</p>[39m
            [36m</div>[39m
          [36m</header>[39m
        [36m</section>[39m
      [36m</div>[39m
    [36m</section>[39m
  [36m</div>[39m
[36m</body>[39m

Ignored nodes: comments, script, style
[36m<body>[39m
  [36m<div />[39m
  [36m<div[39m
    [33mclass[39m=[32m"otto-workspace-dialog-overlay"[39m
  [36m>[39m
    [36m<section[39m
      [33maria-label[39m=[32m"拼车助手"[39m
      [33maria-modal[39m=[32m"true"[39m
      [33mclass[39m=[32m"otto-workspace-dialog"[39m
      [33mrole[39m=[32m"dialog"[39m
    [36m>[39m
      [36m<header>[39m
        [36m<h2>[39m
          [0m拼车助手[0m
        [36m</h2>[39m
        [36m<button[39m
          [33maria-label[39m=[32m"关闭拼车助手"[39m
          [33mtype[39m=[32m"button"[39m
        [36m>[39m
          [0m×[0m
        [36m</button>[39m
      [36m</header>[39m
      [36m<div[39m
        [33mclass[39m=[32m"otto-workspace-dialog__body"[39m
      [36m>[39m
        [36m<section[39m
          [33mclass[39m=[32m"otto-carpool__hero"[39m
        [36m>[39m
          [36m<div>[39m
            [36m<strong>[39m
              [0m找到与你方向相近的园区伙伴[0m
            [36m</strong>[39m
            [36m<p>[39m
              [0mOtto 只提供信息发布、路线匹配和连接提示，不叫车、不收费，也不处理费用分摊。[0m
            [36m</p>[39m
          [36m</div>[39m
          [36m<span>[39m
            [0m尚未发布[0m
          [36m</span>[39m
        [36m</section>[39m
        [36m<p[39m
          [33mclass[39m=[32m"otto-carpool__chat-hint"[39m
        [36m>[39m
          [0m也可以直接在对话框说：“今天 18:30 从宏创园区南门到回龙观，想搭车，前后 30 分钟都可以”。Otto 会补问缺失信息并在发布前确认。[0m
        [36m</p>[39m
        [36m<p[39m
          [33mclass[39m=[32m"otto-workspace-dialog__error"[39m
          [33mrole[39m=[32m"alert"[39m
        [36m>[39m
          [0m刷新离线[0m
        [36m</p>[39m
        [36m<form[39m
          [33mclass[39m=[32m"otto-carpool__form"[39m
        [36m>[39m
          [36m<fieldset[39m
            [33mclass[39m=[32m"otto-carpool__place"[39m
          [36m>[39m
            [36m<legend>[39m
              [0m从哪里出发[0m
            [36m</legend>[39m
            [36m<p>[39m
              [0m优先选择园区出口或公共集合点，不建议填写办公室或地下车库。[0m
            [36m</p>[39m
            [36m<div>[39m
              [36m<input[39m
                [33mplaceholder[39m=[32m"搜索小区、地标或地址"[39m
                [33mvalue[39m=[32m"宏创园区南门"[39m
              [36m/>[39m
              [36m<button[39m
                [33mtype[39m=[32m"button"[39m
              [36m>[39m
                [0m搜索[0m
              [36m</button>[39m
            [36m</div>[39m
            [36m<div[39m
              [33maria-label[39m=[32m"从哪里出发候选地点"[39m
              [33mclass[39m=[32m"otto-carpool__places"[39m
              [33mrole[39m=[32m"listbox"[39m
            [36m>[39m
              [36m<button[39m
                [33maria-selected[39m=[32m"true"[39m
                [33mclass[39m=[32m"is-selected"[39m
                [33mrole[39m=[32m"option"[39m
                [33mtype[39m=[32m"button"[39m
              [36m>[39m
                [36m<strong>[39m
                  [0m宏创园区南门[0m
                [36m</strong>[39m
                [36m<span>[39m
                  [0m昌平区 · 七北路[0m
                [36m</span>[39m
              [36m</button>[39m
            [36m</div>[39m
          [36m</fieldset>[39m
          [36m<fieldset[39m
            [33mclass[39m=[32m"otto-carpool__place"[39m
          [36m>[39m
            [36m<legend>[39m
              [0m要去哪里[0m
            [36m</legend>[39m
            [36m<p>[39m
              [0m请选择标准地点；候选阶段不会展示精确坐标或住宅门牌。[0m
            [36m</p>[39m
            [36m<div>[39m
              [36m<input[39m
                [33mplaceholder[39m=[32m"搜索小区、地标或地址"[39m
                [33mvalue[39m=[32m"回龙观地铁站"[39m
              [36m/>[39m
              [36m<button[39m
                [33mtype[39m=[32m"button"[39m
              [36m>[39m
                [0m搜索[0m
              [36m</button>[39m
            [36m</div>[39m
            [36m<div[39m
              [33maria-label[39m=[32m"要去哪里候选地点"[39m
              [33mclass[39m=[32m"otto-carpool__places"[39m
              [33mrole[39m=[32m"listbox"[39m
            [36m>[39m
              [36m<button[39m
                [33maria-selected[39m=[32m"true"[39m
                [33mclass[39m=[32m"is-selected"[39m
                [33mrole[39m=[32m"option"[39m
                [33mtype[39m=[32m"button"[39m
              [36m>[39m
                [36m<strong>[39m
                  [0m回龙观地铁站[0m
                [36m</strong>[39m
                [36m<span>[39m
                  [0m昌平区 · 回龙观西大街[0m
                [36m</span>[39m
              [36m</button>[39m
            [36m</div>[39m
          [36m</fieldset>[39m
          [36m<div[39m
            [33mclass[39m=[32m"otto-carpool__row"[39m
          [36m>[39m
            [36m<label>[39m
              [36m<span>[39m
                [0m计划出发时间[0m
              [36m</span>[39m
              [36m<input[39m
                [33mmax[39m=[32m"2026-09-08T23:59"[39m
                [33mmin[39m=[32m"2026-09-08T00:00"[39m
                [33mtype[39m=[32m"datetime-local"[39m
                [33mvalue[39m=[32m"2026-09-08T18:30"[39m
              [36m/>[39m
            [36m</label>[39m
            [36m<label>[39m
              [36m<span>[39m
                [0m可接受前后[0m
              [36m</span>[39m
              [36m<select>[39m
                [36m<option[39m
                  [33mvalue[39m=[32m"10"[39m
                [36m>[39m
                  [0m10 分钟[0m
                [36m</option>[39m
                [36m<option[39m
                  [33mvalue[39m=[32m"20"[39m
                [36m>[39m
                  [0m20 分钟[0m
                [36m</option>[39m
                [36m<option[39m
                  [33mvalue[39m=[32m"30"[39m
                [36m>[39m
                  [0m30 分钟[0m
                [36m</option>[39m
                [36m<option[39m
                  [33mvalue[39m=[32m"45"[39m
                [36m>[39m
                  [0m45 分钟[0m
                [36m</option>[39m
                [36m<option[39m
                  [33mvalue[39m=[32m"60"[39m
                [36m>[39m
                  [0m60 分钟[0m
                [36m</option>[39m
              [36m</select>[39m
            [36m</label>[39m
          [36m</div>[39m
          [36m<fieldset[39m
            [33mclass[39m=[32m"otto-carpool__modes"[39m
          [36m>[39m
            [36m<legend>[39m
              [0m你愿意怎么同行（可多选）[0m
            [36m</legend>[39m
            [36m<div>[39m
              [36m<label>[39m
                [36m<input[39m
                  [33mtype[39m=[32m"checkbox"[39m
                [36m/>[39m
                [36m<strong>[39m
                  [0m我有车[0m
                [36m</strong>[39m
                [36m<span>[39m
                  [0m可以由我开车并顺路带人[0m
                [36m</span>[39m
              [36m</label>[39m
              [36m<label>[39m
                [36m<input[39m
                  [33mtype[39m=[32m"checkbox"[39m
                [36m/>[39m
                [36m<strong>[39m
                  [0m搭车[0m
                [36m</strong>[39m
                [36m<span>[39m
                  [0m搭乘同行伙伴的车[0m
                [36m</span>[39m
              [36m</label>[39m
              [36m<label>[39m
                [36m<input[39m
                  [33mtype[39m=[32m"checkbox"[39m
                [36m/>[39m
                [36m<strong>[39m
                  [0m一起叫车[0m
                [36m</strong>[39m
                [36m<span>[39m
                  [0m匹配后自行协商第三方叫车[0m
                [36m</span>[39m
              [36m</label>[39m
            [36m</div>[39m
            [36m<p>[39m
              [0m多选表示本次这几种方式都可以。“一起叫车”不会由 Otto 下单或计费。[0m
            [36m</p>[39m
          [36m</fieldset>[39m
          [36m<p[39m
            [33mclass[39m=[32m"otto-carpool__privacy"[39m
          [36m>[39m
            [0m提交后，你的通勤意向将对同园区且路线、时间符合条件的用户可见。你可以随时修改或停止寻找。[0m
          [36m</p>[39m
          [36m<div[39m
            [33mclass[39m=[32m"otto-carpool__actions"[39m
          [36m>[39m
            [36m<button[39m
              [33mtype[39m=[32m"submit"[39m
            [36m>[39m
              [0m发布并查找同路伙伴[0m
            [36m</button>[39m
            [36m<button[39m
              [33mclass[39m=[32m"is-secondary"[39m
              [33mdisabled[39m=[32m""[39m
              [33mtype[39m=[32m"button"[39m
            [36m>[39m
              [0m刷新结果[0m
            [36m</button>[39m
          [36m</div>[39m
        [36m</form>[39m
        [36m<section[39m
          [33maria-live[39m=[32m"polite"[39m
          [33mclass[39m=[32m"otto-carpool__results"[39m
        [36m>[39m
          [36m<header>[39m
            [36m<div>[39m
              [36m<h3>[39m
                [0m同行结果[0m
              [36m</h3>[39m
              [36m<p>[39m
                [0m发布同行意向后显示结果[0m
              [36m</p>[39m
            [36m</div>[39m
          [36m</header>[39m
        [36m</section>[39m
      [36m</div>[39m
    [36m</section>[39m
  [36m</div>[39m
[36m</body>[39m

⎯⎯⎯⎯⎯⎯⎯ Failed Tests 1 ⎯⎯⎯⎯⎯⎯⎯

 FAIL  src/renderer/components/ParkCarpoolDialog.test.tsx > 拼车助手界面 > 用标准地点发布意向，并在提交前保留明确的隐私提示
TestingLibraryElementError: Unable to find an element with the text: /意向已发布，但结果刷新失败/. This could be because the text is broken up by multiple elements. In this case, you can provide a function for your text matcher to make your matcher more flexible.

Ignored nodes: comments, script, style
[36m<body>[39m
  [36m<div />[39m
  [36m<div[39m
    [33mclass[39m=[32m"otto-workspace-dialog-overlay"[39m
  [36m>[39m
    [36m<section[39m
      [33maria-label[39m=[32m"拼车助手"[39m
      [33maria-modal[39m=[32m"true"[39m
      [33mclass[39m=[32m"otto-workspace-dialog"[39m
      [33mrole[39m=[32m"dialog"[39m
    [36m>[39m
      [36m<header>[39m
        [36m<h2>[39m
          [0m拼车助手[0m
        [36m</h2>[39m
        [36m<button[39m
          [33maria-label[39m=[32m"关闭拼车助手"[39m
          [33mtype[39m=[32m"button"[39m
        [36m>[39m
          [0m×[0m
        [36m</button>[39m
      [36m</header>[39m
      [36m<div[39m
        [33mclass[39m=[32m"otto-workspace-dialog__body"[39m
      [36m>[39m
        [36m<section[39m
          [33mclass[39m=[32m"otto-carpool__hero"[39m
        [36m>[39m
          [36m<div>[39m
            [36m<strong>[39m
              [0m找到与你方向相近的园区伙伴[0m
            [36m</strong>[39m
            [36m<p>[39m
              [0mOtto 只提供信息发布、路线匹配和连接提示，不叫车、不收费，也不处理费用分摊。[0m
            [36m</p>[39m
          [36m</div>[39m
          [36m<span>[39m
            [0m尚未发布[0m
          [36m</span>[39m
        [36m</section>[39m
        [36m<p[39m
          [33mclass[39m=[32m"otto-carpool__chat-hint"[39m
        [36m>[39m
          [0m也可以直接在对话框说：“今天 18:30 从宏创园区南门到回龙观，想搭车，前后 30 分钟都可以”。Otto 会补问缺失信息并在发布前确认。[0m
        [36m</p>[39m
        [36m<p[39m
          [33mclass[39m=[32m"otto-workspace-dialog__error"[39m
          [33mrole[39m=[32m"alert"[39m
        [36m>[39m
          [0m刷新离线[0m
        [36m</p>[39m
        [36m<form[39m
          [33mclass[39m=[32m"otto-carpool__form"[39m
        [36m>[39m
          [36m<fieldset[39m
            [33mclass[39m=[32m"otto-carpool__place"[39m
          [36m>[39m
            [36m<legend>[39m
              [0m从哪里出发[0m
            [36m</legend>[39m
            [36m<p>[39m
              [0m优先选择园区出口或公共集合点，不建议填写办公室或地下车库。[0m
            [36m</p>[39m
            [36m<div>[39m
              [36m<input[39m
                [33mplaceholder[39m=[32m"搜索小区、地标或地址"[39m
                [33mvalue[39m=[32m"宏创园区南门"[39m
              [36m/>[39m
              [36m<button[39m
                [33mtype[39m=[32m"button"[39m
              [36m>[39m
                [0m搜索[0m
              [36m</button>[39m
            [36m</div>[39m
            [36m<div[39m
              [33maria-label[39m=[32m"从哪里出发候选地点"[39m
              [33mclass[39m=[32m"otto-carpool__places"[39m
              [33mrole[39m=[32m"listbox"[39m
            [36m>[39m
              [36m<button[39m
                [33maria-selected[39m=[32m"true"[39m
                [33mclass[39m=[32m"is-selected"[39m
                [33mrole[39m=[32m"option"[39m
                [33mtype[39m=[32m"button"[39m
              [36m>[39m
                [36m<strong>[39m
                  [0m宏创园区南门[0m
                [36m</strong>[39m
                [36m<span>[39m
                  [0m昌平区 · 七北路[0m
                [36m</span>[39m
              [36m</button>[39m
            [36m</div>[39m
          [36m</fieldset>[39m
          [36m<fieldset[39m
            [33mclass[39m=[32m"otto-carpool__place"[39m
          [36m>[39m
            [36m<legend>[39m
              [0m要去哪里[0m
            [36m</legend>[39m
            [36m<p>[39m
              [0m请选择标准地点；候选阶段不会展示精确坐标或住宅门牌。[0m
            [36m</p>[39m
            [36m<div>[39m
              [36m<input[39m
                [33mplaceholder[39m=[32m"搜索小区、地标或地址"[39m
                [33mvalue[39m=[32m"回龙观地铁站"[39m
              [36m/>[39m
              [36m<button[39m
                [33mtype[39m=[32m"button"[39m
              [36m>[39m
                [0m搜索[0m
              [36m</button>[39m
            [36m</div>[39m
            [36m<div[39m
              [33maria-label[39m=[32m"要去哪里候选地点"[39m
              [33mclass[39m=[32m"otto-carpool__places"[39m
              [33mrole[39m=[32m"listbox"[39m
            [36m>[39m
              [36m<button[39m
                [33maria-selected[39m=[32m"true"[39m
                [33mclass[39m=[32m"is-selected"[39m
                [33mrole[39m=[32m"option"[39m
                [33mtype[39m=[32m"button"[39m
              [36m>[39m
                [36m<strong>[39m
                  [0m回龙观地铁站[0m
                [36m</strong>[39m
                [36m<span>[39m
                  [0m昌平区 · 回龙观西大街[0m
                [36m</span>[39m
              [36m</button>[39m
            [36m</div>[39m
          [36m</fieldset>[39m
          [36m<div[39m
            [33mclass[39m=[32m"otto-carpool__row"[39m
          [36m>[39m
            [36m<label>[39m
              [36m<span>[39m
                [0m计划出发时间[0m
              [36m</span>[39m
              [36m<input[39m
                [33mmax[39m=[32m"2026-09-08T23:59"[39m
                [33mmin[39m=[32m"2026-09-08T00:00"[39m
                [33mtype[39m=[32m"datetime-local"[39m
                [33mvalue[39m=[32m"2026-09-08T18:30"[39m
              [36m/>[39m
            [36m</label>[39m
            [36m<label>[39m
              [36m<span>[39m
                [0m可接受前后[0m
              [36m</span>[39m
              [36m<select>[39m
                [36m<option[39m
                  [33mvalue[39m=[32m"10"[39m
                [36m>[39m
                  [0m10 分钟[0m
                [36m</option>[39m
                [36m<option[39m
                  [33mvalue[39m=[32m"20"[39m
                [36m>[39m
                  [0m20 分钟[0m
                [36m</option>[39m
                [36m<option[39m
                  [33mvalue[39m=[32m"30"[39m
                [36m>[39m
                  [0m30 分钟[0m
                [36m</option>[39m
                [36m<option[39m
                  [33mvalue[39m=[32m"45"[39m
                [36m>[39m
                  [0m45 分钟[0m
                [36m</option>[39m
                [36m<option[39m
                  [33mvalue[39m=[32m"60"[39m
                [36m>[39m
                  [0m60 分钟[0m
                [36m</option>[39m
              [36m</select>[39m
            [36m</label>[39m
          [36m</div>[39m
          [36m<fieldset[39m
            [33mclass[39m=[32m"otto-carpool__modes"[39m
          [36m>[39m
            [36m<legend>[39m
              [0m你愿意怎么同行（可多选）[0m
            [36m</legend>[39m
            [36m<div>[39m
              [36m<label>[39m
                [36m<input[39m
                  [33mtype[39m=[32m"checkbox"[39m
                [36m/>[39m
                [36m<strong>[39m
                  [0m我有车[0m
                [36m</strong>[39m
                [36m<span>[39m
                  [0m可以由我开车并顺路带人[0m
                [36m</span>[39m
              [36m</label>[39m
              [36m<label>[39m
                [36m<input[39m
                  [33mtype[39m=[32m"checkbox"[39m
                [36m/>[39m
                [36m<strong>[39m
                  [0m搭车[0m
                [36m</strong>[39m
                [36m<span>[39m
                  [0m搭乘同行伙伴的车[0m
                [36m</span>[39m
              [36m</label>[39m
              [36m<label>[39m
                [36m<input[39m
                  [33mtype[39m=[32m"checkbox"[39m
                [36m/>[39m
                [36m<strong>[39m
                  [0m一起叫车[0m
                [36m</strong>[39m
                [36m<span>[39m
                  [0m匹配后自行协商第三方叫车[0m
                [36m</span>[39m
              [36m</label>[39m
            [36m</div>[39m
            [36m<p>[39m
              [0m多选表示本次这几种方式都可以。“一起叫车”不会由 Otto 下单或计费。[0m
            [36m</p>[39m
          [36m</fieldset>[39m
          [36m<p[39m
            [33mclass[39m=[32m"otto-carpool__privacy"[39m
          [36m>[39m
            [0m提交后，你的通勤意向将对同园区且路线、时间符合条件的用户可见。你可以随时修改或停止寻找。[0m
          [36m</p>[39m
          [36m<div[39m
            [33mclass[39m=[32m"otto-carpool__actions"[39m
          [36m>[39m
            [36m<button[39m
              [33mtype[39m=[32m"submit"[39m
            [36m>[39m
              [0m发布并查找同路伙伴[0m
            [36m</button>[39m
            [36m<button[39m
              [33mclass[39m=[32m"is-secondary"[39m
              [33mdisabled[39m=[32m""[39m
              [33mtype[39m=[32m"button"[39m
            [36m>[39m
              [0m刷新结果[0m
            [36m</button>[39m
          [36m</div>[39m
        [36m</form>[39m
        [36m<section[39m
          [33maria-live[39m=[32m"polite"[39m
          [33mclass[39m=[32m"otto-carpool__results"[39m
        [36m>[39m
          [36m<header>[39m
            [36m<div>[39m
              [36m<h3>[39m
                [0m同行结果[0m
              [36m</h3>[39m
              [36m<p>[39m
                [0m发布同行意向后显示结果[0m
              [36m</p>[39m
            [36m</div>[39m
          [36m</header>[39m
        [36m</section>[39m
      [36m</div>[39m
    [36m</section>[39m
  [36m</div>[39m
[36m</body>[39m

Ignored nodes: comments, script, style
[36m<body>[39m
  [36m<div />[39m
  [36m<div[39m
    [33mclass[39m=[32m"otto-workspace-dialog-overlay"[39m
  [36m>[39m
    [36m<section[39m
      [33maria-label[39m=[32m"拼车助手"[39m
      [33maria-modal[39m=[32m"true"[39m
      [33mclass[39m=[32m"otto-workspace-dialog"[39m
      [33mrole[39m=[32m"dialog"[39m
    [36m>[39m
      [36m<header>[39m
        [36m<h2>[39m
          [0m拼车助手[0m
        [36m</h2>[39m
        [36m<button[39m
          [33maria-label[39m=[32m"关闭拼车助手"[39m
          [33mtype[39m=[32m"button"[39m
        [36m>[39m
          [0m×[0m
        [36m</button>[39m
      [36m</header>[39m
      [36m<div[39m
        [33mclass[39m=[32m"otto-workspace-dialog__body"[39m
      [36m>[39m
        [36m<section[39m
          [33mclass[39m=[32m"otto-carpool__hero"[39m
        [36m>[39m
          [36m<div>[39m
            [36m<strong>[39m
              [0m找到与你方向相近的园区伙伴[0m
            [36m</strong>[39m
            [36m<p>[39m
              [0mOtto 只提供信息发布、路线匹配和连接提示，不叫车、不收费，也不处理费用分摊。[0m
            [36m</p>[39m
          [36m</div>[39m
          [36m<span>[39m
            [0m尚未发布[0m
          [36m</span>[39m
        [36m</section>[39m
        [36m<p[39m
          [33mclass[39m=[32m"otto-carpool__chat-hint"[39m
        [36m>[39m
          [0m也可以直接在对话框说：“今天 18:30 从宏创园区南门到回龙观，想搭车，前后 30 分钟都可以”。Otto 会补问缺失信息并在发布前确认。[0m
        [36m</p>[39m
        [36m<p[39m
          [33mclass[39m=[32m"otto-workspace-dialog__error"[39m
          [33mrole[39m=[32m"alert"[39m
        [36m>[39m
          [0m刷新离线[0m
        [36m</p>[39m
        [36m<form[39m
          [33mclass[39m=[32m"otto-carpool__form"[39m
        [36m>[39m
          [36m<fieldset[39m
            [33mclass[39m=[32m"otto-carpool__place"[39m
          [36m>[39m
            [36m<legend>[39m
              [0m从哪里出发[0m
            [36m</legend>[39m
            [36m<p>[39m
              [0m优先选择园区出口或公共集合点，不建议填写办公室或地下车库。[0m
            [36m</p>[39m
            [36m<div>[39m
              [36m<input[39m
                [33mplaceholder[39m=[32m"搜索小区、地标或地址"[39m
                [33mvalue[39m=[32m"宏创园区南门"[39m
              [36m/>[39m
              [36m<button[39m
                [33mtype[39m=[32m"button"[39m
              [36m>[39m
                [0m搜索[0m
              [36m</button>[39m
            [36m</div>[39m
            [36m<div[39m
              [33maria-label[39m=[32m"从哪里出发候选地点"[39m
              [33mclass[39m=[32m"otto-carpool__places"[39m
              [33mrole[39m=[32m"listbox"[39m
            [36m>[39m
              [36m<button[39m
                [33maria-selected[39m=[32m"true"[39m
                [33mclass[39m=[32m"is-selected"[39m
                [33mrole[39m=[32m"option"[39m
                [33mtype[39m=[32m"button"[39m
              [36m>[39m
                [36m<strong>[39m
                  [0m宏创园区南门[0m
                [36m</strong>[39m
                [36m<span>[39m
                  [0m昌平区 · 七北路[0m
                [36m</span>[39m
              [36m</button>[39m
            [36m</div>[39m
          [36m</fieldset>[39m
          [36m<fieldset[39m
            [33mclass[39m=[32m"otto-carpool__place"[39m
          [36m>[39m
            [36m<legend>[39m
              [0m要去哪里[0m
            [36m</legend>[39m
            [36m<p>[39m
              [0m请选择标准地点；候选阶段不会展示精确坐标或住宅门牌。[0m
            [36m</p>[39m
            [36m<div>[39m
              [36m<input[39m
                [33mplaceholder[39m=[32m"搜索小区、地标或地址"[39m
                [33mvalue[39m=[32m"回龙观地铁站"[39m
              [36m/>[39m
              [36m<button[39m
                [33mtype[39m=[32m"button"[39m
              [36m>[39m
                [0m搜索[0m
              [36m</button>[39m
            [36m</div>[39m
            [36m<div[39m
              [33maria-label[39m=[32m"要去哪里候选地点"[39m
              [33mclass[39m=[32m"otto-carpool__places"[39m
              [33mrole[39m=[32m"listbox"[39m
            [36m>[39m
              [36m<button[39m
                [33maria-selected[39m=[32m"true"[39m
                [33mclass[39m=[32m"is-selected"[39m
                [33mrole[39m=[32m"option"[39m
                [33mtype[39m=[32m"button"[39m
              [36m>[39m
                [36m<strong>[39m
                  [0m回龙观地铁站[0m
                [36m</strong>[39m
                [36m<span>[39m
                  [0m昌平区 · 回龙观西大街[0m
                [36m</span>[39m
              [36m</button>[39m
            [36m</div>[39m
          [36m</fieldset>[39m
          [36m<div[39m
            [33mclass[39m=[32m"otto-carpool__row"[39m
          [36m>[39m
            [36m<label>[39m
              [36m<span>[39m
                [0m计划出发时间[0m
              [36m</span>[39m
              [36m<input[39m
                [33mmax[39m=[32m"2026-09-08T23:59"[39m
                [33mmin[39m=[32m"2026-09-08T00:00"[39m
                [33mtype[39m=[32m"datetime-local"[39m
                [33mvalue[39m=[32m"2026-09-08T18:30"[39m
              [36m/>[39m
            [36m</label>[39m
            [36m<label>[39m
              [36m<span>[39m
                [0m可接受前后[0m
              [36m</span>[39m
              [36m<select>[39m
                [36m<option[39m
                  [33mvalue[39m=[32m"10"[39m
                [36m>[39m
                  [0m10 分钟[0m
                [36m</option>[39m
                [36m<option[39m
                  [33mvalue[39m=[32m"20"[39m
                [36m>[39m
                  [0m20 分钟[0m
                [36m</option>[39m
                [36m<option[39m
                  [33mvalue[39m=[32m"30"[39m
                [36m>[39m
                  [0m30 分钟[0m
                [36m</option>[39m
                [36m<option[39m
                  [33mvalue[39m=[32m"45"[39m
                [36m>[39m
                  [0m45 分钟[0m
                [36m</option>[39m
                [36m<option[39m
                  [33mvalue[39m=[32m"60"[39m
                [36m>[39m
                  [0m60 分钟[0m
                [36m</option>[39m
              [36m</select>[39m
            [36m</label>[39m
          [36m</div>[39m
          [36m<fieldset[39m
            [33mclass[39m=[32m"otto-carpool__modes"[39m
          [36m>[39m
            [36m<legend>[39m
              [0m你愿意怎么同行（可多选）[0m
            [36m</legend>[39m
            [36m<div>[39m
              [36m<label>[39m
                [36m<input[39m
                  [33mtype[39m=[32m"checkbox"[39m
                [36m/>[39m
                [36m<strong>[39m
                  [0m我有车[0m
                [36m</strong>[39m
                [36m<span>[39m
                  [0m可以由我开车并顺路带人[0m
                [36m</span>[39m
              [36m</label>[39m
              [36m<label>[39m
                [36m<input[39m
                  [33mtype[39m=[32m"checkbox"[39m
                [36m/>[39m
                [36m<strong>[39m
                  [0m搭车[0m
                [36m</strong>[39m
                [36m<span>[39m
                  [0m搭乘同行伙伴的车[0m
                [36m</span>[39m
              [36m</label>[39m
              [36m<label>[39m
                [36m<input[39m
                  [33mtype[39m=[32m"checkbox"[39m
                [36m/>[39m
                [36m<strong>[39m
                  [0m一起叫车[0m
                [36m</strong>[39m
                [36m<span>[39m
                  [0m匹配后自行协商第三方叫车[0m
                [36m</span>[39m
              [36m</label>[39m
            [36m</div>[39m
            [36m<p>[39m
              [0m多选表示本次这几种方式都可以。“一起叫车”不会由 Otto 下单或计费。[0m
            [36m</p>[39m
          [36m</fieldset>[39m
          [36m<p[39m
            [33mclass[39m=[32m"otto-carpool__privacy"[39m
          [36m>[39m
            [0m提交后，你的通勤意向将对同园区且路线、时间符合条件的用户可见。你可以随时修改或停止寻找。[0m
          [36m</p>[39m
          [36m<div[39m
            [33mclass[39m=[32m"otto-carpool__actions"[39m
          [36m>[39m
            [36m<button[39m
              [33mtype[39m=[32m"submit"[39m
            [36m>[39m
              [0m发布并查找同路伙伴[0m
            [36m</button>[39m
            [36m<button[39m
              [33mclass[39m=[32m"is-secondary"[39m
              [33mdisabled[39m=[32m""[39m
              [33mtype[39m=[32m"button"[39m
            [36m>[39m
              [0m刷新结果[0m
            [36m</button>[39m
          [36m</div>[39m
        [36m</form>[39m
        [36m<section[39m
          [33maria-live[39m=[32m"polite"[39m
          [33mclass[39m=[32m"otto-carpool__results"[39m
        [36m>[39m
          [36m<header>[39m
            [36m<div>[39m
              [36m<h3>[39m
                [0m同行结果[0m
              [36m</h3>[39m
              [36m<p>[39m
                [0m发布同行意向后显示结果[0m
              [36m</p>[39m
            [36m</div>[39m
          [36m</header>[39m
        [36m</section>[39m
      [36m</div>[39m
    [36m</section>[39m
  [36m</div>[39m
[36m</body>[39m
 ❯ waitForWrapper ../../node_modules/@testing-library/dom/dist/wait-for.js:163:27
 ❯ ../../node_modules/@testing-library/dom/dist/query-helpers.js:86:33
 ❯ src/renderer/components/ParkCarpoolDialog.test.tsx:71:25
     69|       travelOptions: ['rider'],
     70|     })));
     71|     expect(await screen.findByText(/意向已发布，但结果刷新失败/)).toBeTruthy();
       |                         ^
     72|   });
     73| });

⎯⎯⎯⎯⎯⎯⎯⎯⎯⎯⎯⎯⎯⎯⎯⎯⎯⎯⎯⎯⎯⎯⎯⎯[1/1]⎯


 Test Files  1 failed (1)
      Tests  1 failed | 1 passed (2)
   Start at  09:00:08
   Duration  3.88s (transform 117ms, setup 77ms, collect 153ms, tests 3.16s, environment 275ms, prepare 57ms)
