
 RUN  v3.2.7 /Users/yang/Desktop/otto-new

(node:55317) ExperimentalWarning: SQLite is an experimental feature and might change at any time
(Use `node --trace-warnings ...` to show where the warning was created)
 ✓ integration/park-market/capacity.test.ts (1 test) 121951ms
   ✓ measures 100 concurrent reads against 100k persisted records / 10k active listings  121950ms
⎯⎯⎯⎯⎯⎯ Unhandled Errors ⎯⎯⎯⎯⎯⎯

Vitest caught 1 unhandled error during the test run.
This might cause false positive tests. Resolve unhandled errors to make sure your tests are not affected.

⎯⎯⎯⎯⎯⎯ Unhandled Error ⎯⎯⎯⎯⎯⎯⎯
Error: [vitest-worker]: Timeout calling "onTaskUpdate"
 ❯ Object.onTimeoutError node_modules/vitest/dist/chunks/rpc.-pEldfrD.js:53:10
 ❯ Timeout._onTimeout node_modules/vitest/dist/chunks/index.B521nVV-.js:59:62
 ❯ listOnTimeout node:internal/timers:608:17
 ❯ processTimers node:internal/timers:543:7

⎯⎯⎯⎯⎯⎯⎯⎯⎯⎯⎯⎯⎯⎯⎯⎯⎯⎯⎯⎯⎯⎯⎯⎯⎯⎯⎯⎯⎯⎯


 Test Files  1 passed (1)
      Tests  1 passed (1)
     Errors  1 error
   Start at  11:44:55
   Duration  124.38s (transform 1.16s, setup 0ms, collect 2.23s, tests 121.95s, environment 0ms, prepare 50ms)
