packages/server/src/modules/park_services/flea_market/fixtures/README.md 15ms (unchanged)
packages/server/src/modules/park_services/flea_market/fleaMarketAccess.test.ts 33ms (unchanged)
packages/server/src/modules/park_services/flea_market/fleaMarketAccess.ts 10ms (unchanged)
packages/server/src/modules/park_services/flea_market/fleaMarketAttachments.test.ts 10ms (unchanged)
packages/server/src/modules/park_services/flea_market/fleaMarketAttachments.ts 18ms (unchanged)
packages/server/src/modules/park_services/flea_market/fleaMarketBusinessContract.test.ts 8ms (unchanged)
packages/server/src/modules/park_services/flea_market/fleaMarketDiscovery.test.ts 5ms (unchanged)
packages/server/src/modules/park_services/flea_market/fleaMarketDiscovery.ts 12ms (unchanged)
packages/server/src/modules/park_services/flea_market/fleaMarketImageProcessing.test.ts 4ms (unchanged)
packages/server/src/modules/park_services/flea_market/fleaMarketImageProcessing.ts 3ms
packages/server/src/modules/park_services/flea_market/fleaMarketJobs.test.ts 3ms (unchanged)
packages/server/src/modules/park_services/flea_market/fleaMarketJobs.ts 9ms
packages/server/src/modules/park_services/flea_market/fleaMarketLifecycle.test.ts 6ms (unchanged)
packages/server/src/modules/park_services/flea_market/fleaMarketLifecycle.ts 7ms (unchanged)
packages/server/src/modules/park_services/flea_market/fleaMarketMigration.test.ts 1ms (unchanged)
packages/server/src/modules/park_services/flea_market/fleaMarketModeration.test.ts 4ms
packages/server/src/modules/park_services/flea_market/fleaMarketModeration.ts 8ms
packages/server/src/modules/park_services/flea_market/fleaMarketPostgresRepository.ts 3ms (unchanged)
packages/server/src/modules/park_services/flea_market/fleaMarketPublication.test.ts 3ms (unchanged)
packages/server/src/modules/park_services/flea_market/fleaMarketRepository.ts 1ms (unchanged)
packages/server/src/modules/park_services/flea_market/fleaMarketRepositoryContract.test.ts 3ms (unchanged)
packages/server/src/modules/park_services/flea_market/fleaMarketRequestLifecycle.test.ts 2ms (unchanged)
packages/server/src/modules/park_services/flea_market/fleaMarketRequestLifecycle.ts 1ms (unchanged)
packages/server/src/modules/park_services/flea_market/fleaMarketSchema.ts 1ms (unchanged)
packages/server/src/modules/park_services/flea_market/fleaMarketService.ts 14ms (unchanged)
packages/server/src/modules/park_services/flea_market/fleaMarketServiceLifecycle.test.ts 2ms (unchanged)
packages/server/src/modules/park_services/flea_market/fleaMarketSqliteRepository.test.ts 3ms (unchanged)
packages/server/src/modules/park_services/flea_market/fleaMarketSqliteRepository.ts 2ms (unchanged)
packages/server/src/modules/park_services/flea_market/fleaMarketTestSupport.ts 5ms (unchanged)
packages/server/src/modules/park_services/flea_market/fleaMarketTypes.ts 5ms (unchanged)
packages/server/src/modules/park_services/flea_market/fleaMarketUnitOfWork.ts 5ms (unchanged)
packages/server/src/modules/park_services/flea_market/fleaMarketValidation.test.ts 4ms (unchanged)
packages/server/src/modules/park_services/flea_market/fleaMarketValidation.ts 5ms (unchanged)
packages/server/src/modules/park_services/flea_market/index.ts 1ms (unchanged)
