
 RUN  v3.2.7 /Users/yang/Desktop/otto-new/packages/server

(node:90800) ExperimentalWarning: SQLite is an experimental feature and might change at any time
(Use `node --trace-warnings ...` to show where the warning was created)
 ❯ src/modules/park_services/flea_market/fleaMarketJobs.test.ts (1 test | 1 failed) 44ms
   × expires once across two workers, persists notification across restart and cleans content at 180 days 43ms
     → expected { title: '办公椅', …(30) } to match object { state: 'offline', …(1) }
(29 matching properties omitted from actual)

⎯⎯⎯⎯⎯⎯⎯ Failed Tests 1 ⎯⎯⎯⎯⎯⎯⎯

 FAIL  src/modules/park_services/flea_market/fleaMarketJobs.test.ts > expires once across two workers, persists notification across restart and cleans content at 180 days
AssertionError: expected { title: '办公椅', …(30) } to match object { state: 'offline', …(1) }
(29 matching properties omitted from actual)

- Expected
+ Received

  {
-   "offlineReason": "expired",
-   "state": "offline",
+   "offlineReason": null,
+   "state": "active",
  }

 ❯ src/modules/park_services/flea_market/fleaMarketJobs.test.ts:12:47
     10|     const listing=await service.publish('seller',{...testListingFields…
     11|     time=listing.expiresAt; await Promise.all([runMarketJobs(deps),run…
     12|     expect((await service.mine('seller'))[0]).toMatchObject({state:'of…
       |                                               ^
     13|     const notifications=await h.repository.read(tx=>tx.all('SELECT * F…
     14|     await h.restart(); expect(await h.repository.read(tx=>tx.all('SELE…

⎯⎯⎯⎯⎯⎯⎯⎯⎯⎯⎯⎯⎯⎯⎯⎯⎯⎯⎯⎯⎯⎯⎯⎯[1/1]⎯


 Test Files  1 failed (1)
      Tests  1 failed (1)
   Start at  09:39:48
   Duration  3.11s (transform 1.42s, setup 0ms, collect 2.92s, tests 44ms, environment 0ms, prepare 45ms)
