
 RUN  v3.2.7 /Users/yang/Desktop/otto-carpool-fixed-91bc4e

 ✓ packages/server/src/modules/authorization/enterpriseRoutePolicy.test.ts (5 tests) 2ms
 ✓ packages/server/src/modules/authorization/commercialRoutePolicy.test.ts (41 tests) 3ms
(node:25178) ExperimentalWarning: SQLite is an experimental feature and might change at any time
(Use `node --trace-warnings ...` to show where the warning was created)
stdout | integration/park-market/authenticated-flow.test.ts > real enterprise login and membership authority drive cross-company publish / encrypted contact / reply / reserve / sale HTTP flow
[Otto Enterprise] 服务端运行于 http://127.0.0.1:0
[Otto Enterprise] 账号管理: http://localhost:0/enterprise/admin
[Otto Enterprise] 企业引入: https://59.110.154.44:7777/enterprise/join/{邀请码}
[Otto Enterprise] 老板看板: http://localhost:0/enterprise/dashboard
[Otto Enterprise] 数据: ~/.otto-enterprise/data.db（本地，零云端）
[Otto Enterprise] 已使用环境中配置的平台管理令牌（不会输出令牌内容）
[Otto Enterprise] 积分管理: http://localhost:0/enterprise/admin/credits
[Otto Enterprise] Ctrl+C 停止

 ✓ integration/park-market/authenticated-flow.test.ts (1 test) 1720ms
   ✓ real enterprise login and membership authority drive cross-company publish / encrypted contact / reply / reserve / sale HTTP flow  1720ms

 Test Files  3 passed (3)
      Tests  47 passed (47)
   Start at  22:37:58
   Duration  4.31s (transform 1.91s, setup 0ms, collect 2.51s, tests 1.73s, environment 0ms, prepare 101ms)
