
 RUN  v3.2.7 /Users/yang/Desktop/otto-carpool-fixed-91bc4e/packages/server

(node:10018) ExperimentalWarning: SQLite is an experimental feature and might change at any time
(Use `node --trace-warnings ...` to show where the warning was created)

⎯⎯⎯⎯⎯⎯ Failed Suites 1 ⎯⎯⎯⎯⎯⎯⎯

 FAIL  src/modules/collaboration/parkContactAttachments.test.ts [ src/modules/collaboration/parkContactAttachments.test.ts ]
Error: Cannot find module './parkContactAttachments.js' imported from '/Users/yang/Desktop/otto-carpool-fixed-91bc4e/packages/server/src/modules/collaboration/parkContactAttachments.test.ts'
 ❯ src/modules/collaboration/parkContactAttachments.test.ts:7:1
      5| import { join } from 'node:path';
      6| import { createEncryptedObjectStore } from '../data_platform/index.js';
      7| import { createParkContactAttachments } from './parkContactAttachments…
       | ^
      8| import { sqliteMarketHarness, postgresMarketHarness, marketServiceFixt…
      9| for (const [backend,harness] of [['sqlite',sqliteMarketHarness],['post…

Caused by: Error: Failed to load url ./parkContactAttachments.js (resolved id: ./parkContactAttachments.js) in /Users/yang/Desktop/otto-carpool-fixed-91bc4e/packages/server/src/modules/collaboration/parkContactAttachments.test.ts. Does the file exist?
 ❯ loadAndTransform ../../node_modules/vite/dist/node/chunks/config.js:22739:33

⎯⎯⎯⎯⎯⎯⎯⎯⎯⎯⎯⎯⎯⎯⎯⎯⎯⎯⎯⎯⎯⎯⎯⎯[1/1]⎯


 Test Files  1 failed (1)
      Tests  no tests
   Start at  20:20:38
   Duration  2.28s (transform 1.15s, setup 0ms, collect 0ms, tests 0ms, environment 0ms, prepare 30ms)
