
 RUN  v3.2.7 /Users/yang/Desktop/otto-carpool-fixed-91bc4e

 ❯ packages/server/src/modules/authorization/enterpriseRoutePolicy.test.ts (5 tests | 1 failed) 4ms
   × supplies authenticated membership to startup carpool requests without matching unrelated prefixes 3ms
     → expected false to be true // Object.is equality
   ✓ customer module route authorization > keeps authoring and installation on member sessions 0ms
   ✓ customer module route authorization > reserves public-market review and suspension for platform administration 0ms
   ✓ enterprise public profile and partnership route authorization > allows signed-in members to read public profile and star-map routes 0ms
   ✓ authenticates every market route as an account before market-scoped authorization 0ms

⎯⎯⎯⎯⎯⎯⎯ Failed Tests 1 ⎯⎯⎯⎯⎯⎯⎯

 FAIL  packages/server/src/modules/authorization/enterpriseRoutePolicy.test.ts > supplies authenticated membership to startup carpool requests without matching unrelated prefixes
AssertionError: expected false to be true // Object.is equality

- Expected
+ Received

- true
+ false

 ❯ packages/server/src/modules/authorization/enterpriseRoutePolicy.test.ts:5:119
      3|
      4| it('supplies authenticated membership to startup carpool requests with…
      5|   for (const route of ['/enterprise/park-carpool', '/enterprise/park-c…
       |                                                                                                                       ^
      6|   expect(isMemberRoute('/enterprise/park-carpooling')).toBe(false);
      7| });

⎯⎯⎯⎯⎯⎯⎯⎯⎯⎯⎯⎯⎯⎯⎯⎯⎯⎯⎯⎯⎯⎯⎯⎯[1/1]⎯


 Test Files  1 failed (1)
      Tests  1 failed | 4 passed (5)
   Start at  22:37:37
   Duration  141ms (transform 22ms, setup 0ms, collect 19ms, tests 4ms, environment 0ms, prepare 29ms)
