
 RUN  v3.2.7 /Users/yang/Desktop/otto-carpool-fixed-91bc4e

(node:71391) ExperimentalWarning: SQLite is an experimental feature and might change at any time
(Use `node --trace-warnings ...` to show where the warning was created)
 ❯ integration/park-market/authenticated-flow.test.ts (1 test | 1 failed) 1059ms
   × real enterprise login and membership authority drive cross-company publish / encrypted contact / reply / reserve / sale HTTP flow 1059ms
     → expected [ 'maintenance-worker' ] to deeply equal []

⎯⎯⎯⎯⎯⎯⎯ Failed Tests 1 ⎯⎯⎯⎯⎯⎯⎯

 FAIL  integration/park-market/authenticated-flow.test.ts > real enterprise login and membership authority drive cross-company publish / encrypted contact / reply / reserve / sale HTTP flow
AssertionError: expected [ 'maintenance-worker' ] to deeply equal []

- Expected
+ Received

- []
+ [
+   "maintenance-worker",
+ ]

 ❯ integration/park-market/authenticated-flow.test.ts:77:39
     75|   await new Promise<void>((resolve) => server.listen(0, '127.0.0.1', r…
     76|   await runtime.initialize();
     77|   expect(runtime.readiness().blocked).toEqual([]);
       |                                       ^
     78|   expect(runtime.readiness()).toMatchObject({ready:true,mode:'isolated…
     79|   const base = `http://127.0.0.1:${(server.address() as { port: number…

⎯⎯⎯⎯⎯⎯⎯⎯⎯⎯⎯⎯⎯⎯⎯⎯⎯⎯⎯⎯⎯⎯⎯⎯[1/1]⎯


 Test Files  1 failed (1)
      Tests  1 failed (1)
   Start at  21:47:12
   Duration  3.44s (transform 1.64s, setup 0ms, collect 2.25s, tests 1.06s, environment 0ms, prepare 30ms)
