
 RUN  v3.2.7 /Users/yang/Desktop/otto-carpool-fixed-91bc4e

(node:12943) ExperimentalWarning: SQLite is an experimental feature and might change at any time
(Use `node --trace-warnings ...` to show where the warning was created)
 ✓ integration/park-market/encrypted-flow.test.ts (4 tests) 34119ms
   ✓ sqlite/envelope: real device encryption survives lost response, offline seller, reply and database restart without plaintext on server  739ms
   ✓ postgres/envelope: real device encryption survives lost response, offline seller, reply and database restart without plaintext on server  4987ms
   ✓ sqlite/native MLS: real device encryption survives lost response, offline seller, reply and database restart without plaintext on server  9300ms
   ✓ postgres/native MLS: real device encryption survives lost response, offline seller, reply and database restart without plaintext on server  19090ms
(node:17177) ExperimentalWarning: SQLite is an experimental feature and might change at any time
(Use `node --trace-warnings ...` to show where the warning was created)
stdout | integration/park-market/authenticated-flow.test.ts > real enterprise login and membership authority drive cross-company publish / encrypted contact / reply / reserve / sale HTTP flow
[Otto Enterprise] 服务端运行于 http://127.0.0.1:0
[Otto Enterprise] 账号管理: http://localhost:0/enterprise/admin
[Otto Enterprise] 企业引入: https://59.110.154.44:7777/enterprise/join/{邀请码}
[Otto Enterprise] 老板看板: http://localhost:0/enterprise/dashboard
[Otto Enterprise] 数据: ~/.otto-enterprise/data.db（本地，零云端）
[Otto Enterprise] 已使用环境中配置的平台管理令牌（不会输出令牌内容）
[Otto Enterprise] 积分管理: http://localhost:0/enterprise/admin/credits
[Otto Enterprise] Ctrl+C 停止

 ✓ integration/park-market/authenticated-flow.test.ts (1 test) 12120ms
   ✓ real enterprise login and membership authority drive cross-company publish / encrypted contact / reply / reserve / sale HTTP flow  12118ms

 Test Files  2 passed (2)
      Tests  5 passed (5)
   Start at  23:30:42
   Duration  70.88s (transform 13.93s, setup 0ms, collect 23.34s, tests 46.24s, environment 1ms, prepare 289ms)
