integration/park-market/authenticated-flow.test.ts 210ms
integration/park-market/capacity.test.ts 72ms
integration/park-market/conversation-capacity.test.ts 23ms
integration/park-market/encrypted-flow.test.ts 92ms
packages/desktop/src/main/park-market-messaging.test.ts 23ms
packages/desktop/src/main/park-market-messaging.ts 96ms
packages/desktop/src/main/park-market-mls.ts 61ms
packages/desktop/src/main/park-market.ts 21ms
packages/desktop/src/renderer/components/MarketContactCenter.test.tsx 21ms
packages/desktop/src/renderer/components/MarketContactCenter.tsx 209ms
packages/desktop/src/renderer/components/ParkMarketDialog.test.tsx 86ms
packages/desktop/src/renderer/components/ParkMarketDialog.tsx 325ms
packages/server/src/modules/collaboration/parkContactAttachments.test.ts 17ms
packages/server/src/modules/collaboration/parkContactAttachments.ts 33ms
packages/server/src/modules/park_services/flea_market/fleaMarketApplication.ts 38ms
packages/server/src/modules/park_services/flea_market/fleaMarketContacts.ts 83ms
packages/server/src/modules/park_services/flea_market/fleaMarketDiscovery.ts 40ms
packages/server/src/modules/park_services/flea_market/fleaMarketHttp.ts 44ms
packages/server/src/modules/park_services/flea_market/fleaMarketJobs.test.ts 15ms
packages/server/src/modules/park_services/flea_market/fleaMarketJobs.ts 31ms
packages/server/src/modules/park_services/flea_market/fleaMarketObjectStore.ts 9ms
packages/server/src/modules/park_services/flea_market/fleaMarketPostgresRuntime.ts 17ms
packages/server/src/modules/park_services/flea_market/fleaMarketReadiness.test.ts 10ms
packages/server/src/modules/park_services/flea_market/fleaMarketReadiness.ts 12ms
packages/server/src/modules/park_services/flea_market/fleaMarketRemoteReferences.test.ts 13ms
packages/server/src/modules/park_services/flea_market/fleaMarketRepairRaces.test.ts 17ms
packages/server/src/modules/park_services/flea_market/fleaMarketSchema.ts 8ms
packages/server/src/modules/park_services/flea_market/fleaMarketSearchIndex.test.ts 32ms
packages/server/src/modules/park_services/flea_market/fleaMarketSearchIndex.ts 22ms
packages/server/src/modules/park_services/flea_market/fleaMarketSqliteRuntime.ts 8ms (unchanged)
