
 RUN  v3.2.7 /Users/yang/Desktop/otto-carpool-fixed-91bc4e/packages/server

(node:6744) ExperimentalWarning: SQLite is an experimental feature and might change at any time
(Use `node --trace-warnings ...` to show where the warning was created)
(node:6746) ExperimentalWarning: SQLite is an experimental feature and might change at any time
(Use `node --trace-warnings ...` to show where the warning was created)
(node:6745) ExperimentalWarning: SQLite is an experimental feature and might change at any time
(Use `node --trace-warnings ...` to show where the warning was created)
(node:6743) ExperimentalWarning: SQLite is an experimental feature and might change at any time
(Use `node --trace-warnings ...` to show where the warning was created)
 ✓ src/modules/park_services/flea_market/fleaMarketBusinessContract.test.ts (4 tests) 4020ms
   ✓ PostgreSQL business contract > enforces the last daily quota under parallel requests and atomically binds every successful image  1642ms
   ✓ PostgreSQL business contract > preserves state/version/privacy on conflicting writes, market pause and database restart  2196ms
(node:7022) ExperimentalWarning: SQLite is an experimental feature and might change at any time
(Use `node --trace-warnings ...` to show where the warning was created)
 ✓ src/modules/park_services/flea_market/fleaMarketAcceptanceMatrix.test.ts (6 tests) 4913ms
   ✓ postgres: A14/A32/A38 keep grants per item and retry existing-conversation consultations without changing snapshots  1645ms
   ✓ postgres: A16/A17 serialize sale/contact and expiry/renewal races without resurrecting requests or expiring renewed content  1657ms
   ✓ postgres: A10 concurrent reverse consultations share one conversation and one pending request  1376ms
 ✓ src/modules/park_services/flea_market/fleaMarketRepositoryContract.test.ts (5 tests) 4963ms
   ✓ PostgreSQL real storage contract > serializes simultaneous retries and restores encrypted receipts after database restart  1893ms
   ✓ PostgreSQL real storage contract > rolls back failed commands including their quota and receipt  1665ms
   ✓ PostgreSQL snapshot reads do not serialize behind unrelated market writes  1292ms
(node:7063) ExperimentalWarning: SQLite is an experimental feature and might change at any time
(Use `node --trace-warnings ...` to show where the warning was created)
(node:7062) ExperimentalWarning: SQLite is an experimental feature and might change at any time
(Use `node --trace-warnings ...` to show where the warning was created)
 ✓ src/modules/park_services/flea_market/fleaMarketSearchIndex.test.ts (6 tests) 5486ms
   ✓ postgres: persists private substring candidates atomically, updates on edit, and recovers search after restart  1972ms
   ✓ postgres: preserves literal substring semantics and caches sellers only within one request  1759ms
   ✓ postgres: backfill is bounded, restartable and rollback-safe  1560ms
(node:7085) ExperimentalWarning: SQLite is an experimental feature and might change at any time
(Use `node --trace-warnings ...` to show where the warning was created)
 ✓ src/modules/park_services/flea_market/fleaMarketPersonalRecords.test.ts (2 tests) 1839ms
   ✓ postgres: hiding a removed own record survives park exit without deleting appeal or audit  1792ms
(node:7135) ExperimentalWarning: SQLite is an experimental feature and might change at any time
(Use `node --trace-warnings ...` to show where the warning was created)
 ✓ src/modules/park_services/flea_market/fleaMarketGovernance.test.ts (2 tests) 1989ms
   ✓ postgres: governance is scoped, versioned, persistent and never republishes restored listings  1923ms
(node:7317) ExperimentalWarning: SQLite is an experimental feature and might change at any time
(Use `node --trace-warnings ...` to show where the warning was created)
 ✓ src/modules/park_services/flea_market/fleaMarketInbox.test.ts (2 tests) 1821ms
   ✓ postgres: pages through same-timestamp notifications without duplicates and retains cross-device read state  1769ms
 ✓ src/modules/park_services/flea_market/fleaMarketHttp.integration.test.ts (2 tests) 2095ms
   ✓ postgres: HTTP uploads decoded private photos and enforces current permissions through publishing and moderation  1857ms
(node:7496) ExperimentalWarning: SQLite is an experimental feature and might change at any time
(Use `node --trace-warnings ...` to show where the warning was created)
(node:7495) ExperimentalWarning: SQLite is an experimental feature and might change at any time
(Use `node --trace-warnings ...` to show where the warning was created)
 ✓ src/modules/park_services/flea_market/fleaMarketContactPages.test.ts (2 tests) 2324ms
   ✓ postgres: pages all same-timestamp contact history without duplicates or another account's records  2230ms
 ✓ src/modules/park_services/flea_market/fleaMarketContacts.test.ts (2 tests) 1852ms
   ✓ postgres: atomically commits first question, snapshot, quota and notification; terminal requests never revive  1744ms
 ✓ src/modules/park_services/flea_market/fleaMarketStorageQuota.test.ts (1 test) 1599ms
   ✓ charges market images against the same tenant quota as ordinary attachments and releases exactly once  1598ms
 ✓ src/modules/park_services/flea_market/fleaMarketImageProcessing.test.ts (5 tests) 360ms
 ✓ src/modules/park_services/flea_market/fleaMarketMessageEvidence.test.ts (2 tests) 1628ms
   ✓ postgres: message reports expose only selected authorized evidence, including ended listings  1539ms
(node:8620) ExperimentalWarning: SQLite is an experimental feature and might change at any time
(Use `node --trace-warnings ...` to show where the warning was created)
(node:8619) ExperimentalWarning: SQLite is an experimental feature and might change at any time
(Use `node --trace-warnings ...` to show where the warning was created)
(node:8618) ExperimentalWarning: SQLite is an experimental feature and might change at any time
(Use `node --trace-warnings ...` to show where the warning was created)
(node:8623) ExperimentalWarning: SQLite is an experimental feature and might change at any time
(Use `node --trace-warnings ...` to show where the warning was created)
 ✓ src/modules/park_services/flea_market/fleaMarketMls.test.ts (1 test) 61ms
 ✓ src/modules/park_services/flea_market/fleaMarketPublication.test.ts (2 tests) 88ms
 ✓ src/modules/park_services/flea_market/fleaMarketDiscovery.test.ts (3 tests) 127ms
 ✓ src/modules/park_services/flea_market/fleaMarketAttachments.test.ts (2 tests) 107ms
(node:8627) ExperimentalWarning: SQLite is an experimental feature and might change at any time
(Use `node --trace-warnings ...` to show where the warning was created)
(node:8626) ExperimentalWarning: SQLite is an experimental feature and might change at any time
(Use `node --trace-warnings ...` to show where the warning was created)
(node:8630) ExperimentalWarning: SQLite is an experimental feature and might change at any time
(Use `node --trace-warnings ...` to show where the warning was created)
(node:8629) ExperimentalWarning: SQLite is an experimental feature and might change at any time
(Use `node --trace-warnings ...` to show where the warning was created)
 ✓ src/modules/park_services/flea_market/fleaMarketSettings.test.ts (1 test) 47ms
 ✓ src/modules/park_services/flea_market/fleaMarketJobs.test.ts (1 test) 52ms
 ✓ src/modules/park_services/flea_market/fleaMarketPrivateReuse.test.ts (1 test) 51ms
 ✓ src/modules/park_services/flea_market/fleaMarketModeration.test.ts (1 test) 53ms
(node:8639) ExperimentalWarning: SQLite is an experimental feature and might change at any time
(Use `node --trace-warnings ...` to show where the warning was created)
(node:8638) ExperimentalWarning: SQLite is an experimental feature and might change at any time
(Use `node --trace-warnings ...` to show where the warning was created)
 ✓ src/modules/park_services/flea_market/fleaMarketLifecycle.test.ts (8 tests) 4ms
(node:8640) ExperimentalWarning: SQLite is an experimental feature and might change at any time
(Use `node --trace-warnings ...` to show where the warning was created)
 ✓ src/modules/park_services/flea_market/fleaMarketValidation.test.ts (25 tests) 7ms
 ✓ src/modules/park_services/flea_market/fleaMarketSqliteRepository.test.ts (3 tests) 7ms
 ✓ src/modules/park_services/flea_market/fleaMarketServiceLifecycle.test.ts (1 test) 43ms
 ✓ src/modules/park_services/flea_market/fleaMarketRoles.test.ts (1 test) 34ms
 ✓ src/modules/park_services/flea_market/fleaMarketAccess.test.ts (4 tests) 1ms
 ✓ src/modules/park_services/flea_market/fleaMarketRequestLifecycle.test.ts (11 tests) 2ms
 ✓ src/modules/park_services/flea_market/fleaMarketMigration.test.ts (1 test) 2ms

 Test Files  29 passed (29)
      Tests  107 passed (107)
   Start at  20:20:03
   Duration  21.83s (transform 2.67s, setup 0ms, collect 45.07s, tests 35.57s, environment 3ms, prepare 1.52s)
