
 RUN  v3.2.7 /Users/yang/Desktop/otto-carpool-fixed-91bc4e/packages/desktop

 ❯ src/renderer/components/ParkMarketDialog.test.tsx (12 tests | 1 failed) 1744ms
   × keeps own records and drafts reachable when the market is paused and validates publication without dropping fields 54ms
     → Unable to find an element with the text: 搜索正在准备中，请稍后重试；仍可管理本人发布记录。. This could be because the text is broken up by multiple elements. In this case, you can provide a function for your text matcher to make your matcher more flexible.

Ignored nodes: comments, script, style
[36m<body>[39m
  [36m<div>[39m
    [36m<dialog[39m
      [33maria-labelledby[39m=[32m"park-market-title"[39m
      [33mclass[39m=[32m"park-market-dialog"[39m
      [33mopen[39m=[32m""[39m
    [36m>[39m
      [36m<header>[39m
        [36m<div>[39m
          [36m<h2[39m
            [33mid[39m=[32m"park-market-title"[39m
          [36m>[39m
            [0m园区跳蚤市场[0m
          [36m</h2>[39m
          [36m<p>[39m
            [0m仅本园区成员可见，交易由双方线下协商[0m
          [36m</p>[39m
        [36m</div>[39m
        [36m<button[39m
          [33maria-label[39m=[32m"关闭跳蚤市场"[39m
          [33mtype[39m=[32m"button"[39m
        [36m>[39m
          [0m关闭[0m
        [36m</button>[39m
      [36m</header>[39m
      [36m<nav[39m
        [33maria-label[39m=[32m"市场页面"[39m
      [36m>[39m
        [36m<button[39m
          [33mtype[39m=[32m"button"[39m
        [36m>[39m
          [0m逛市场[0m
        [36m</button>[39m
        [36m<button[39m
          [33maria-current[39m=[32m"page"[39m
          [33mtype[39m=[32m"button"[39m
        [36m>[39m
          [0m我的发布记录[0m
        [36m</button>[39m
        [36m<button[39m
          [33mtype[39m=[32m"button"[39m
        [36m>[39m
          [0m我的收藏[0m
        [36m</button>[39m
        [36m<button[39m
          [33mdisabled[39m=[32m""[39m
          [33mtype[39m=[32m"button"[39m
        [36m>[39m
          [0m发布闲置[0m
        [36m</button>[39m
      [36m</nav>[39m
      [36m<p[39m
        [33mrole[39m=[32m"status"[39m
      [36m>[39m
        [0m园区市场已暂停。[0m
        [0m本人发布记录仍可管理。[0m
      [36m</p>[39m
      [36m<nav[39m
        [33maria-label[39m=[32m"本人记录状态"[39m
      [36m>[39m
        [36m<button[39m
          [33maria-pressed[39m=[32m"true"[39m
          [33mtype[39m=[32m"button"[39m
        [36m>[39m
          [0m全部[0m
          [0m（[0m
          [0m1[0m
          [0m）[0m
        [36m</button>[39m
        [36m<button[39m
          [33maria-pressed[39m=[32m"false"[39m
          [33mtype[39m=[32m"button"[39m
        [36m>[39m
          [0m在售[0m
          [0m（[0m
          [0m0[0m
          [0m）[0m
        [36m</button>[39m
        [36m<button[39m
          [33maria-pressed[39m=[32m"false"[39m
          [33mtype[39m=[32m"button"[39m
        [36m>[39m
          [0m已预留[0m
          [0m（[0m
          [0m0[0m
          [0m）[0m
        [36m</button>[39m
        [36m<button[39m
          [33maria-pressed[39m=[32m"false"[39m
          [33mtype[39m=[32m"button"[39m
        [36m>[39m
          [0m已下架[0m
          [0m（[0m
          [0m1[0m
          [0m）[0m
        [36m</button>[39m
        [36m<button[39m
          [33maria-pressed[39m=[32m"false"[39m
          [33mtype[39m=[32m"button"[39m
        [36m>[39m
          [0m已售出[0m
          [0m（[0m
          [0m0[0m
          [0m）[0m
        [36m</button>[39m
        [36m<button[39m
          [33maria-pressed[39m=[32m"false"[39m
          [33mtype[39m=[32m"button"[39m
        [36m>[39m
          [0m管理员移除[0m
          [0m（[0m
          [0m0[0m
          [0m）[0m
        [36m</button>[39m
        [36m<button[39m
          [33maria-pressed[39m=[32m"false"[39m
          [33mtype[39m=[32m"button"[39m
        [36m>[39m
          [0m草稿[0m
          [0m（[0m
          [0m1[0m
          [0m）[0m
        [36m</button>[39m
      [36m</nav>[39m
      [36m<section>[39m
        [36m<h3>[39m
          [0m原园区：[0m
          [0mP[0m
        [36m</h3>[39m
        [36m<div[39m
          [33mclass[39m=[32m"park-market-grid"[39m
        [36m>[39m
          [36m<button[39m
            [33mclass[39m=[32m"park-market-card"[39m
            [33mtype[39m=[32m"button"[39m
          [36m>[39m
            [36m<strong>[39m
              [0m我的办公椅[0m
            [36m</strong>[39m
            [36m<span>[39m
              [0m¥10.00[0m
              [0m ·[0m
              [0m [0m
              [0m已下架[0m
            [36m</span>[39m
            [36m<small>[39m
              [0m原园区：[0m
              [0mP[0m
            [36m</small>[39m
          [36m</button>[39m
        [36m</div>[39m
      [36m</section>[39m
      [36m<section>[39m
        [36m<h3>[39m
          [0m本机草稿[0m
        [36m</h3>[39m
        [36m<div>[39m
          [36m<small>[39m
            [0m原园区：[0m
            [0m未选择园区[0m
          [36m</small>[39m
          [36m<button>[39m
            [0m草稿台灯[0m
          [36m</button>[39m
          [36m<button>[39m
            [0m删除草稿[0m
          [36m</button>[39m
        [36m</div>[39m
      [36m</section>[39m
      [36m<footer>[39m
        [36m<details>[39m
          [36m<summary>[39m
            [0m发布规则与处理联系人[0m
          [36m</summary>[39m
          [36m<p>[39m
            [0m个人闲置[0m
          [36m</p>[39m
          [36m<p>[39m
            [0m服务台[0m
          [36m</p>[39m
        [36m</details>[39m
      [36m</footer>[39m
    [36m</dialog>[39m
  [36m</div>[39m
[36m</body>[39m
   ✓ flushes the last input on save-and-close with the originating account scope 132ms
   ✓ remounts private form state when the same account id switches server or organization 48ms
   ✓ preserves expired draft text and identifies the failed photo with an independent retry 56ms
   ✓ shows per-image transfer progress and allows cancelling without dropping form text 75ms
   ✓ flushes unsaved text when switching away from the form without closing the market 82ms
   ✓ closes directly after the current form is durably saved  1048ms
   ✓ retains search, loaded cards and scroll position when returning from detail 61ms
   ✓ blocks publication while a restored draft image is unreadable and allows removing it 53ms
   ✓ filters own records by state with counts while keeping drafts reachable 32ms
   ✓ reuses the governance receipt after timeout and refreshes the completed report 50ms
   ✓ focuses the first invalid field after publication is rejected locally 52ms

⎯⎯⎯⎯⎯⎯⎯ Failed Tests 1 ⎯⎯⎯⎯⎯⎯⎯

 FAIL  src/renderer/components/ParkMarketDialog.test.tsx > keeps own records and drafts reachable when the market is paused and validates publication without dropping fields
TestingLibraryElementError: Unable to find an element with the text: 搜索正在准备中，请稍后重试；仍可管理本人发布记录。. This could be because the text is broken up by multiple elements. In this case, you can provide a function for your text matcher to make your matcher more flexible.

Ignored nodes: comments, script, style
[36m<body>[39m
  [36m<div>[39m
    [36m<dialog[39m
      [33maria-labelledby[39m=[32m"park-market-title"[39m
      [33mclass[39m=[32m"park-market-dialog"[39m
      [33mopen[39m=[32m""[39m
    [36m>[39m
      [36m<header>[39m
        [36m<div>[39m
          [36m<h2[39m
            [33mid[39m=[32m"park-market-title"[39m
          [36m>[39m
            [0m园区跳蚤市场[0m
          [36m</h2>[39m
          [36m<p>[39m
            [0m仅本园区成员可见，交易由双方线下协商[0m
          [36m</p>[39m
        [36m</div>[39m
        [36m<button[39m
          [33maria-label[39m=[32m"关闭跳蚤市场"[39m
          [33mtype[39m=[32m"button"[39m
        [36m>[39m
          [0m关闭[0m
        [36m</button>[39m
      [36m</header>[39m
      [36m<nav[39m
        [33maria-label[39m=[32m"市场页面"[39m
      [36m>[39m
        [36m<button[39m
          [33mtype[39m=[32m"button"[39m
        [36m>[39m
          [0m逛市场[0m
        [36m</button>[39m
        [36m<button[39m
          [33maria-current[39m=[32m"page"[39m
          [33mtype[39m=[32m"button"[39m
        [36m>[39m
          [0m我的发布记录[0m
        [36m</button>[39m
        [36m<button[39m
          [33mtype[39m=[32m"button"[39m
        [36m>[39m
          [0m我的收藏[0m
        [36m</button>[39m
        [36m<button[39m
          [33mdisabled[39m=[32m""[39m
          [33mtype[39m=[32m"button"[39m
        [36m>[39m
          [0m发布闲置[0m
        [36m</button>[39m
      [36m</nav>[39m
      [36m<p[39m
        [33mrole[39m=[32m"status"[39m
      [36m>[39m
        [0m园区市场已暂停。[0m
        [0m本人发布记录仍可管理。[0m
      [36m</p>[39m
      [36m<nav[39m
        [33maria-label[39m=[32m"本人记录状态"[39m
      [36m>[39m
        [36m<button[39m
          [33maria-pressed[39m=[32m"true"[39m
          [33mtype[39m=[32m"button"[39m
        [36m>[39m
          [0m全部[0m
          [0m（[0m
          [0m1[0m
          [0m）[0m
        [36m</button>[39m
        [36m<button[39m
          [33maria-pressed[39m=[32m"false"[39m
          [33mtype[39m=[32m"button"[39m
        [36m>[39m
          [0m在售[0m
          [0m（[0m
          [0m0[0m
          [0m）[0m
        [36m</button>[39m
        [36m<button[39m
          [33maria-pressed[39m=[32m"false"[39m
          [33mtype[39m=[32m"button"[39m
        [36m>[39m
          [0m已预留[0m
          [0m（[0m
          [0m0[0m
          [0m）[0m
        [36m</button>[39m
        [36m<button[39m
          [33maria-pressed[39m=[32m"false"[39m
          [33mtype[39m=[32m"button"[39m
        [36m>[39m
          [0m已下架[0m
          [0m（[0m
          [0m1[0m
          [0m）[0m
        [36m</button>[39m
        [36m<button[39m
          [33maria-pressed[39m=[32m"false"[39m
          [33mtype[39m=[32m"button"[39m
        [36m>[39m
          [0m已售出[0m
          [0m（[0m
          [0m0[0m
          [0m）[0m
        [36m</button>[39m
        [36m<button[39m
          [33maria-pressed[39m=[32m"false"[39m
          [33mtype[39m=[32m"button"[39m
        [36m>[39m
          [0m管理员移除[0m
          [0m（[0m
          [0m0[0m
          [0m）[0m
        [36m</button>[39m
        [36m<button[39m
          [33maria-pressed[39m=[32m"false"[39m
          [33mtype[39m=[32m"button"[39m
        [36m>[39m
          [0m草稿[0m
          [0m（[0m
          [0m1[0m
          [0m）[0m
        [36m</button>[39m
      [36m</nav>[39m
      [36m<section>[39m
        [36m<h3>[39m
          [0m原园区：[0m
          [0mP[0m
        [36m</h3>[39m
        [36m<div[39m
          [33mclass[39m=[32m"park-market-grid"[39m
        [36m>[39m
          [36m<button[39m
            [33mclass[39m=[32m"park-market-card"[39m
            [33mtype[39m=[32m"button"[39m
          [36m>[39m
            [36m<strong>[39m
              [0m我的办公椅[0m
            [36m</strong>[39m
            [36m<span>[39m
              [0m¥10.00[0m
              [0m ·[0m
              [0m [0m
              [0m已下架[0m
            [36m</span>[39m
            [36m<small>[39m
              [0m原园区：[0m
              [0mP[0m
            [36m</small>[39m
          [36m</button>[39m
        [36m</div>[39m
      [36m</section>[39m
      [36m<section>[39m
        [36m<h3>[39m
          [0m本机草稿[0m
        [36m</h3>[39m
        [36m<div>[39m
          [36m<small>[39m
            [0m原园区：[0m
            [0m未选择园区[0m
          [36m</small>[39m
          [36m<button>[39m
            [0m草稿台灯[0m
          [36m</button>[39m
          [36m<button>[39m
            [0m删除草稿[0m
          [36m</button>[39m
        [36m</div>[39m
      [36m</section>[39m
      [36m<footer>[39m
        [36m<details>[39m
          [36m<summary>[39m
            [0m发布规则与处理联系人[0m
          [36m</summary>[39m
          [36m<p>[39m
            [0m个人闲置[0m
          [36m</p>[39m
          [36m<p>[39m
            [0m服务台[0m
          [36m</p>[39m
        [36m</details>[39m
      [36m</footer>[39m
    [36m</dialog>[39m
  [36m</div>[39m
[36m</body>[39m
 ❯ Object.getElementError ../../node_modules/@testing-library/dom/dist/config.js:37:19
 ❯ ../../node_modules/@testing-library/dom/dist/query-helpers.js:76:38
 ❯ ../../node_modules/@testing-library/dom/dist/query-helpers.js:52:17
 ❯ ../../node_modules/@testing-library/dom/dist/query-helpers.js:95:19
 ❯ src/renderer/components/ParkMarketDialog.test.tsx:53:17
     51|   );
     52|   expect(await screen.findByText('我的办公椅')).toBeTruthy();
     53|   expect(screen.getByText('搜索正在准备中，请稍后重试；仍可管理本人发布记录。')).toBeTruthy();
       |                 ^
     54|   expect(screen.getByRole('heading', { name: '原园区：P' })).toBeTruthy();
     55|   expect(await screen.findByText('草稿台灯')).toBeTruthy();

⎯⎯⎯⎯⎯⎯⎯⎯⎯⎯⎯⎯⎯⎯⎯⎯⎯⎯⎯⎯⎯⎯⎯⎯[1/1]⎯


 Test Files  1 failed (1)
      Tests  1 failed | 11 passed (12)
   Start at  23:08:19
   Duration  2.95s (transform 195ms, setup 145ms, collect 225ms, tests 1.74s, environment 482ms, prepare 67ms)
