
 RUN  v3.2.7 /Users/yang/Desktop/otto-carpool-fixed-91bc4e/packages/desktop

 ✓ src/main/park-market-messaging.test.ts (2 tests) 44ms
stderr | src/renderer/components/MarketContactCenter.test.tsx > keeps attachment and request identity on send failure, rejects excess files and clears only after confirmation
An update to MarketConversation inside a test was not wrapped in act(...).

When testing, code that causes React state updates should be wrapped into act(...):

act(() => {
  /* fire events that update state */
});
/* assert on the output */

This ensures that you're testing the behavior the user would see in the browser. Learn more at https://react.dev/link/wrap-tests-with-act
An update to MarketConversation inside a test was not wrapped in act(...).

When testing, code that causes React state updates should be wrapped into act(...):

act(() => {
  /* fire events that update state */
});
/* assert on the output */

This ensures that you're testing the behavior the user would see in the browser. Learn more at https://react.dev/link/wrap-tests-with-act
An update to MarketConversation inside a test was not wrapped in act(...).

When testing, code that causes React state updates should be wrapped into act(...):

act(() => {
  /* fire events that update state */
});
/* assert on the output */

This ensures that you're testing the behavior the user would see in the browser. Learn more at https://react.dev/link/wrap-tests-with-act
An update to MarketConversation inside a test was not wrapped in act(...).

When testing, code that causes React state updates should be wrapped into act(...):

act(() => {
  /* fire events that update state */
});
/* assert on the output */

This ensures that you're testing the behavior the user would see in the browser. Learn more at https://react.dev/link/wrap-tests-with-act

stderr | src/renderer/components/MarketContactCenter.test.tsx > keeps attachment and request identity on send failure, rejects excess files and clears only after confirmation
An update to MarketConversation inside a test was not wrapped in act(...).

When testing, code that causes React state updates should be wrapped into act(...):

act(() => {
  /* fire events that update state */
});
/* assert on the output */

This ensures that you're testing the behavior the user would see in the browser. Learn more at https://react.dev/link/wrap-tests-with-act

stderr | src/renderer/components/MarketContactCenter.test.tsx > keeps attachment and request identity on send failure, rejects excess files and clears only after confirmation
An update to MarketContactCenter inside a test was not wrapped in act(...).

When testing, code that causes React state updates should be wrapped into act(...):

act(() => {
  /* fire events that update state */
});
/* assert on the output */

This ensures that you're testing the behavior the user would see in the browser. Learn more at https://react.dev/link/wrap-tests-with-act
An update to MarketContactCenter inside a test was not wrapped in act(...).

When testing, code that causes React state updates should be wrapped into act(...):

act(() => {
  /* fire events that update state */
});
/* assert on the output */

This ensures that you're testing the behavior the user would see in the browser. Learn more at https://react.dev/link/wrap-tests-with-act

 ✓ src/renderer/components/MarketContactCenter.test.tsx (2 tests) 268ms
 ✓ src/renderer/components/ParkMarketDialog.test.tsx (12 tests) 2078ms
   ✓ closes directly after the current form is durably saved  1061ms

 Test Files  3 passed (3)
      Tests  16 passed (16)
   Start at  23:10:50
   Duration  3.75s (transform 376ms, setup 463ms, collect 673ms, tests 2.39s, environment 2.02s, prepare 368ms)
