
 RUN  v3.2.7 /Users/yang/Desktop/otto-carpool-fixed-91bc4e/packages/server

(node:86789) ExperimentalWarning: SQLite is an experimental feature and might change at any time
(Use `node --trace-warnings ...` to show where the warning was created)
(node:86788) ExperimentalWarning: SQLite is an experimental feature and might change at any time
(Use `node --trace-warnings ...` to show where the warning was created)
(node:86790) ExperimentalWarning: SQLite is an experimental feature and might change at any time
(Use `node --trace-warnings ...` to show where the warning was created)
(node:86787) ExperimentalWarning: SQLite is an experimental feature and might change at any time
(Use `node --trace-warnings ...` to show where the warning was created)
 ✓ src/modules/park_services/flea_market/fleaMarketJobs.test.ts (2 tests) 139ms
(node:86807) ExperimentalWarning: SQLite is an experimental feature and might change at any time
(Use `node --trace-warnings ...` to show where the warning was created)
 ✓ src/modules/park_services/flea_market/fleaMarketAcceptanceMatrix.test.ts (6 tests) 3499ms
   ✓ postgres: A14/A32/A38 keep grants per item and retry existing-conversation consultations without changing snapshots  1189ms
   ✓ postgres: A16/A17 serialize sale/contact and expiry/renewal races without resurrecting requests or expiring renewed content  1090ms
   ✓ postgres: A10 concurrent reverse consultations share one conversation and one pending request  1048ms
 ✓ src/modules/park_services/flea_market/fleaMarketBusinessContract.test.ts (4 tests) 2528ms
   ✓ PostgreSQL business contract > enforces the last daily quota under parallel requests and atomically binds every successful image  1176ms
   ✓ PostgreSQL business contract > preserves state/version/privacy on conflicting writes, market pause and database restart  1248ms
 ✓ src/modules/park_services/flea_market/fleaMarketRepositoryContract.test.ts (5 tests) 3621ms
   ✓ PostgreSQL real storage contract > serializes simultaneous retries and restores encrypted receipts after database restart  1456ms
   ✓ PostgreSQL real storage contract > rolls back failed commands including their quota and receipt  1060ms
   ✓ PostgreSQL snapshot reads do not serialize behind unrelated market writes  1010ms
(node:87071) ExperimentalWarning: SQLite is an experimental feature and might change at any time
(Use `node --trace-warnings ...` to show where the warning was created)
(node:87074) ExperimentalWarning: SQLite is an experimental feature and might change at any time
(Use `node --trace-warnings ...` to show where the warning was created)
(node:87075) ExperimentalWarning: SQLite is an experimental feature and might change at any time
(Use `node --trace-warnings ...` to show where the warning was created)
 ✓ src/modules/park_services/flea_market/fleaMarketSearchIndex.test.ts (6 tests) 4021ms
   ✓ postgres: persists private substring candidates atomically, updates on edit, and recovers search after restart  1482ms
   ✓ postgres: preserves literal substring semantics and caches sellers only within one request  1085ms
   ✓ postgres: backfill is bounded, restartable and rollback-safe  1300ms
(node:87089) ExperimentalWarning: SQLite is an experimental feature and might change at any time
(Use `node --trace-warnings ...` to show where the warning was created)
 ✓ src/modules/park_services/flea_market/fleaMarketContactPages.test.ts (2 tests) 1203ms
   ✓ postgres: pages all same-timestamp contact history without duplicates or another account's records  1153ms
 ✓ src/modules/park_services/flea_market/fleaMarketGovernance.test.ts (2 tests) 1128ms
   ✓ postgres: governance is scoped, versioned, persistent and never republishes restored listings  1069ms
 ✓ src/modules/park_services/flea_market/fleaMarketHttp.integration.test.ts (2 tests) 1191ms
   ✓ postgres: HTTP uploads decoded private photos and enforces current permissions through publishing and moderation  1058ms
(node:87164) ExperimentalWarning: SQLite is an experimental feature and might change at any time
(Use `node --trace-warnings ...` to show where the warning was created)
(node:87166) ExperimentalWarning: SQLite is an experimental feature and might change at any time
(Use `node --trace-warnings ...` to show where the warning was created)
(node:87177) ExperimentalWarning: SQLite is an experimental feature and might change at any time
(Use `node --trace-warnings ...` to show where the warning was created)
 ✓ src/modules/park_services/flea_market/fleaMarketContacts.test.ts (2 tests) 1204ms
   ✓ postgres: atomically commits first question, snapshot, quota and notification; terminal requests never revive  1144ms
(node:87182) ExperimentalWarning: SQLite is an experimental feature and might change at any time
(Use `node --trace-warnings ...` to show where the warning was created)
 ✓ src/modules/park_services/flea_market/fleaMarketInbox.test.ts (2 tests) 1152ms
   ✓ postgres: pages through same-timestamp notifications without duplicates and retains cross-device read state  1110ms
 ✓ src/modules/park_services/flea_market/fleaMarketMessageEvidence.test.ts (2 tests) 1096ms
   ✓ postgres: message reports expose only selected authorized evidence, including ended listings  1044ms
 ✓ src/modules/park_services/flea_market/fleaMarketPersonalRecords.test.ts (2 tests) 1387ms
   ✓ postgres: hiding a removed own record survives park exit without deleting appeal or audit  1336ms
(node:87279) ExperimentalWarning: SQLite is an experimental feature and might change at any time
(Use `node --trace-warnings ...` to show where the warning was created)
(node:87282) ExperimentalWarning: SQLite is an experimental feature and might change at any time
(Use `node --trace-warnings ...` to show where the warning was created)
 ✓ src/modules/park_services/flea_market/fleaMarketImageProcessing.test.ts (5 tests) 296ms
 ✓ src/modules/park_services/flea_market/fleaMarketStorageQuota.test.ts (1 test) 1124ms
   ✓ charges market images against the same tenant quota as ordinary attachments and releases exactly once  1124ms
(node:87285) ExperimentalWarning: SQLite is an experimental feature and might change at any time
(Use `node --trace-warnings ...` to show where the warning was created)
(node:87286) ExperimentalWarning: SQLite is an experimental feature and might change at any time
(Use `node --trace-warnings ...` to show where the warning was created)
 ✓ src/modules/park_services/flea_market/fleaMarketDiscovery.test.ts (3 tests) 99ms
 ✓ src/modules/park_services/flea_market/fleaMarketAttachments.test.ts (2 tests) 82ms
(node:87289) ExperimentalWarning: SQLite is an experimental feature and might change at any time
(Use `node --trace-warnings ...` to show where the warning was created)
(node:87291) ExperimentalWarning: SQLite is an experimental feature and might change at any time
(Use `node --trace-warnings ...` to show where the warning was created)
 ✓ src/modules/park_services/flea_market/fleaMarketMls.test.ts (1 test) 46ms
 ✓ src/modules/park_services/flea_market/fleaMarketPublication.test.ts (2 tests) 73ms
(node:87293) ExperimentalWarning: SQLite is an experimental feature and might change at any time
(Use `node --trace-warnings ...` to show where the warning was created)
(node:87294) ExperimentalWarning: SQLite is an experimental feature and might change at any time
(Use `node --trace-warnings ...` to show where the warning was created)
 ✓ src/modules/park_services/flea_market/fleaMarketModeration.test.ts (1 test) 47ms
 ✓ src/modules/park_services/flea_market/fleaMarketPrivateReuse.test.ts (1 test) 47ms
(node:87297) ExperimentalWarning: SQLite is an experimental feature and might change at any time
(Use `node --trace-warnings ...` to show where the warning was created)
 ✓ src/modules/park_services/flea_market/fleaMarketValidation.test.ts (25 tests) 7ms
 ✓ src/modules/park_services/flea_market/fleaMarketServiceLifecycle.test.ts (1 test) 49ms
 ✓ src/modules/park_services/flea_market/fleaMarketSettings.test.ts (1 test) 45ms
(node:87301) ExperimentalWarning: SQLite is an experimental feature and might change at any time
(Use `node --trace-warnings ...` to show where the warning was created)
 ✓ src/modules/park_services/flea_market/fleaMarketLifecycle.test.ts (8 tests) 8ms
 ✓ src/modules/park_services/flea_market/fleaMarketReadiness.test.ts (1 test) 8ms
 ✓ src/modules/park_services/flea_market/fleaMarketRequestLifecycle.test.ts (11 tests) 3ms
(node:87308) ExperimentalWarning: SQLite is an experimental feature and might change at any time
(Use `node --trace-warnings ...` to show where the warning was created)
 ✓ src/modules/park_services/flea_market/fleaMarketRoles.test.ts (1 test) 33ms
 ✓ src/modules/park_services/flea_market/fleaMarketSqliteRepository.test.ts (3 tests) 7ms
 ✓ src/modules/park_services/flea_market/fleaMarketMigration.test.ts (1 test) 1ms
 ✓ src/modules/park_services/flea_market/fleaMarketRemoteReferences.test.ts (1 test) 1261ms
   ✓ shared orphan collection retains staged and bound market chat objects independently of product images  1260ms
 ✓ src/modules/park_services/flea_market/fleaMarketAccess.test.ts (4 tests) 1ms

 Test Files  31 passed (31)
      Tests  110 passed (110)
   Start at  22:52:25
   Duration  16.05s (transform 1.44s, setup 0ms, collect 29.33s, tests 25.41s, environment 3ms, prepare 1.07s)
