
 RUN  v3.2.7 /Users/yang/Desktop/otto-carpool-fixed-91bc4e/packages/server

(node:76146) ExperimentalWarning: SQLite is an experimental feature and might change at any time
(Use `node --trace-warnings ...` to show where the warning was created)
 ✓ src/modules/park_services/flea_market/fleaMarketRepairRaces.test.ts (8 tests) 37898ms
   ✓ sqlite: renewal committed ahead of queued expiry cleanup cannot be overwritten by the old deadline  301ms
   ✓ sqlite: identity revocation holding the transaction blocks and rejects a queued first contact without a message  553ms
   ✓ postgres: renewal committed ahead of queued expiry cleanup cannot be overwritten by the old deadline  11591ms
   ✓ postgres: identity revocation holding the transaction blocks and rejects a queued first contact without a message  7121ms
   ✓ sqlite: report snapshot holding the write transaction survives a queued seller deletion  346ms
   ✓ postgres: committed draft renewal and publication protect the image from queued cleanup  8373ms
   ✓ postgres: report snapshot holding the write transaction survives a queued seller deletion  9405ms
(node:81900) ExperimentalWarning: SQLite is an experimental feature and might change at any time
(Use `node --trace-warnings ...` to show where the warning was created)
 ✓ src/modules/park_services/flea_market/fleaMarketSearchIndex.test.ts (6 tests) 15438ms
   ✓ sqlite: persists private substring candidates atomically, updates on edit, and recovers search after restart  996ms
   ✓ postgres: persists private substring candidates atomically, updates on edit, and recovers search after restart  6187ms
   ✓ postgres: preserves literal substring semantics and caches sellers only within one request  3910ms
   ✓ postgres: backfill is bounded, restartable and rollback-safe  3994ms
(node:84311) ExperimentalWarning: SQLite is an experimental feature and might change at any time
(Use `node --trace-warnings ...` to show where the warning was created)
 ✓ src/modules/park_services/flea_market/fleaMarketAcceptanceMatrix.test.ts (6 tests) 13526ms
   ✓ sqlite: A14/A32/A38 keep grants per item and retry existing-conversation consultations without changing snapshots  308ms
   ✓ postgres: A14/A32/A38 keep grants per item and retry existing-conversation consultations without changing snapshots  4735ms
   ✓ postgres: A16/A17 serialize sale/contact and expiry/renewal races without resurrecting requests or expiring renewed content  4368ms
   ✓ postgres: A10 concurrent reverse consultations share one conversation and one pending request  3771ms
(node:85523) ExperimentalWarning: SQLite is an experimental feature and might change at any time
(Use `node --trace-warnings ...` to show where the warning was created)
 ✓ src/modules/park_services/flea_market/fleaMarketRepositoryContract.test.ts (5 tests) 14082ms
   ✓ SQLite real storage contract > serializes simultaneous retries and restores encrypted receipts after database restart  368ms
   ✓ PostgreSQL real storage contract > serializes simultaneous retries and restores encrypted receipts after database restart  4503ms
   ✓ PostgreSQL real storage contract > rolls back failed commands including their quota and receipt  4547ms
   ✓ PostgreSQL snapshot reads do not serialize behind unrelated market writes  4496ms
(node:87269) ExperimentalWarning: SQLite is an experimental feature and might change at any time
(Use `node --trace-warnings ...` to show where the warning was created)
 ✓ src/modules/collaboration/parkContactAttachments.test.ts (2 tests) 8733ms
   ✓ sqlite: private attachment stages once, binds atomically, survives restart and never uses listing grants  486ms
   ✓ postgres: private attachment stages once, binds atomically, survives restart and never uses listing grants  8141ms
(node:88706) ExperimentalWarning: SQLite is an experimental feature and might change at any time
(Use `node --trace-warnings ...` to show where the warning was created)
 ✓ src/modules/park_services/flea_market/fleaMarketHttp.integration.test.ts (2 tests) 6877ms
   ✓ sqlite: HTTP uploads decoded private photos and enforces current permissions through publishing and moderation  642ms
   ✓ postgres: HTTP uploads decoded private photos and enforces current permissions through publishing and moderation  6232ms
(node:89471) ExperimentalWarning: SQLite is an experimental feature and might change at any time
(Use `node --trace-warnings ...` to show where the warning was created)
 ✓ src/modules/park_services/flea_market/fleaMarketBusinessContract.test.ts (4 tests) 17255ms
   ✓ SQLite business contract > enforces the last daily quota under parallel requests and atomically binds every successful image  617ms
   ✓ SQLite business contract > preserves state/version/privacy on conflicting writes, market pause and database restart  640ms
   ✓ PostgreSQL business contract > enforces the last daily quota under parallel requests and atomically binds every successful image  6057ms
   ✓ PostgreSQL business contract > preserves state/version/privacy on conflicting writes, market pause and database restart  9933ms
(node:94142) ExperimentalWarning: SQLite is an experimental feature and might change at any time
(Use `node --trace-warnings ...` to show where the warning was created)
 ✓ src/modules/park_services/flea_market/fleaMarketGovernance.test.ts (2 tests) 3910ms
   ✓ postgres: governance is scoped, versioned, persistent and never republishes restored listings  3652ms
(node:94945) ExperimentalWarning: SQLite is an experimental feature and might change at any time
(Use `node --trace-warnings ...` to show where the warning was created)
 ✓ src/modules/park_services/flea_market/fleaMarketMessageEvidence.test.ts (2 tests) 5068ms
   ✓ postgres: message reports expose only selected authorized evidence, including ended listings  4797ms
(node:96285) ExperimentalWarning: SQLite is an experimental feature and might change at any time
(Use `node --trace-warnings ...` to show where the warning was created)
 ✓ src/modules/park_services/flea_market/fleaMarketContactPages.test.ts (2 tests) 9177ms
   ✓ sqlite: pages all same-timestamp contact history without duplicates or another account's records  308ms
   ✓ postgres: pages all same-timestamp contact history without duplicates or another account's records  8858ms
(node:96813) ExperimentalWarning: SQLite is an experimental feature and might change at any time
(Use `node --trace-warnings ...` to show where the warning was created)
 ✓ src/modules/park_services/flea_market/fleaMarketStorageQuota.test.ts (1 test) 6357ms
   ✓ charges market images against the same tenant quota as ordinary attachments and releases exactly once  6355ms
(node:98011) ExperimentalWarning: SQLite is an experimental feature and might change at any time
(Use `node --trace-warnings ...` to show where the warning was created)
 ✓ src/modules/park_services/flea_market/fleaMarketContacts.test.ts (2 tests) 3529ms
   ✓ sqlite: atomically commits first question, snapshot, quota and notification; terminal requests never revive  379ms
   ✓ postgres: atomically commits first question, snapshot, quota and notification; terminal requests never revive  3148ms
(node:98445) ExperimentalWarning: SQLite is an experimental feature and might change at any time
(Use `node --trace-warnings ...` to show where the warning was created)
 ✓ src/modules/park_services/flea_market/fleaMarketRemoteReferences.test.ts (1 test) 3212ms
   ✓ shared orphan collection retains staged and bound market chat objects independently of product images  3211ms
(node:98481) ExperimentalWarning: SQLite is an experimental feature and might change at any time
(Use `node --trace-warnings ...` to show where the warning was created)
 ✓ src/modules/park_services/flea_market/fleaMarketPersonalRecords.test.ts (2 tests) 3236ms
   ✓ postgres: hiding a removed own record survives park exit without deleting appeal or audit  3091ms
(node:98527) ExperimentalWarning: SQLite is an experimental feature and might change at any time
(Use `node --trace-warnings ...` to show where the warning was created)
 ✓ src/modules/park_services/flea_market/fleaMarketInbox.test.ts (2 tests) 3213ms
   ✓ postgres: pages through same-timestamp notifications without duplicates and retains cross-device read state  3096ms
(node:98555) ExperimentalWarning: SQLite is an experimental feature and might change at any time
(Use `node --trace-warnings ...` to show where the warning was created)
 ✓ src/modules/park_services/flea_market/fleaMarketWorkerLifecycle.test.ts (2 tests) 5097ms
   ✓ sqlite: worker restarts are idempotent and obsolete stop callbacks cannot close a newer lifecycle  807ms
   ✓ postgres: worker restarts are idempotent and obsolete stop callbacks cannot close a newer lifecycle  4287ms
 ✓ src/modules/park_services/flea_market/fleaMarketImageProcessing.test.ts (5 tests) 1298ms
   ✓ decodes a real synthetic HEIC file into visible JPEG pixels  345ms
   ✓ decodes webp and does not retain metadata  310ms
(node:99295) ExperimentalWarning: SQLite is an experimental feature and might change at any time
(Use `node --trace-warnings ...` to show where the warning was created)
 ✓ src/modules/park_services/flea_market/fleaMarketJobs.test.ts (2 tests) 639ms
   ✓ expires once across two workers, persists notification across restart and cleans content at 180 days  397ms
(node:99301) ExperimentalWarning: SQLite is an experimental feature and might change at any time
(Use `node --trace-warnings ...` to show where the warning was created)
 ✓ src/modules/park_services/flea_market/fleaMarketDiscovery.test.ts (3 tests) 350ms
(node:99305) ExperimentalWarning: SQLite is an experimental feature and might change at any time
(Use `node --trace-warnings ...` to show where the warning was created)
 ✓ src/modules/park_services/flea_market/fleaMarketAttachments.test.ts (3 tests) 283ms
(node:99311) ExperimentalWarning: SQLite is an experimental feature and might change at any time
(Use `node --trace-warnings ...` to show where the warning was created)
 ✓ src/modules/park_services/flea_market/fleaMarketPublication.test.ts (2 tests) 313ms
(node:99316) ExperimentalWarning: SQLite is an experimental feature and might change at any time
(Use `node --trace-warnings ...` to show where the warning was created)
 ✓ src/modules/park_services/flea_market/fleaMarketRoles.test.ts (1 test) 102ms
(node:99322) ExperimentalWarning: SQLite is an experimental feature and might change at any time
(Use `node --trace-warnings ...` to show where the warning was created)
 ✓ src/modules/park_services/flea_market/fleaMarketPrivateReuse.test.ts (1 test) 200ms
(node:99327) ExperimentalWarning: SQLite is an experimental feature and might change at any time
(Use `node --trace-warnings ...` to show where the warning was created)
 ✓ src/modules/park_services/flea_market/fleaMarketMls.test.ts (1 test) 121ms
(node:99898) ExperimentalWarning: SQLite is an experimental feature and might change at any time
(Use `node --trace-warnings ...` to show where the warning was created)
 ✓ src/modules/park_services/flea_market/fleaMarketModeration.test.ts (1 test) 123ms
(node:146) ExperimentalWarning: SQLite is an experimental feature and might change at any time
(Use `node --trace-warnings ...` to show where the warning was created)
 ✓ src/modules/park_services/flea_market/fleaMarketServiceLifecycle.test.ts (1 test) 157ms
(node:152) ExperimentalWarning: SQLite is an experimental feature and might change at any time
(Use `node --trace-warnings ...` to show where the warning was created)
 ✓ src/modules/park_services/flea_market/fleaMarketSettings.test.ts (1 test) 98ms
 ✓ src/modules/data_platform/encryptedObjectStore.test.ts (3 tests) 29ms
 ✓ src/modules/data_platform/attachmentStorageService.test.ts (11 tests) 49ms
(node:252) ExperimentalWarning: SQLite is an experimental feature and might change at any time
(Use `node --trace-warnings ...` to show where the warning was created)
 ✓ src/modules/park_services/flea_market/fleaMarketSqliteRepository.test.ts (3 tests) 27ms
 ✓ src/modules/park_services/flea_market/fleaMarketValidation.test.ts (25 tests) 16ms
 ✓ src/modules/authorization/commercialRoutePolicy.test.ts (41 tests) 12ms
 ✓ src/modules/park_services/flea_market/fleaMarketReadiness.test.ts (1 test) 9ms
 ✓ src/modules/park_services/flea_market/fleaMarketLifecycle.test.ts (8 tests) 13ms
 ✓ src/modules/authorization/enterpriseRoutePolicy.test.ts (5 tests) 5ms
 ✓ src/modules/park_services/flea_market/fleaMarketAccess.test.ts (4 tests) 5ms
 ✓ src/modules/park_services/flea_market/fleaMarketRequestLifecycle.test.ts (11 tests) 6ms
 ✓ src/modules/park_services/flea_market/fleaMarketMigration.test.ts (1 test) 4ms

 Test Files  38 passed (38)
      Tests  183 passed (183)
   Start at  23:21:49
   Duration  366.34s (transform 25.01s, setup 0ms, collect 185.68s, tests 160.47s, environment 13ms, prepare 5.76s)
