
 RUN  v3.2.7 /Users/yang/Desktop/otto-carpool-fixed-91bc4e

(node:44796) ExperimentalWarning: SQLite is an experimental feature and might change at any time
(Use `node --trace-warnings ...` to show where the warning was created)
 ❯ integration/park-market/encrypted-flow.test.ts (4 tests | 4 failed) 911503ms
   × sqlite/envelope: real device encryption survives lost response, offline seller, reply and database restart without plaintext on server 115ms
     → expected [ Array(4) ] to deeply equal [ Array(3) ]
   × postgres/envelope: real device encryption survives lost response, offline seller, reply and database restart without plaintext on server 906940ms
     → Test timed out in 120000ms.
If this is a long-running test, pass a timeout value as the last argument or configure it globally with "testTimeout".
   × sqlite/native MLS: real device encryption survives lost response, offline seller, reply and database restart without plaintext on server 1768ms
     → expected [ Array(4) ] to deeply equal [ Array(3) ]
   × postgres/native MLS: real device encryption survives lost response, offline seller, reply and database restart without plaintext on server 2681ms
     → expected [ Array(4) ] to deeply equal [ Array(3) ]

⎯⎯⎯⎯⎯⎯⎯ Failed Tests 4 ⎯⎯⎯⎯⎯⎯⎯

 FAIL  integration/park-market/encrypted-flow.test.ts > sqlite/envelope: real device encryption survives lost response, offline seller, reply and database restart without plaintext on server
AssertionError: expected [ Array(4) ] to deeply equal [ Array(3) ]

- Expected
+ Received

  [
    "这把椅子的高度可以调吗？",
    "可以调节，下午交接方便。",
+   "文件说明",
    "已收到，谢谢",
  ]

 ❯ integration/park-market/encrypted-flow.test.ts:317:11
    315|             (item) => item.content,
    316|           ),
    317|         ).toEqual([input.question, '可以调节，下午交接方便。', '已收到，谢谢']);
       |           ^
    318|         if (nativeMls) {
    319|           for (const native of nativeClients) await native.close();

⎯⎯⎯⎯⎯⎯⎯⎯⎯⎯⎯⎯⎯⎯⎯⎯⎯⎯⎯⎯⎯⎯⎯⎯[1/4]⎯

 FAIL  integration/park-market/encrypted-flow.test.ts > postgres/envelope: real device encryption survives lost response, offline seller, reply and database restart without plaintext on server
Error: Test timed out in 120000ms.
If this is a long-running test, pass a timeout value as the last argument or configure it globally with "testTimeout".
 ❯ integration/park-market/encrypted-flow.test.ts:29:5
     27|     ['postgres', postgresMarketHarness],
     28|   ] as const) {
     29|     it(`${backend}/${nativeMls ? 'native MLS' : 'envelope'}: real devi…
       |     ^
     30|       const h = await harness(),
     31|         root = mkdtempSync(join(tmpdir(), 'otto-market-encrypted-'));

⎯⎯⎯⎯⎯⎯⎯⎯⎯⎯⎯⎯⎯⎯⎯⎯⎯⎯⎯⎯⎯⎯⎯⎯[2/4]⎯

 FAIL  integration/park-market/encrypted-flow.test.ts > sqlite/native MLS: real device encryption survives lost response, offline seller, reply and database restart without plaintext on server
 FAIL  integration/park-market/encrypted-flow.test.ts > postgres/native MLS: real device encryption survives lost response, offline seller, reply and database restart without plaintext on server
AssertionError: expected [ Array(4) ] to deeply equal [ Array(3) ]

- Expected
+ Received

  [
    "这把椅子的高度可以调吗？",
    "可以调节，下午交接方便。",
+   "文件说明",
    "已收到，谢谢",
  ]

 ❯ integration/park-market/encrypted-flow.test.ts:317:11
    315|             (item) => item.content,
    316|           ),
    317|         ).toEqual([input.question, '可以调节，下午交接方便。', '已收到，谢谢']);
       |           ^
    318|         if (nativeMls) {
    319|           for (const native of nativeClients) await native.close();

⎯⎯⎯⎯⎯⎯⎯⎯⎯⎯⎯⎯⎯⎯⎯⎯⎯⎯⎯⎯⎯⎯⎯⎯[3/4]⎯


 Test Files  1 failed (1)
      Tests  4 failed (4)
   Start at  20:43:19
   Duration  914.31s (transform 1.29s, setup 0ms, collect 2.63s, tests 911.50s, environment 0ms, prepare 52ms)
