
 RUN  v3.2.7 /Users/yang/Desktop/otto-carpool-fixed-91bc4e/packages/desktop

 ✓ src/main/enterprise-e2ee.test.ts (14 tests) 11457ms
   ✓ enterprise private-chat E2EE > streams federation attachments, verifies ciphertext and decrypts only on the recipient device  10791ms
   ✓ enterprise private-chat E2EE > imports a passphrase recovery bundle as historical keys on a new device  414ms
 ✓ src/main/enterprise-mls-attachments.test.ts (4 tests) 1300ms
   ✓ MLS private-message attachment files > round-trips a multi-chunk file with a random per-file DEK and bound AAD  1273ms
(node:61064) ExperimentalWarning: SQLite is an experimental feature and might change at any time
(Use `node --trace-warnings ...` to show where the warning was created)
 ✓ src/main/park-carpool-chat.integration.test.ts (1 test) 8981ms
   ✓ desktop coordinators exchange, retry after lost response, and restore actual MLS ciphertext from SQLite  8979ms
 ✓ src/renderer/components/ParkMarketDialog.test.tsx (12 tests) 2259ms
   ✓ closes directly after the current form is durably saved  1076ms
 ✓ src/renderer/components/InboxPage.test.tsx (12 tests) 868ms
 ✓ src/main/enterprise-client.test.ts (78 tests) 447ms
 ✓ src/main/enterprise-mls.test.ts (32 tests) 179ms
stderr | src/renderer/components/MarketContactCenter.test.tsx > keeps attachment and request identity on send failure, rejects excess files and clears only after confirmation
An update to MarketConversation inside a test was not wrapped in act(...).

When testing, code that causes React state updates should be wrapped into act(...):

act(() => {
  /* fire events that update state */
});
/* assert on the output */

This ensures that you're testing the behavior the user would see in the browser. Learn more at https://react.dev/link/wrap-tests-with-act
An update to MarketConversation inside a test was not wrapped in act(...).

When testing, code that causes React state updates should be wrapped into act(...):

act(() => {
  /* fire events that update state */
});
/* assert on the output */

This ensures that you're testing the behavior the user would see in the browser. Learn more at https://react.dev/link/wrap-tests-with-act
An update to MarketConversation inside a test was not wrapped in act(...).

When testing, code that causes React state updates should be wrapped into act(...):

act(() => {
  /* fire events that update state */
});
/* assert on the output */

This ensures that you're testing the behavior the user would see in the browser. Learn more at https://react.dev/link/wrap-tests-with-act
An update to MarketConversation inside a test was not wrapped in act(...).

When testing, code that causes React state updates should be wrapped into act(...):

act(() => {
  /* fire events that update state */
});
/* assert on the output */

This ensures that you're testing the behavior the user would see in the browser. Learn more at https://react.dev/link/wrap-tests-with-act

stderr | src/renderer/components/MarketContactCenter.test.tsx > keeps attachment and request identity on send failure, rejects excess files and clears only after confirmation
An update to MarketConversation inside a test was not wrapped in act(...).

When testing, code that causes React state updates should be wrapped into act(...):

act(() => {
  /* fire events that update state */
});
/* assert on the output */

This ensures that you're testing the behavior the user would see in the browser. Learn more at https://react.dev/link/wrap-tests-with-act

stderr | src/renderer/components/MarketContactCenter.test.tsx > keeps attachment and request identity on send failure, rejects excess files and clears only after confirmation
An update to MarketContactCenter inside a test was not wrapped in act(...).

When testing, code that causes React state updates should be wrapped into act(...):

act(() => {
  /* fire events that update state */
});
/* assert on the output */

This ensures that you're testing the behavior the user would see in the browser. Learn more at https://react.dev/link/wrap-tests-with-act
An update to MarketContactCenter inside a test was not wrapped in act(...).

When testing, code that causes React state updates should be wrapped into act(...):

act(() => {
  /* fire events that update state */
});
/* assert on the output */

This ensures that you're testing the behavior the user would see in the browser. Learn more at https://react.dev/link/wrap-tests-with-act

 ✓ src/renderer/components/MarketContactCenter.test.tsx (2 tests) 301ms
 ✓ src/renderer/components/MarketAssociatedItems.test.tsx (2 tests) 203ms
 ✓ src/renderer/components/MarketImageViewer.test.tsx (1 test) 143ms
 ✓ src/renderer/components/MarketNotifications.test.tsx (3 tests) 151ms
 ✓ src/main/enterprise-mls-private-messages.test.ts (6 tests) 114ms
 ✓ src/renderer/moduleWorkspace.test.ts (23 tests) 47ms
 ✓ src/main/enterprise-auth-sync.test.ts (25 tests) 105ms
 ✓ src/renderer/parkMarketMutation.test.ts (2 tests) 11ms
 ✓ src/renderer/components/ParkMarketModel.test.ts (3 tests) 38ms
 ✓ src/main/park-carpool-startup.test.ts (5 tests) 68ms
 ✓ src/main/park-market-messaging.test.ts (2 tests) 42ms
 ✓ src/main/park-market.test.ts (2 tests) 27ms
 ✓ src/main/park-market-uploads.test.ts (1 test) 10ms
 ✓ src/main/park-market-links.test.ts (1 test) 15ms
 ✓ src/main/park-market-mls.test.ts (1 test) 6ms

 Test Files  22 passed (22)
      Tests  232 passed (232)
   Start at  23:18:23
   Duration  63.59s (transform 8.08s, setup 2.05s, collect 14.33s, tests 26.77s, environment 12.70s, prepare 2.13s)
