
/Users/yang/Desktop/otto-new/packages/desktop/src/main/park-market-mls.ts
  280:9  error  Split 'const' declarations into multiple statements  one-var

/Users/yang/Desktop/otto-new/packages/desktop/src/main/park-market.test.ts
  22:3  error  Split 'const' declarations into multiple statements  one-var

/Users/yang/Desktop/otto-new/packages/desktop/src/renderer/components/MarketReportForm.tsx
  21:3  error  Split 'const' declarations into multiple statements  one-var
  26:3  error  Split 'const' declarations into multiple statements  one-var

/Users/yang/Desktop/otto-new/packages/desktop/src/renderer/components/ParkMarketDialog.tsx
   251:6  warning  React Hook useEffect has missing dependencies: 'drafts', 'saveDrafts', and 'settings?.parkId'. Either include them or remove the dependency array  react-hooks/exhaustive-deps
   311:6  warning  React Hook useEffect has a missing dependency: 'load'. Either include it or remove the dependency array                                            react-hooks/exhaustive-deps
  1219:6  warning  React Hook useEffect has a missing dependency: 'refresh'. Either include it or remove the dependency array                                         react-hooks/exhaustive-deps

/Users/yang/Desktop/otto-new/packages/server/src/modules/collaboration/parkContactMls.ts
  149:9  error  Split 'const' declarations into multiple statements  one-var
  193:7  error  Split 'const' declarations into multiple statements  one-var

/Users/yang/Desktop/otto-new/packages/server/src/modules/park_services/flea_market/fleaMarketApplication.ts
  56:7  error  Split 'const' declarations into multiple statements  one-var

/Users/yang/Desktop/otto-new/packages/server/src/modules/park_services/flea_market/fleaMarketMessageEvidence.test.ts
  33:7  error  Split 'const' declarations into multiple statements  one-var

/Users/yang/Desktop/otto-new/packages/server/src/modules/park_services/flea_market/fleaMarketMessageEvidence.ts
  18:3  error  Split 'const' declarations into multiple statements  one-var

/Users/yang/Desktop/otto-new/packages/server/src/modules/park_services/flea_market/fleaMarketPersonalRecords.test.ts
  35:7  error  Split 'const' declarations into multiple statements  one-var

✖ 13 problems (10 errors, 3 warnings)
  10 errors and 0 warnings potentially fixable with the `--fix` option.
