
 RUN  v3.2.7 /Users/yang/Desktop/otto-new/packages/server

 ❯ src/modules/park_services/flea_market/fleaMarketValidation.test.ts (12 tests | 3 failed) 4ms
   × sale prices > 0.01 converts exactly 2ms
     → INVALID_PRICE
   × sale prices > 12.3 converts exactly 0ms
     → INVALID_PRICE
   × sale prices > 999999.99 converts exactly 0ms
     → INVALID_PRICE
   ✓ sale prices > rejects 0 1ms
   ✓ sale prices > rejects -1 0ms
   ✓ sale prices > rejects 1e3 0ms
   ✓ sale prices > rejects 1.001 0ms
   ✓ sale prices > rejects 1000000 0ms
   ✓ sale prices > rejects 面议 0ms
   ✓ sale prices > rejects  0ms
   ✓ sale prices > rejects +1 0ms
   ✓ sale prices > rejects NaN 0ms

⎯⎯⎯⎯⎯⎯⎯ Failed Tests 3 ⎯⎯⎯⎯⎯⎯⎯

 FAIL  src/modules/park_services/flea_market/fleaMarketValidation.test.ts > sale prices > 0.01 converts exactly
 FAIL  src/modules/park_services/flea_market/fleaMarketValidation.test.ts > sale prices > 12.3 converts exactly
 FAIL  src/modules/park_services/flea_market/fleaMarketValidation.test.ts > sale prices > 999999.99 converts exactly
Error: INVALID_PRICE
 ❯ parseSalePriceCents src/modules/park_services/flea_market/fleaMarketValidation.ts:2:69
      1| /** @license Copyright 2026 Otto SPDX-License-Identifier: Apache-2.0 */
      2| export function parseSalePriceCents(_input: string): number { throw ne…
       |                                                                     ^
      3|
 ❯ src/modules/park_services/flea_market/fleaMarketValidation.test.ts:5:114

⎯⎯⎯⎯⎯⎯⎯⎯⎯⎯⎯⎯⎯⎯⎯⎯⎯⎯⎯⎯⎯⎯⎯⎯[1/3]⎯


 Test Files  1 failed (1)
      Tests  3 failed | 9 passed (12)
   Start at  09:28:42
   Duration  159ms (transform 21ms, setup 0ms, collect 16ms, tests 4ms, environment 0ms, prepare 38ms)
