
 RUN  v3.2.7 /Users/yang/Desktop/otto-new/packages/server

(node:24162) ExperimentalWarning: SQLite is an experimental feature and might change at any time
(Use `node --trace-warnings ...` to show where the warning was created)
 ❯ src/modules/park_services/flea_market/fleaMarketSqliteRepository.test.ts (1 test | 1 failed) 7ms
   × migrates twice without changing existing enterprise rows 7ms
     → expected undefined to be truthy

⎯⎯⎯⎯⎯⎯⎯ Failed Tests 1 ⎯⎯⎯⎯⎯⎯⎯

 FAIL  src/modules/park_services/flea_market/fleaMarketSqliteRepository.test.ts > migrates twice without changing existing enterprise rows
AssertionError: expected undefined to be truthy

- Expected:
true

+ Received:
undefined

 ❯ src/modules/park_services/flea_market/fleaMarketSqliteRepository.test.ts:10:98
      8|     db.exec("CREATE TABLE accounts(id TEXT PRIMARY KEY); INSERT INTO a…
      9|     migrateMarket(db); migrateMarket(db);
     10|     expect(db.prepare("SELECT name FROM sqlite_master WHERE name='park…
       |                                                                                                  ^
     11|     expect(db.prepare('SELECT * FROM accounts').all()).toEqual([{id:'e…
     12|   } finally { db.close(); }

⎯⎯⎯⎯⎯⎯⎯⎯⎯⎯⎯⎯⎯⎯⎯⎯⎯⎯⎯⎯⎯⎯⎯⎯[1/1]⎯


 Test Files  1 failed (1)
      Tests  1 failed (1)
   Start at  09:29:52
   Duration  2.94s (transform 1.19s, setup 0ms, collect 2.81s, tests 7ms, environment 0ms, prepare 25ms)
