
 RUN  v3.2.7 /Users/yang/Desktop/otto-new/packages/server

(node:58858) ExperimentalWarning: SQLite is an experimental feature and might change at any time
(Use `node --trace-warnings ...` to show where the warning was created)
 ❯ src/modules/park_services/flea_market/fleaMarketPublication.test.ts (1 test | 1 failed) 23ms
   × publishes an image-bound listing exactly once into a real database 22ms
     → NOT_IMPLEMENTED

⎯⎯⎯⎯⎯⎯⎯ Failed Tests 1 ⎯⎯⎯⎯⎯⎯⎯

 FAIL  src/modules/park_services/flea_market/fleaMarketPublication.test.ts > publishes an image-bound listing exactly once into a real database
Error: NOT_IMPLEMENTED
 ❯ Object.publish src/modules/park_services/flea_market/fleaMarketService.ts:2:134
      1| /** @license Copyright 2026 Otto SPDX-License-Identifier: Apache-2.0 */
      2| export function createMarketService(_deps: unknown) { return { async p…
       |                                                                                                                                      ^
      3|
 ❯ src/modules/park_services/flea_market/fleaMarketPublication.test.ts:10:31

⎯⎯⎯⎯⎯⎯⎯⎯⎯⎯⎯⎯⎯⎯⎯⎯⎯⎯⎯⎯⎯⎯⎯⎯[1/1]⎯


 Test Files  1 failed (1)
      Tests  1 failed (1)
   Start at  09:35:56
   Duration  2.65s (transform 1.16s, setup 0ms, collect 2.48s, tests 23ms, environment 0ms, prepare 32ms)
