
 RUN  v3.2.7 /Users/yang/Desktop/otto-carpool-verified-7f3a9c/packages/desktop

 ❯ src/renderer/components/ParkMarketDialog.test.tsx (3 tests | 1 failed) 3136ms
   ✓ keeps own records and drafts reachable when the market is paused and validates publication without dropping fields 57ms
   ✓ flushes the last input on save-and-close with the originating account scope 42ms
   × remounts private form state when the same account id switches server or organization 3036ms
     → expected <input aria-invalid="false" …(1)></input> to be null

Ignored nodes: comments, script, style
[36m<html>[39m
  [36m<head />[39m
  [36m<body>[39m
    [36m<div>[39m
      [36m<dialog[39m
        [33maria-labelledby[39m=[32m"park-market-title"[39m
        [33mclass[39m=[32m"park-market-dialog"[39m
        [33mopen[39m=[32m""[39m
      [36m>[39m
        [36m<header>[39m
          [36m<div>[39m
            [36m<h2[39m
              [33mid[39m=[32m"park-market-title"[39m
            [36m>[39m
              [0m园区跳蚤市场[0m
            [36m</h2>[39m
            [36m<p>[39m
              [0m仅本园区成员可见，交易由双方线下协商[0m
            [36m</p>[39m
          [36m</div>[39m
          [36m<button[39m
            [33maria-label[39m=[32m"关闭跳蚤市场"[39m
            [33mtype[39m=[32m"button"[39m
          [36m>[39m
            [0m关闭[0m
          [36m</button>[39m
        [36m</header>[39m
        [36m<nav[39m
          [33maria-label[39m=[32m"市场页面"[39m
        [36m>[39m
          [36m<button[39m
            [33mtype[39m=[32m"button"[39m
          [36m>[39m
            [0m逛市场[0m
          [36m</button>[39m
          [36m<button[39m
            [33mtype[39m=[32m"button"[39m
          [36m>[39m
            [0m我的发布记录[0m
          [36m</button>[39m
          [36m<button[39m
            [33mtype[39m=[32m"button"[39m
          [36m>[39m
            [0m我的收藏[0m
          [36m</button>[39m
          [36m<button[39m
            [33mtype[39m=[32m"button"[39m
          [36m>[39m
            [0m发布闲置[0m
          [36m</button>[39m
        [36m</nav>[39m
        [36m<form>[39m
          [36m<p>[39m
            [0m更换物品请另发一件。请先将手机照片传到电脑，支持选择、拖拽或粘贴图片。[0m
          [36m</p>[39m
          [36m<fieldset[39m
            [33mclass[39m=[32m"park-market-form"[39m
          [36m>[39m
            [36m<label>[39m
              [0m标题 *[0m
              [36m<input[39m
                [33maria-invalid[39m=[32m"false"[39m
                [33mvalue[39m=[32m"上一服务器的私有草稿"[39m
              [36m/>[39m
            [36m</label>[39m
            [36m<label>[39m
              [0m分类 *[0m
              [36m<select>[39m
                [36m<option[39m
                  [33mvalue[39m=[32m""[39m
                [36m>[39m
                  [0m请选择分类[0m
                [36m</option>[39m
                [36m<option[39m
                  [33mvalue[39m=[32m"electronics"[39m
                [36m>[39m
                  [0m数码电子[0m
                [36m</option>[39m
                [36m<option[39m
                  [33mvalue[39m=[32m"office"[39m
                [36m>[39m
                  [0m办公用品[0m
                [36m</option>[39m
                [36m<option[39m
                  [33mvalue[39m=[32m"home"[39m
                [36m>[39m
                  [0m生活家居[0m
                [36m</option>[39m
                [36m<option[39m
                  [33mvalue[39m=[32m"sports"[39m
                [36m>[39m
                  [0m运动户外[0m
                [36m</option>[39m
                [36m<option[39m
                  [33mvalue[39m=[32m"books"[39m
                [36m>[39m
                  [0m书籍文娱[0m
                [36m</option>[39m
                [36m<option[39m
                  [33mvalue[39m=[32m"other"[39m
                [36m>[39m
                  [0m其他[0m
                [36m</option>[39m
              [36m</select>[39m
            [36m</label>[39m
            [36m<label>[39m
              [0m出售方式[0m
              [36m<select>[39m
                [36m<option[39m
                  [33mvalue[39m=[32m"sale"[39m
                [36m>[39m
                  [0m出售[0m
                [36m</option>[39m
                [36m<option[39m
                  [33mvalue[39m=[32m"free"[39m
                [36m>[39m
                  [0m免费送[0m
                [36m</option>[39m
              [36m</select>[39m
            [36m</label>[39m
            [36m<label>[39m
              [0m售价（元）*[0m
              [36m<input[39m
                [33maria-invalid[39m=[32m"false"[39m
                [33mvalue[39m=[32m""[39m
              [36m/>[39m
            [36m</label>[39m
            [36m<label>[39m
              [36m<input[39m
                [33mtype[39m=[32m"checkbox"[39m
              [36m/>[39m
              [0m可议价[0m
            [36m</label>[39m
            [36m<label>[39m
              [0m成色 *[0m
              [36m<select>[39m
                [36m<option[39m
                  [33mvalue[39m=[32m""[39m
                [36m>[39m
                  [0m请选择[0m
                [36m</option>[39m
                [36m<option[39m
                  [33mvalue[39m=[32m"unused"[39m
                [36m>[39m
                  [0m全新未用[0m
                [36m</option>[39m
                [36m<option[39m
                  [33mvalue[39m=[32m"like_new"[39m
                [36m>[39m
                  [0m近乎全新[0m
                [36m</option>[39m
                [36m<option[39m
                  [33mvalue[39m=[32m"used"[39m
                [36m>[39m
                  [0m正常使用[0m
                [36m</option>[39m
                [36m<option[39m
                  [33mvalue[39m=[32m"worn"[39m
                [36m>[39m
                  [0m明显使用痕迹[0m
                [36m</option>[39m
              [36m</select>[39m
            [36m</label>[39m
            [36m<label>[39m
              [0m功能状态 *[0m
              [36m<select>[39m
                [36m<option[39m
                  [33mvalue[39m=[32m""[39m
                [36m>[39m
                  [0m请选择[0m
                [36m</option>[39m
                [36m<option[39m
                  [33mvalue[39m=[32m"working"[39m
                [36m>[39m
                  [0m功能正常[0m
                [36m</option>[39m
                [36m<option[39m
                  [33mvalue[39m=[32m"faulty"[39m
                [36m>[39m
                  [0m存在故障[0m
                [36m</option>[39m
                [36m<option[39m
                  [33mvalue[39m=[32m"untested"[39m
                [36m>[39m
                  [0m未测试[0m
                [36m</option>[39m
              [36m</select>[39m
            [36m</label>[39m
            [36m<label>[39m
              [0m物品说明 *[0m
              [36m<textarea[39m
                [33maria-invalid[39m=[32m"false"[39m
              [36m/>[39m
            [36m</label>[39m
            [36m<label>[39m
              [0m大致交接区域 *[0m
              [36m<input[39m
                [33maria-invalid[39m=[32m"false"[39m
                [33mvalue[39m=[32m""[39m
              [36m/>[39m
            [36m</label>[39m
            [36m<label>[39m
              [0m方便交接时间（选填）[0m
              [36m<input[39m
                [33maria-invalid[39m=[32m"false"[39m
                [33mvalue[39m=[32m""[39m
              [36m/>[39m
            [36m</label>[39m
            [36m<label>[39m
              [0m图片（1–9 张，每张最多 20 MB）[0m
              [36m<input[39m
                [33maccept[39m=[32m"image/jpeg,image/png,image/webp,image/heic,image/heif,.heic,.heif"[39m
                [33mmultiple[39m=[32m""[39m
                [33mtype[39m=[32m"file"[39m
              [36m/>[39m
            [36m</label>[39m
            [36m<div[39m
              [33mclass[39m=[32m"park-market-photos"[39m
            [36m/>[39m
            [36m<button[39m
              [33mtype[39m=[32m"button"[39m
            [36m>[39m
              [0m预览[0m
            [36m</button>[39m
          [36m</fieldset>[39m
          [36m<button[39m
            [33mtype[39m=[32m"submit"[39m
          [36m>[39m
            [0m正式发布[0m
          [36m</button>[39m
        [36m</form>[39m
        [36m<p[39m
          [33mrole[39m=[32m"status"[39m
        [36m>[39m
          [0m已保存到本机[0m
        [36m</p>[39m
        [36m<footer>[39m
          [36m<details>[39m
            [36m<summary>[39m
              [0m发布规则与处理联系人[0m
            [36m</summary>[39m
            [36m<p>[39m
              [0m闲置[0m
            [36m</p>[39m
            [36m<p>[39m
              [0m服务台[0m
            [36m</p>[39m
          [36m</details>[39m
        [36m</footer>[39m
      [36m</dialog>[39m
    [36m</div>[39m
  [36m</body>[39m
[36m</html>[39m

⎯⎯⎯⎯⎯⎯⎯ Failed Tests 1 ⎯⎯⎯⎯⎯⎯⎯

 FAIL  src/renderer/components/ParkMarketDialog.test.tsx > remounts private form state when the same account id switches server or organization
AssertionError: expected <input aria-invalid="false" …(1)></input> to be null

Ignored nodes: comments, script, style
[36m<html>[39m
  [36m<head />[39m
  [36m<body>[39m
    [36m<div>[39m
      [36m<dialog[39m
        [33maria-labelledby[39m=[32m"park-market-title"[39m
        [33mclass[39m=[32m"park-market-dialog"[39m
        [33mopen[39m=[32m""[39m
      [36m>[39m
        [36m<header>[39m
          [36m<div>[39m
            [36m<h2[39m
              [33mid[39m=[32m"park-market-title"[39m
            [36m>[39m
              [0m园区跳蚤市场[0m
            [36m</h2>[39m
            [36m<p>[39m
              [0m仅本园区成员可见，交易由双方线下协商[0m
            [36m</p>[39m
          [36m</div>[39m
          [36m<button[39m
            [33maria-label[39m=[32m"关闭跳蚤市场"[39m
            [33mtype[39m=[32m"button"[39m
          [36m>[39m
            [0m关闭[0m
          [36m</button>[39m
        [36m</header>[39m
        [36m<nav[39m
          [33maria-label[39m=[32m"市场页面"[39m
        [36m>[39m
          [36m<button[39m
            [33mtype[39m=[32m"button"[39m
          [36m>[39m
            [0m逛市场[0m
          [36m</button>[39m
          [36m<button[39m
            [33mtype[39m=[32m"button"[39m
          [36m>[39m
            [0m我的发布记录[0m
          [36m</button>[39m
          [36m<button[39m
            [33mtype[39m=[32m"button"[39m
          [36m>[39m
            [0m我的收藏[0m
          [36m</button>[39m
          [36m<button[39m
            [33mtype[39m=[32m"button"[39m
          [36m>[39m
            [0m发布闲置[0m
          [36m</button>[39m
        [36m</nav>[39m
        [36m<form>[39m
          [36m<p>[39m
            [0m更换物品请另发一件。请先将手机照片传到电脑，支持选择、拖拽或粘贴图片。[0m
          [36m</p>[39m
          [36m<fieldset[39m
            [33mclass[39m=[32m"park-market-form"[39m
          [36m>[39m
            [36m<label>[39m
              [0m标题 *[0m
              [36m<input[39m
                [33maria-invalid[39m=[32m"false"[39m
                [33mvalue[39m=[32m"上一服务器的私有草稿"[39m
              [36m/>[39m
            [36m</label>[39m
            [36m<label>[39m
              [0m分类 *[0m
              [36m<select>[39m
                [36m<option[39m
                  [33mvalue[39m=[32m""[39m
                [36m>[39m
                  [0m请选择分类[0m
                [36m</option>[39m
                [36m<option[39m
                  [33mvalue[39m=[32m"electronics"[39m
                [36m>[39m
                  [0m数码电子[0m
                [36m</option>[39m
                [36m<option[39m
                  [33mvalue[39m=[32m"office"[39m
                [36m>[39m
                  [0m办公用品[0m
                [36m</option>[39m
                [36m<option[39m
                  [33mvalue[39m=[32m"home"[39m
                [36m>[39m
                  [0m生活家居[0m
                [36m</option>[39m
                [36m<option[39m
                  [33mvalue[39m=[32m"sports"[39m
                [36m>[39m
                  [0m运动户外[0m
                [36m</option>[39m
                [36m<option[39m
                  [33mvalue[39m=[32m"books"[39m
                [36m>[39m
                  [0m书籍文娱[0m
                [36m</option>[39m
                [36m<option[39m
                  [33mvalue[39m=[32m"other"[39m
                [36m>[39m
                  [0m其他[0m
                [36m</option>[39m
              [36m</select>[39m
            [36m</label>[39m
            [36m<label>[39m
              [0m出售方式[0m
              [36m<select>[39m
                [36m<option[39m
                  [33mvalue[39m=[32m"sale"[39m
                [36m>[39m
                  [0m出售[0m
                [36m</option>[39m
                [36m<option[39m
                  [33mvalue[39m=[32m"free"[39m
                [36m>[39m
                  [0m免费送[0m
                [36m</option>[39m
              [36m</select>[39m
            [36m</label>[39m
            [36m<label>[39m
              [0m售价（元）*[0m
              [36m<input[39m
                [33maria-invalid[39m=[32m"false"[39m
                [33mvalue[39m=[32m""[39m
              [36m/>[39m
            [36m</label>[39m
            [36m<label>[39m
              [36m<input[39m
                [33mtype[39m=[32m"checkbox"[39m
              [36m/>[39m
              [0m可议价[0m
            [36m</label>[39m
            [36m<label>[39m
              [0m成色 *[0m
              [36m<select>[39m
                [36m<option[39m
                  [33mvalue[39m=[32m""[39m
                [36m>[39m
                  [0m请选择[0m
                [36m</option>[39m
                [36m<option[39m
                  [33mvalue[39m=[32m"unused"[39m
                [36m>[39m
                  [0m全新未用[0m
                [36m</option>[39m
                [36m<option[39m
                  [33mvalue[39m=[32m"like_new"[39m
                [36m>[39m
                  [0m近乎全新[0m
                [36m</option>[39m
                [36m<option[39m
                  [33mvalue[39m=[32m"used"[39m
                [36m>[39m
                  [0m正常使用[0m
                [36m</option>[39m
                [36m<option[39m
                  [33mvalue[39m=[32m"worn"[39m
                [36m>[39m
                  [0m明显使用痕迹[0m
                [36m</option>[39m
              [36m</select>[39m
            [36m</label>[39m
            [36m<label>[39m
              [0m功能状态 *[0m
              [36m<select>[39m
                [36m<option[39m
                  [33mvalue[39m=[32m""[39m
                [36m>[39m
                  [0m请选择[0m
                [36m</option>[39m
                [36m<option[39m
                  [33mvalue[39m=[32m"working"[39m
                [36m>[39m
                  [0m功能正常[0m
                [36m</option>[39m
                [36m<option[39m
                  [33mvalue[39m=[32m"faulty"[39m
                [36m>[39m
                  [0m存在故障[0m
                [36m</option>[39m
                [36m<option[39m
                  [33mvalue[39m=[32m"untested"[39m
                [36m>[39m
                  [0m未测试[0m
                [36m</option>[39m
              [36m</select>[39m
            [36m</label>[39m
            [36m<label>[39m
              [0m物品说明 *[0m
              [36m<textarea[39m
                [33maria-invalid[39m=[32m"false"[39m
              [36m/>[39m
            [36m</label>[39m
            [36m<label>[39m
              [0m大致交接区域 *[0m
              [36m<input[39m
                [33maria-invalid[39m=[32m"false"[39m
                [33mvalue[39m=[32m""[39m
              [36m/>[39m
            [36m</label>[39m
            [36m<label>[39m
              [0m方便交接时间（选填）[0m
              [36m<input[39m
                [33maria-invalid[39m=[32m"false"[39m
                [33mvalue[39m=[32m""[39m
              [36m/>[39m
            [36m</label>[39m
            [36m<label>[39m
              [0m图片（1–9 张，每张最多 20 MB）[0m
              [36m<input[39m
                [33maccept[39m=[32m"image/jpeg,image/png,image/webp,image/heic,image/heif,.heic,.heif"[39m
                [33mmultiple[39m=[32m""[39m
                [33mtype[39m=[32m"file"[39m
              [36m/>[39m
            [36m</label>[39m
            [36m<div[39m
              [33mclass[39m=[32m"park-market-photos"[39m
            [36m/>[39m
            [36m<button[39m
              [33mtype[39m=[32m"button"[39m
            [36m>[39m
              [0m预览[0m
            [36m</button>[39m
          [36m</fieldset>[39m
          [36m<button[39m
            [33mtype[39m=[32m"submit"[39m
          [36m>[39m
            [0m正式发布[0m
          [36m</button>[39m
        [36m</form>[39m
        [36m<p[39m
          [33mrole[39m=[32m"status"[39m
        [36m>[39m
          [0m已保存到本机[0m
        [36m</p>[39m
        [36m<footer>[39m
          [36m<details>[39m
            [36m<summary>[39m
              [0m发布规则与处理联系人[0m
            [36m</summary>[39m
            [36m<p>[39m
              [0m闲置[0m
            [36m</p>[39m
            [36m<p>[39m
              [0m服务台[0m
            [36m</p>[39m
          [36m</details>[39m
        [36m</footer>[39m
      [36m</dialog>[39m
    [36m</div>[39m
  [36m</body>[39m
[36m</html>[39m

- Expected:
null

+ Received:
<input
  aria-invalid="false"
  value="上一服务器的私有草稿"
/>

 ❯ src/renderer/components/ParkMarketDialog.test.tsx:139:70
    137|   fireEvent.change(screen.getByLabelText('标题 *'),{target:{value:'上一服务器…
    138|   screenView.rerender(<ParkMarketDialog {...props} draftScope={{...fir…
    139|   await waitFor(()=>expect(screen.queryByDisplayValue('上一服务器的私有草稿')).t…
       |                                                                      ^
    140|   expect(screen.queryByLabelText('标题 *')).toBeNull();
    141| });
 ❯ runWithExpensiveErrorDiagnosticsDisabled ../../node_modules/@testing-library/dom/dist/config.js:47:12
 ❯ checkCallback ../../node_modules/@testing-library/dom/dist/wait-for.js:124:77
 ❯ Timeout.checkRealTimersCallback ../../node_modules/@testing-library/dom/dist/wait-for.js:118:16

⎯⎯⎯⎯⎯⎯⎯⎯⎯⎯⎯⎯⎯⎯⎯⎯⎯⎯⎯⎯⎯⎯⎯⎯[1/1]⎯


 Test Files  1 failed (1)
      Tests  1 failed | 2 passed (3)
   Start at  12:28:41
   Duration  3.78s (transform 100ms, setup 70ms, collect 111ms, tests 3.14s, environment 266ms, prepare 47ms)
