
 RUN  v3.2.7 /Users/yang/Desktop/otto-carpool-verified-7f3a9c/packages/desktop

 ❯ src/main/park-market-messaging.test.ts (1 test | 1 failed) 18ms
   × retains both ciphertext receipts across concurrent timeouts and retries identical bytes 17ms
     → expected [ 'two' ] to deeply equal [ 'one', 'two' ]

⎯⎯⎯⎯⎯⎯⎯ Failed Tests 1 ⎯⎯⎯⎯⎯⎯⎯

 FAIL  src/main/park-market-messaging.test.ts > retains both ciphertext receipts across concurrent timeouts and retries identical bytes
AssertionError: expected [ 'two' ] to deeply equal [ 'one', 'two' ]

- Expected
+ Received

  [
-   "one",
    "two",
  ]

 ❯ src/main/park-market-messaging.test.ts:26:61
     24|     const two = {...one, question: 'two', requestId: 'two'};
     25|     await Promise.allSettled([messaging.send(one), messaging.send(two)…
     26|     expect(pending.load(scope).map(item => item.id).sort()).toEqual(['…
       |                                                             ^
     27|     fail = false;
     28|     await Promise.all([messaging.send(one), messaging.send(two)]);

⎯⎯⎯⎯⎯⎯⎯⎯⎯⎯⎯⎯⎯⎯⎯⎯⎯⎯⎯⎯⎯⎯⎯⎯[1/1]⎯


 Test Files  1 failed (1)
      Tests  1 failed (1)
   Start at  12:20:04
   Duration  688ms (transform 42ms, setup 86ms, collect 23ms, tests 18ms, environment 314ms, prepare 40ms)
