
 RUN  v3.2.7 /Users/yang/Desktop/otto-carpool-verified-7f3a9c/packages/desktop

 ❯ src/main/park-market-mls.test.ts (1 test | 1 failed) 7ms
   × does not advertise expired native key packages and preserves their keys for delayed welcomes 6ms
     → expected true to be false // Object.is equality

⎯⎯⎯⎯⎯⎯⎯ Failed Tests 1 ⎯⎯⎯⎯⎯⎯⎯

 FAIL  src/main/park-market-mls.test.ts > does not advertise expired native key packages and preserves their keys for delayed welcomes
AssertionError: expected true to be false // Object.is equality

- Expected
+ Received

- false
+ true

 ❯ src/main/park-market-mls.test.ts:19:113
     17|  const client=new ParkMarketMls({directory:'/tmp/otto-market-inventory…
     18|  await client.activate();
     19|  expect(request.mock.calls.some(call=>(call[0] as {payload:{reference:…
       |                                                                                                                 ^
     20|  expect(request).toHaveBeenCalledTimes(5);
     21|  expect(native.retired).not.toHaveBeenCalled();

⎯⎯⎯⎯⎯⎯⎯⎯⎯⎯⎯⎯⎯⎯⎯⎯⎯⎯⎯⎯⎯⎯⎯⎯[1/1]⎯


 Test Files  1 failed (1)
      Tests  1 failed (1)
   Start at  12:43:52
   Duration  683ms (transform 82ms, setup 103ms, collect 56ms, tests 7ms, environment 325ms, prepare 47ms)
