
 RUN  v3.2.7 /Users/yang/Desktop/otto-carpool-verified-7f3a9c/packages/desktop

 ❯ src/main/park-market-upload.test.ts (1 test | 1 failed) 12ms
   × streams actual image bytes with progress and honors caller cancellation 11ms
     → 无法连接企业服务器：RequestInit: Expected signal ("AbortSignal {}") to be an instance of AbortSignal.

⎯⎯⎯⎯⎯⎯⎯ Failed Tests 1 ⎯⎯⎯⎯⎯⎯⎯

 FAIL  src/main/park-market-upload.test.ts > streams actual image bytes with progress and honors caller cancellation
Error: 无法连接企业服务器：RequestInit: Expected signal ("AbortSignal {}") to be an instance of AbortSignal.
 ❯ EnterpriseClient.request src/main/enterprise-client.ts:2480:13
    2478|         throw new Error('连接企业服务器超时');
    2479|       const message = error instanceof Error ? error.message : String(…
    2480|       throw new Error(`无法连接企业服务器：${message}`);
       |             ^
    2481|     } finally {
    2482|       clearTimeout(timer);
 ❯ src/main/park-market-upload.test.ts:12:10

⎯⎯⎯⎯⎯⎯⎯⎯⎯⎯⎯⎯⎯⎯⎯⎯⎯⎯⎯⎯⎯⎯⎯⎯[1/1]⎯


 Test Files  1 failed (1)
      Tests  1 failed (1)
   Start at  13:10:39
   Duration  708ms (transform 141ms, setup 75ms, collect 139ms, tests 12ms, environment 284ms, prepare 51ms)
