
 RUN  v3.2.7 /Users/yang/Desktop/otto-carpool-verified-7f3a9c/packages/desktop

 ❯ src/renderer/components/ParkMarketDialog.test.tsx (5 tests | 1 failed) 3185ms
   ✓ keeps own records and drafts reachable when the market is paused and validates publication without dropping fields 64ms
   ✓ flushes the last input on save-and-close with the originating account scope 40ms
   ✓ remounts private form state when the same account id switches server or organization 23ms
   ✓ preserves expired draft text and identifies the failed photo with an independent retry 28ms
   × shows per-image transfer progress and allows cancelling without dropping form text 3028ms
     → Unable to find an element with the text: /上传 50%/. This could be because the text is broken up by multiple elements. In this case, you can provide a function for your text matcher to make your matcher more flexible.

Ignored nodes: comments, script, style
[36m<body>[39m
  [36m<div>[39m
    [36m<dialog[39m
      [33maria-labelledby[39m=[32m"park-market-title"[39m
      [33mclass[39m=[32m"park-market-dialog"[39m
      [33mopen[39m=[32m""[39m
    [36m>[39m
      [36m<header>[39m
        [36m<div>[39m
          [36m<h2[39m
            [33mid[39m=[32m"park-market-title"[39m
          [36m>[39m
            [0m园区跳蚤市场[0m
          [36m</h2>[39m
          [36m<p>[39m
            [0m仅本园区成员可见，交易由双方线下协商[0m
          [36m</p>[39m
        [36m</div>[39m
        [36m<button[39m
          [33maria-label[39m=[32m"关闭跳蚤市场"[39m
          [33mtype[39m=[32m"button"[39m
        [36m>[39m
          [0m关闭[0m
        [36m</button>[39m
      [36m</header>[39m
      [36m<nav[39m
        [33maria-label[39m=[32m"市场页面"[39m
      [36m>[39m
        [36m<button[39m
          [33mtype[39m=[32m"button"[39m
        [36m>[39m
          [0m逛市场[0m
        [36m</button>[39m
        [36m<button[39m
          [33mtype[39m=[32m"button"[39m
        [36m>[39m
          [0m我的发布记录[0m
        [36m</button>[39m
        [36m<button[39m
          [33mtype[39m=[32m"button"[39m
        [36m>[39m
          [0m我的收藏[0m
        [36m</button>[39m
        [36m<button[39m
          [33mtype[39m=[32m"button"[39m
        [36m>[39m
          [0m发布闲置[0m
        [36m</button>[39m
      [36m</nav>[39m
      [36m<form>[39m
        [36m<p>[39m
          [0m更换物品请另发一件。请先将手机照片传到电脑，支持选择、拖拽或粘贴图片。[0m
        [36m</p>[39m
        [36m<fieldset[39m
          [33mclass[39m=[32m"park-market-form"[39m
        [36m>[39m
          [36m<label>[39m
            [0m标题 *[0m
            [36m<input[39m
              [33maria-invalid[39m=[32m"false"[39m
              [33mvalue[39m=[32m"仍保留的描述标题"[39m
            [36m/>[39m
          [36m</label>[39m
          [36m<label>[39m
            [0m分类 *[0m
            [36m<select>[39m
              [36m<option[39m
                [33mvalue[39m=[32m""[39m
              [36m>[39m
                [0m请选择分类[0m
              [36m</option>[39m
              [36m<option[39m
                [33mvalue[39m=[32m"electronics"[39m
              [36m>[39m
                [0m数码电子[0m
              [36m</option>[39m
              [36m<option[39m
                [33mvalue[39m=[32m"office"[39m
              [36m>[39m
                [0m办公用品[0m
              [36m</option>[39m
              [36m<option[39m
                [33mvalue[39m=[32m"home"[39m
              [36m>[39m
                [0m生活家居[0m
              [36m</option>[39m
              [36m<option[39m
                [33mvalue[39m=[32m"sports"[39m
              [36m>[39m
                [0m运动户外[0m
              [36m</option>[39m
              [36m<option[39m
                [33mvalue[39m=[32m"books"[39m
              [36m>[39m
                [0m书籍文娱[0m
              [36m</option>[39m
              [36m<option[39m
                [33mvalue[39m=[32m"other"[39m
              [36m>[39m
                [0m其他[0m
              [36m</option>[39m
            [36m</select>[39m
          [36m</label>[39m
          [36m<label>[39m
            [0m出售方式[0m
            [36m<select>[39m
              [36m<option[39m
                [33mvalue[39m=[32m"sale"[39m
              [36m>[39m
                [0m出售[0m
              [36m</option>[39m
              [36m<option[39m
                [33mvalue[39m=[32m"free"[39m
              [36m>[39m
                [0m免费送[0m
              [36m</option>[39m
            [36m</select>[39m
          [36m</label>[39m
          [36m<label>[39m
            [0m售价（元）*[0m
            [36m<input[39m
              [33maria-invalid[39m=[32m"false"[39m
              [33mvalue[39m=[32m""[39m
            [36m/>[39m
          [36m</label>[39m
          [36m<label>[39m
            [36m<input[39m
              [33mtype[39m=[32m"checkbox"[39m
            [36m/>[39m
            [0m可议价[0m
          [36m</label>[39m
          [36m<label>[39m
            [0m成色 *[0m
            [36m<select>[39m
              [36m<option[39m
                [33mvalue[39m=[32m""[39m
              [36m>[39m
                [0m请选择[0m
              [36m</option>[39m
              [36m<option[39m
                [33mvalue[39m=[32m"unused"[39m
              [36m>[39m
                [0m全新未用[0m
              [36m</option>[39m
              [36m<option[39m
                [33mvalue[39m=[32m"like_new"[39m
              [36m>[39m
                [0m近乎全新[0m
              [36m</option>[39m
              [36m<option[39m
                [33mvalue[39m=[32m"used"[39m
              [36m>[39m
                [0m正常使用[0m
              [36m</option>[39m
              [36m<option[39m
                [33mvalue[39m=[32m"worn"[39m
              [36m>[39m
                [0m明显使用痕迹[0m
              [36m</option>[39m
            [36m</select>[39m
          [36m</label>[39m
          [36m<label>[39m
            [0m功能状态 *[0m
            [36m<select>[39m
              [36m<option[39m
                [33mvalue[39m=[32m""[39m
              [36m>[39m
                [0m请选择[0m
              [36m</option>[39m
              [36m<option[39m
                [33mvalue[39m=[32m"working"[39m
              [36m>[39m
                [0m功能正常[0m
              [36m</option>[39m
              [36m<option[39m
                [33mvalue[39m=[32m"faulty"[39m
              [36m>[39m
                [0m存在故障[0m
              [36m</option>[39m
              [36m<option[39m
                [33mvalue[39m=[32m"untested"[39m
              [36m>[39m
                [0m未测试[0m
              [36m</option>[39m
            [36m</select>[39m
          [36m</label>[39m
          [36m<label>[39m
            [0m物品说明 *[0m
            [36m<textarea[39m
              [33maria-invalid[39m=[32m"false"[39m
            [36m/>[39m
          [36m</label>[39m
          [36m<label>[39m
            [0m大致交接区域 *[0m
            [36m<input[39m
              [33maria-invalid[39m=[32m"false"[39m
              [33mvalue[39m=[32m""[39m
            [36m/>[39m
          [36m</label>[39m
          [36m<label>[39m
            [0m方便交接时间（选填）[0m
            [36m<input[39m
              [33maria-invalid[39m=[32m"false"[39m
              [33mvalue[39m=[32m""[39m
            [36m/>[39m
          [36m</label>[39m
          [36m<label>[39m
            [0m图片（1–9 张，每张最多 20 MB）[0m
            [36m<input[39m
              [33maccept[39m=[32m"image/jpeg,image/png,image/webp,image/heic,image/heif,.heic,.heif"[39m
              [33mmultiple[39m=[32m""[39m
              [33mtype[39m=[32m"file"[39m
            [36m/>[39m
          [36m</label>[39m
          [36m<div[39m
            [33mclass[39m=[32m"park-market-photos"[39m
          [36m/>[39m
          [36m<p>[39m
            [0mphoto.jpg[0m
            [0m：[0m
            [0m处理图片…[0m
          [36m</p>[39m
          [36m<button[39m
            [33mtype[39m=[32m"button"[39m
          [36m>[39m
            [0m预览[0m
          [36m</button>[39m
        [36m</fieldset>[39m
        [36m<button[39m
          [33mdisabled[39m=[32m""[39m
          [33mtype[39m=[32m"submit"[39m
        [36m>[39m
          [0m正式发布[0m
        [36m</button>[39m
      [36m</form>[39m
      [36m<p[39m
        [33mrole[39m=[32m"status"[39m
      [36m>[39m
        [0m已保存到本机[0m
      [36m</p>[39m
      [36m<footer>[39m
        [36m<details>[39m
          [36m<summary>[39m
            [0m发布规则与处理联系人[0m
          [36m</summary>[39m
          [36m<p>[39m
            [0m闲置[0m
          [36m</p>[39m
          [36m<p>[39m
            [0m服务台[0m
          [36m</p>[39m
        [36m</details>[39m
      [36m</footer>[39m
    [36m</dialog>[39m
  [36m</div>[39m
[36m</body>[39m

Ignored nodes: comments, script, style
[36m<body>[39m
  [36m<div>[39m
    [36m<dialog[39m
      [33maria-labelledby[39m=[32m"park-market-title"[39m
      [33mclass[39m=[32m"park-market-dialog"[39m
      [33mopen[39m=[32m""[39m
    [36m>[39m
      [36m<header>[39m
        [36m<div>[39m
          [36m<h2[39m
            [33mid[39m=[32m"park-market-title"[39m
          [36m>[39m
            [0m园区跳蚤市场[0m
          [36m</h2>[39m
          [36m<p>[39m
            [0m仅本园区成员可见，交易由双方线下协商[0m
          [36m</p>[39m
        [36m</div>[39m
        [36m<button[39m
          [33maria-label[39m=[32m"关闭跳蚤市场"[39m
          [33mtype[39m=[32m"button"[39m
        [36m>[39m
          [0m关闭[0m
        [36m</button>[39m
      [36m</header>[39m
      [36m<nav[39m
        [33maria-label[39m=[32m"市场页面"[39m
      [36m>[39m
        [36m<button[39m
          [33mtype[39m=[32m"button"[39m
        [36m>[39m
          [0m逛市场[0m
        [36m</button>[39m
        [36m<button[39m
          [33mtype[39m=[32m"button"[39m
        [36m>[39m
          [0m我的发布记录[0m
        [36m</button>[39m
        [36m<button[39m
          [33mtype[39m=[32m"button"[39m
        [36m>[39m
          [0m我的收藏[0m
        [36m</button>[39m
        [36m<button[39m
          [33mtype[39m=[32m"button"[39m
        [36m>[39m
          [0m发布闲置[0m
        [36m</button>[39m
      [36m</nav>[39m
      [36m<form>[39m
        [36m<p>[39m
          [0m更换物品请另发一件。请先将手机照片传到电脑，支持选择、拖拽或粘贴图片。[0m
        [36m</p>[39m
        [36m<fieldset[39m
          [33mclass[39m=[32m"park-market-form"[39m
        [36m>[39m
          [36m<label>[39m
            [0m标题 *[0m
            [36m<input[39m
              [33maria-invalid[39m=[32m"false"[39m
              [33mvalue[39m=[32m"仍保留的描述标题"[39m
            [36m/>[39m
          [36m</label>[39m
          [36m<label>[39m
            [0m分类 *[0m
            [36m<select>[39m
              [36m<option[39m
                [33mvalue[39m=[32m""[39m
              [36m>[39m
                [0m请选择分类[0m
              [36m</option>[39m
              [36m<option[39m
                [33mvalue[39m=[32m"electronics"[39m
              [36m>[39m
                [0m数码电子[0m
              [36m</option>[39m
              [36m<option[39m
                [33mvalue[39m=[32m"office"[39m
              [36m>[39m
                [0m办公用品[0m
              [36m</option>[39m
              [36m<option[39m
                [33mvalue[39m=[32m"home"[39m
              [36m>[39m
                [0m生活家居[0m
              [36m</option>[39m
              [36m<option[39m
                [33mvalue[39m=[32m"sports"[39m
              [36m>[39m
                [0m运动户外[0m
              [36m</option>[39m
              [36m<option[39m
                [33mvalue[39m=[32m"books"[39m
              [36m>[39m
                [0m书籍文娱[0m
              [36m</option>[39m
              [36m<option[39m
                [33mvalue[39m=[32m"other"[39m
              [36m>[39m
                [0m其他[0m
              [36m</option>[39m
            [36m</select>[39m
          [36m</label>[39m
          [36m<label>[39m
            [0m出售方式[0m
            [36m<select>[39m
              [36m<option[39m
                [33mvalue[39m=[32m"sale"[39m
              [36m>[39m
                [0m出售[0m
              [36m</option>[39m
              [36m<option[39m
                [33mvalue[39m=[32m"free"[39m
              [36m>[39m
                [0m免费送[0m
              [36m</option>[39m
            [36m</select>[39m
          [36m</label>[39m
          [36m<label>[39m
            [0m售价（元）*[0m
            [36m<input[39m
              [33maria-invalid[39m=[32m"false"[39m
              [33mvalue[39m=[32m""[39m
            [36m/>[39m
          [36m</label>[39m
          [36m<label>[39m
            [36m<input[39m
              [33mtype[39m=[32m"checkbox"[39m
            [36m/>[39m
            [0m可议价[0m
          [36m</label>[39m
          [36m<label>[39m
            [0m成色 *[0m
            [36m<select>[39m
              [36m<option[39m
                [33mvalue[39m=[32m""[39m
              [36m>[39m
                [0m请选择[0m
              [36m</option>[39m
              [36m<option[39m
                [33mvalue[39m=[32m"unused"[39m
              [36m>[39m
                [0m全新未用[0m
              [36m</option>[39m
              [36m<option[39m
                [33mvalue[39m=[32m"like_new"[39m
              [36m>[39m
                [0m近乎全新[0m
              [36m</option>[39m
              [36m<option[39m
                [33mvalue[39m=[32m"used"[39m
              [36m>[39m
                [0m正常使用[0m
              [36m</option>[39m
              [36m<option[39m
                [33mvalue[39m=[32m"worn"[39m
              [36m>[39m
                [0m明显使用痕迹[0m
              [36m</option>[39m
            [36m</select>[39m
          [36m</label>[39m
          [36m<label>[39m
            [0m功能状态 *[0m
            [36m<select>[39m
              [36m<option[39m
                [33mvalue[39m=[32m""[39m
              [36m>[39m
                [0m请选择[0m
              [36m</option>[39m
              [36m<option[39m
                [33mvalue[39m=[32m"working"[39m
              [36m>[39m
                [0m功能正常[0m
              [36m</option>[39m
              [36m<option[39m
                [33mvalue[39m=[32m"faulty"[39m
              [36m>[39m
                [0m存在故障[0m
              [36m</option>[39m
              [36m<option[39m
                [33mvalue[39m=[32m"untested"[39m
              [36m>[39m
                [0m未测试[0m
              [36m</option>[39m
            [36m</select>[39m
          [36m</label>[39m
          [36m<label>[39m
            [0m物品说明 *[0m
            [36m<textarea[39m
              [33maria-invalid[39m=[32m"false"[39m
            [36m/>[39m
          [36m</label>[39m
          [36m<label>[39m
            [0m大致交接区域 *[0m
            [36m<input[39m
              [33maria-invalid[39m=[32m"false"[39m
              [33mvalue[39m=[32m""[39m
            [36m/>[39m
          [36m</label>[39m
          [36m<label>[39m
            [0m方便交接时间（选填）[0m
            [36m<input[39m
              [33maria-invalid[39m=[32m"false"[39m
              [33mvalue[39m=[32m""[39m
            [36m/>[39m
          [36m</label>[39m
          [36m<label>[39m
            [0m图片（1–9 张，每张最多 20 MB）[0m
            [36m<input[39m
              [33maccept[39m=[32m"image/jpeg,image/png,image/webp,image/heic,image/heif,.heic,.heif"[39m
              [33mmultiple[39m=[32m""[39m
              [33mtype[39m=[32m"file"[39m
            [36m/>[39m
          [36m</label>[39m
          [36m<div[39m
            [33mclass[39m=[32m"park-market-photos"[39m
          [36m/>[39m
          [36m<p>[39m
            [0mphoto.jpg[0m
            [0m：[0m
            [0m处理图片…[0m
          [36m</p>[39m
          [36m<button[39m
            [33mtype[39m=[32m"button"[39m
          [36m>[39m
            [0m预览[0m
          [36m</button>[39m
        [36m</fieldset>[39m
        [36m<button[39m
          [33mdisabled[39m=[32m""[39m
          [33mtype[39m=[32m"submit"[39m
        [36m>[39m
          [0m正式发布[0m
        [36m</button>[39m
      [36m</form>[39m
      [36m<p[39m
        [33mrole[39m=[32m"status"[39m
      [36m>[39m
        [0m已保存到本机[0m
      [36m</p>[39m
      [36m<footer>[39m
        [36m<details>[39m
          [36m<summary>[39m
            [0m发布规则与处理联系人[0m
          [36m</summary>[39m
          [36m<p>[39m
            [0m闲置[0m
          [36m</p>[39m
          [36m<p>[39m
            [0m服务台[0m
          [36m</p>[39m
        [36m</details>[39m
      [36m</footer>[39m
    [36m</dialog>[39m
  [36m</div>[39m
[36m</body>[39m

⎯⎯⎯⎯⎯⎯⎯ Failed Tests 1 ⎯⎯⎯⎯⎯⎯⎯

 FAIL  src/renderer/components/ParkMarketDialog.test.tsx > shows per-image transfer progress and allows cancelling without dropping form text
TestingLibraryElementError: Unable to find an element with the text: /上传 50%/. This could be because the text is broken up by multiple elements. In this case, you can provide a function for your text matcher to make your matcher more flexible.

Ignored nodes: comments, script, style
[36m<body>[39m
  [36m<div>[39m
    [36m<dialog[39m
      [33maria-labelledby[39m=[32m"park-market-title"[39m
      [33mclass[39m=[32m"park-market-dialog"[39m
      [33mopen[39m=[32m""[39m
    [36m>[39m
      [36m<header>[39m
        [36m<div>[39m
          [36m<h2[39m
            [33mid[39m=[32m"park-market-title"[39m
          [36m>[39m
            [0m园区跳蚤市场[0m
          [36m</h2>[39m
          [36m<p>[39m
            [0m仅本园区成员可见，交易由双方线下协商[0m
          [36m</p>[39m
        [36m</div>[39m
        [36m<button[39m
          [33maria-label[39m=[32m"关闭跳蚤市场"[39m
          [33mtype[39m=[32m"button"[39m
        [36m>[39m
          [0m关闭[0m
        [36m</button>[39m
      [36m</header>[39m
      [36m<nav[39m
        [33maria-label[39m=[32m"市场页面"[39m
      [36m>[39m
        [36m<button[39m
          [33mtype[39m=[32m"button"[39m
        [36m>[39m
          [0m逛市场[0m
        [36m</button>[39m
        [36m<button[39m
          [33mtype[39m=[32m"button"[39m
        [36m>[39m
          [0m我的发布记录[0m
        [36m</button>[39m
        [36m<button[39m
          [33mtype[39m=[32m"button"[39m
        [36m>[39m
          [0m我的收藏[0m
        [36m</button>[39m
        [36m<button[39m
          [33mtype[39m=[32m"button"[39m
        [36m>[39m
          [0m发布闲置[0m
        [36m</button>[39m
      [36m</nav>[39m
      [36m<form>[39m
        [36m<p>[39m
          [0m更换物品请另发一件。请先将手机照片传到电脑，支持选择、拖拽或粘贴图片。[0m
        [36m</p>[39m
        [36m<fieldset[39m
          [33mclass[39m=[32m"park-market-form"[39m
        [36m>[39m
          [36m<label>[39m
            [0m标题 *[0m
            [36m<input[39m
              [33maria-invalid[39m=[32m"false"[39m
              [33mvalue[39m=[32m"仍保留的描述标题"[39m
            [36m/>[39m
          [36m</label>[39m
          [36m<label>[39m
            [0m分类 *[0m
            [36m<select>[39m
              [36m<option[39m
                [33mvalue[39m=[32m""[39m
              [36m>[39m
                [0m请选择分类[0m
              [36m</option>[39m
              [36m<option[39m
                [33mvalue[39m=[32m"electronics"[39m
              [36m>[39m
                [0m数码电子[0m
              [36m</option>[39m
              [36m<option[39m
                [33mvalue[39m=[32m"office"[39m
              [36m>[39m
                [0m办公用品[0m
              [36m</option>[39m
              [36m<option[39m
                [33mvalue[39m=[32m"home"[39m
              [36m>[39m
                [0m生活家居[0m
              [36m</option>[39m
              [36m<option[39m
                [33mvalue[39m=[32m"sports"[39m
              [36m>[39m
                [0m运动户外[0m
              [36m</option>[39m
              [36m<option[39m
                [33mvalue[39m=[32m"books"[39m
              [36m>[39m
                [0m书籍文娱[0m
              [36m</option>[39m
              [36m<option[39m
                [33mvalue[39m=[32m"other"[39m
              [36m>[39m
                [0m其他[0m
              [36m</option>[39m
            [36m</select>[39m
          [36m</label>[39m
          [36m<label>[39m
            [0m出售方式[0m
            [36m<select>[39m
              [36m<option[39m
                [33mvalue[39m=[32m"sale"[39m
              [36m>[39m
                [0m出售[0m
              [36m</option>[39m
              [36m<option[39m
                [33mvalue[39m=[32m"free"[39m
              [36m>[39m
                [0m免费送[0m
              [36m</option>[39m
            [36m</select>[39m
          [36m</label>[39m
          [36m<label>[39m
            [0m售价（元）*[0m
            [36m<input[39m
              [33maria-invalid[39m=[32m"false"[39m
              [33mvalue[39m=[32m""[39m
            [36m/>[39m
          [36m</label>[39m
          [36m<label>[39m
            [36m<input[39m
              [33mtype[39m=[32m"checkbox"[39m
            [36m/>[39m
            [0m可议价[0m
          [36m</label>[39m
          [36m<label>[39m
            [0m成色 *[0m
            [36m<select>[39m
              [36m<option[39m
                [33mvalue[39m=[32m""[39m
              [36m>[39m
                [0m请选择[0m
              [36m</option>[39m
              [36m<option[39m
                [33mvalue[39m=[32m"unused"[39m
              [36m>[39m
                [0m全新未用[0m
              [36m</option>[39m
              [36m<option[39m
                [33mvalue[39m=[32m"like_new"[39m
              [36m>[39m
                [0m近乎全新[0m
              [36m</option>[39m
              [36m<option[39m
                [33mvalue[39m=[32m"used"[39m
              [36m>[39m
                [0m正常使用[0m
              [36m</option>[39m
              [36m<option[39m
                [33mvalue[39m=[32m"worn"[39m
              [36m>[39m
                [0m明显使用痕迹[0m
              [36m</option>[39m
            [36m</select>[39m
          [36m</label>[39m
          [36m<label>[39m
            [0m功能状态 *[0m
            [36m<select>[39m
              [36m<option[39m
                [33mvalue[39m=[32m""[39m
              [36m>[39m
                [0m请选择[0m
              [36m</option>[39m
              [36m<option[39m
                [33mvalue[39m=[32m"working"[39m
              [36m>[39m
                [0m功能正常[0m
              [36m</option>[39m
              [36m<option[39m
                [33mvalue[39m=[32m"faulty"[39m
              [36m>[39m
                [0m存在故障[0m
              [36m</option>[39m
              [36m<option[39m
                [33mvalue[39m=[32m"untested"[39m
              [36m>[39m
                [0m未测试[0m
              [36m</option>[39m
            [36m</select>[39m
          [36m</label>[39m
          [36m<label>[39m
            [0m物品说明 *[0m
            [36m<textarea[39m
              [33maria-invalid[39m=[32m"false"[39m
            [36m/>[39m
          [36m</label>[39m
          [36m<label>[39m
            [0m大致交接区域 *[0m
            [36m<input[39m
              [33maria-invalid[39m=[32m"false"[39m
              [33mvalue[39m=[32m""[39m
            [36m/>[39m
          [36m</label>[39m
          [36m<label>[39m
            [0m方便交接时间（选填）[0m
            [36m<input[39m
              [33maria-invalid[39m=[32m"false"[39m
              [33mvalue[39m=[32m""[39m
            [36m/>[39m
          [36m</label>[39m
          [36m<label>[39m
            [0m图片（1–9 张，每张最多 20 MB）[0m
            [36m<input[39m
              [33maccept[39m=[32m"image/jpeg,image/png,image/webp,image/heic,image/heif,.heic,.heif"[39m
              [33mmultiple[39m=[32m""[39m
              [33mtype[39m=[32m"file"[39m
            [36m/>[39m
          [36m</label>[39m
          [36m<div[39m
            [33mclass[39m=[32m"park-market-photos"[39m
          [36m/>[39m
          [36m<p>[39m
            [0mphoto.jpg[0m
            [0m：[0m
            [0m处理图片…[0m
          [36m</p>[39m
          [36m<button[39m
            [33mtype[39m=[32m"button"[39m
          [36m>[39m
            [0m预览[0m
          [36m</button>[39m
        [36m</fieldset>[39m
        [36m<button[39m
          [33mdisabled[39m=[32m""[39m
          [33mtype[39m=[32m"submit"[39m
        [36m>[39m
          [0m正式发布[0m
        [36m</button>[39m
      [36m</form>[39m
      [36m<p[39m
        [33mrole[39m=[32m"status"[39m
      [36m>[39m
        [0m已保存到本机[0m
      [36m</p>[39m
      [36m<footer>[39m
        [36m<details>[39m
          [36m<summary>[39m
            [0m发布规则与处理联系人[0m
          [36m</summary>[39m
          [36m<p>[39m
            [0m闲置[0m
          [36m</p>[39m
          [36m<p>[39m
            [0m服务台[0m
          [36m</p>[39m
        [36m</details>[39m
      [36m</footer>[39m
    [36m</dialog>[39m
  [36m</div>[39m
[36m</body>[39m

Ignored nodes: comments, script, style
[36m<body>[39m
  [36m<div>[39m
    [36m<dialog[39m
      [33maria-labelledby[39m=[32m"park-market-title"[39m
      [33mclass[39m=[32m"park-market-dialog"[39m
      [33mopen[39m=[32m""[39m
    [36m>[39m
      [36m<header>[39m
        [36m<div>[39m
          [36m<h2[39m
            [33mid[39m=[32m"park-market-title"[39m
          [36m>[39m
            [0m园区跳蚤市场[0m
          [36m</h2>[39m
          [36m<p>[39m
            [0m仅本园区成员可见，交易由双方线下协商[0m
          [36m</p>[39m
        [36m</div>[39m
        [36m<button[39m
          [33maria-label[39m=[32m"关闭跳蚤市场"[39m
          [33mtype[39m=[32m"button"[39m
        [36m>[39m
          [0m关闭[0m
        [36m</button>[39m
      [36m</header>[39m
      [36m<nav[39m
        [33maria-label[39m=[32m"市场页面"[39m
      [36m>[39m
        [36m<button[39m
          [33mtype[39m=[32m"button"[39m
        [36m>[39m
          [0m逛市场[0m
        [36m</button>[39m
        [36m<button[39m
          [33mtype[39m=[32m"button"[39m
        [36m>[39m
          [0m我的发布记录[0m
        [36m</button>[39m
        [36m<button[39m
          [33mtype[39m=[32m"button"[39m
        [36m>[39m
          [0m我的收藏[0m
        [36m</button>[39m
        [36m<button[39m
          [33mtype[39m=[32m"button"[39m
        [36m>[39m
          [0m发布闲置[0m
        [36m</button>[39m
      [36m</nav>[39m
      [36m<form>[39m
        [36m<p>[39m
          [0m更换物品请另发一件。请先将手机照片传到电脑，支持选择、拖拽或粘贴图片。[0m
        [36m</p>[39m
        [36m<fieldset[39m
          [33mclass[39m=[32m"park-market-form"[39m
        [36m>[39m
          [36m<label>[39m
            [0m标题 *[0m
            [36m<input[39m
              [33maria-invalid[39m=[32m"false"[39m
              [33mvalue[39m=[32m"仍保留的描述标题"[39m
            [36m/>[39m
          [36m</label>[39m
          [36m<label>[39m
            [0m分类 *[0m
            [36m<select>[39m
              [36m<option[39m
                [33mvalue[39m=[32m""[39m
              [36m>[39m
                [0m请选择分类[0m
              [36m</option>[39m
              [36m<option[39m
                [33mvalue[39m=[32m"electronics"[39m
              [36m>[39m
                [0m数码电子[0m
              [36m</option>[39m
              [36m<option[39m
                [33mvalue[39m=[32m"office"[39m
              [36m>[39m
                [0m办公用品[0m
              [36m</option>[39m
              [36m<option[39m
                [33mvalue[39m=[32m"home"[39m
              [36m>[39m
                [0m生活家居[0m
              [36m</option>[39m
              [36m<option[39m
                [33mvalue[39m=[32m"sports"[39m
              [36m>[39m
                [0m运动户外[0m
              [36m</option>[39m
              [36m<option[39m
                [33mvalue[39m=[32m"books"[39m
              [36m>[39m
                [0m书籍文娱[0m
              [36m</option>[39m
              [36m<option[39m
                [33mvalue[39m=[32m"other"[39m
              [36m>[39m
                [0m其他[0m
              [36m</option>[39m
            [36m</select>[39m
          [36m</label>[39m
          [36m<label>[39m
            [0m出售方式[0m
            [36m<select>[39m
              [36m<option[39m
                [33mvalue[39m=[32m"sale"[39m
              [36m>[39m
                [0m出售[0m
              [36m</option>[39m
              [36m<option[39m
                [33mvalue[39m=[32m"free"[39m
              [36m>[39m
                [0m免费送[0m
              [36m</option>[39m
            [36m</select>[39m
          [36m</label>[39m
          [36m<label>[39m
            [0m售价（元）*[0m
            [36m<input[39m
              [33maria-invalid[39m=[32m"false"[39m
              [33mvalue[39m=[32m""[39m
            [36m/>[39m
          [36m</label>[39m
          [36m<label>[39m
            [36m<input[39m
              [33mtype[39m=[32m"checkbox"[39m
            [36m/>[39m
            [0m可议价[0m
          [36m</label>[39m
          [36m<label>[39m
            [0m成色 *[0m
            [36m<select>[39m
              [36m<option[39m
                [33mvalue[39m=[32m""[39m
              [36m>[39m
                [0m请选择[0m
              [36m</option>[39m
              [36m<option[39m
                [33mvalue[39m=[32m"unused"[39m
              [36m>[39m
                [0m全新未用[0m
              [36m</option>[39m
              [36m<option[39m
                [33mvalue[39m=[32m"like_new"[39m
              [36m>[39m
                [0m近乎全新[0m
              [36m</option>[39m
              [36m<option[39m
                [33mvalue[39m=[32m"used"[39m
              [36m>[39m
                [0m正常使用[0m
              [36m</option>[39m
              [36m<option[39m
                [33mvalue[39m=[32m"worn"[39m
              [36m>[39m
                [0m明显使用痕迹[0m
              [36m</option>[39m
            [36m</select>[39m
          [36m</label>[39m
          [36m<label>[39m
            [0m功能状态 *[0m
            [36m<select>[39m
              [36m<option[39m
                [33mvalue[39m=[32m""[39m
              [36m>[39m
                [0m请选择[0m
              [36m</option>[39m
              [36m<option[39m
                [33mvalue[39m=[32m"working"[39m
              [36m>[39m
                [0m功能正常[0m
              [36m</option>[39m
              [36m<option[39m
                [33mvalue[39m=[32m"faulty"[39m
              [36m>[39m
                [0m存在故障[0m
              [36m</option>[39m
              [36m<option[39m
                [33mvalue[39m=[32m"untested"[39m
              [36m>[39m
                [0m未测试[0m
              [36m</option>[39m
            [36m</select>[39m
          [36m</label>[39m
          [36m<label>[39m
            [0m物品说明 *[0m
            [36m<textarea[39m
              [33maria-invalid[39m=[32m"false"[39m
            [36m/>[39m
          [36m</label>[39m
          [36m<label>[39m
            [0m大致交接区域 *[0m
            [36m<input[39m
              [33maria-invalid[39m=[32m"false"[39m
              [33mvalue[39m=[32m""[39m
            [36m/>[39m
          [36m</label>[39m
          [36m<label>[39m
            [0m方便交接时间（选填）[0m
            [36m<input[39m
              [33maria-invalid[39m=[32m"false"[39m
              [33mvalue[39m=[32m""[39m
            [36m/>[39m
          [36m</label>[39m
          [36m<label>[39m
            [0m图片（1–9 张，每张最多 20 MB）[0m
            [36m<input[39m
              [33maccept[39m=[32m"image/jpeg,image/png,image/webp,image/heic,image/heif,.heic,.heif"[39m
              [33mmultiple[39m=[32m""[39m
              [33mtype[39m=[32m"file"[39m
            [36m/>[39m
          [36m</label>[39m
          [36m<div[39m
            [33mclass[39m=[32m"park-market-photos"[39m
          [36m/>[39m
          [36m<p>[39m
            [0mphoto.jpg[0m
            [0m：[0m
            [0m处理图片…[0m
          [36m</p>[39m
          [36m<button[39m
            [33mtype[39m=[32m"button"[39m
          [36m>[39m
            [0m预览[0m
          [36m</button>[39m
        [36m</fieldset>[39m
        [36m<button[39m
          [33mdisabled[39m=[32m""[39m
          [33mtype[39m=[32m"submit"[39m
        [36m>[39m
          [0m正式发布[0m
        [36m</button>[39m
      [36m</form>[39m
      [36m<p[39m
        [33mrole[39m=[32m"status"[39m
      [36m>[39m
        [0m已保存到本机[0m
      [36m</p>[39m
      [36m<footer>[39m
        [36m<details>[39m
          [36m<summary>[39m
            [0m发布规则与处理联系人[0m
          [36m</summary>[39m
          [36m<p>[39m
            [0m闲置[0m
          [36m</p>[39m
          [36m<p>[39m
            [0m服务台[0m
          [36m</p>[39m
        [36m</details>[39m
      [36m</footer>[39m
    [36m</dialog>[39m
  [36m</div>[39m
[36m</body>[39m
 ❯ waitForWrapper ../../node_modules/@testing-library/dom/dist/wait-for.js:163:27
 ❯ ../../node_modules/@testing-library/dom/dist/query-helpers.js:86:33
 ❯ src/renderer/components/ParkMarketDialog.test.tsx:251:22
    249|  fireEvent.change(screen.getByLabelText('标题 *'),{target:{value:'仍保留的描述…
    250|  fireEvent.change(document.querySelector('input[type=file]')!,{target:…
    251|  expect(await screen.findByText(/上传 50%/)).toBeTruthy();
       |                      ^
    252|  fireEvent.click(screen.getByRole('button',{name:'取消上传 photo.jpg'}));
    253|  expect(await screen.findByText(/上传已取消/)).toBeTruthy();

⎯⎯⎯⎯⎯⎯⎯⎯⎯⎯⎯⎯⎯⎯⎯⎯⎯⎯⎯⎯⎯⎯⎯⎯[1/1]⎯


 Test Files  1 failed (1)
      Tests  1 failed | 4 passed (5)
   Start at  13:15:17
   Duration  3.87s (transform 105ms, setup 74ms, collect 128ms, tests 3.18s, environment 280ms, prepare 43ms)
