packages/server/src/modules/park_services/flea_market/fixtures/README.md 15ms (unchanged)
packages/server/src/modules/park_services/flea_market/fleaMarketAcceptanceMatrix.test.ts 65ms (unchanged)
packages/server/src/modules/park_services/flea_market/fleaMarketAccess.test.ts 9ms (unchanged)
packages/server/src/modules/park_services/flea_market/fleaMarketAccess.ts 8ms (unchanged)
packages/server/src/modules/park_services/flea_market/fleaMarketApplication.ts 18ms (unchanged)
packages/server/src/modules/park_services/flea_market/fleaMarketAttachments.test.ts 7ms (unchanged)
packages/server/src/modules/park_services/flea_market/fleaMarketAttachments.ts 15ms (unchanged)
packages/server/src/modules/park_services/flea_market/fleaMarketBusinessContract.test.ts 8ms (unchanged)
packages/server/src/modules/park_services/flea_market/fleaMarketContactPages.test.ts 5ms
packages/server/src/modules/park_services/flea_market/fleaMarketContacts.test.ts 11ms (unchanged)
packages/server/src/modules/park_services/flea_market/fleaMarketContacts.ts 39ms
packages/server/src/modules/park_services/flea_market/fleaMarketDiscovery.test.ts 7ms (unchanged)
packages/server/src/modules/park_services/flea_market/fleaMarketDiscovery.ts 17ms (unchanged)
packages/server/src/modules/park_services/flea_market/fleaMarketGovernance.test.ts 12ms (unchanged)
packages/server/src/modules/park_services/flea_market/fleaMarketGovernance.ts 20ms (unchanged)
packages/server/src/modules/park_services/flea_market/fleaMarketHttp.integration.test.ts 13ms (unchanged)
packages/server/src/modules/park_services/flea_market/fleaMarketHttp.ts 14ms
packages/server/src/modules/park_services/flea_market/fleaMarketImageProcessing.test.ts 4ms (unchanged)
packages/server/src/modules/park_services/flea_market/fleaMarketImageProcessing.ts 3ms (unchanged)
packages/server/src/modules/park_services/flea_market/fleaMarketInbox.test.ts 3ms (unchanged)
packages/server/src/modules/park_services/flea_market/fleaMarketInbox.ts 6ms (unchanged)
packages/server/src/modules/park_services/flea_market/fleaMarketJobs.test.ts 2ms (unchanged)
packages/server/src/modules/park_services/flea_market/fleaMarketJobs.ts 11ms (unchanged)
packages/server/src/modules/park_services/flea_market/fleaMarketLifecycle.test.ts 6ms (unchanged)
packages/server/src/modules/park_services/flea_market/fleaMarketLifecycle.ts 7ms (unchanged)
packages/server/src/modules/park_services/flea_market/fleaMarketMessageEvidence.test.ts 5ms (unchanged)
packages/server/src/modules/park_services/flea_market/fleaMarketMessageEvidence.ts 2ms (unchanged)
packages/server/src/modules/park_services/flea_market/fleaMarketMigration.test.ts 1ms (unchanged)
packages/server/src/modules/park_services/flea_market/fleaMarketMls.test.ts 5ms (unchanged)
packages/server/src/modules/park_services/flea_market/fleaMarketModeration.test.ts 3ms (unchanged)
packages/server/src/modules/park_services/flea_market/fleaMarketModeration.ts 7ms (unchanged)
packages/server/src/modules/park_services/flea_market/fleaMarketObjectStore.ts 2ms (unchanged)
packages/server/src/modules/park_services/flea_market/fleaMarketPersonalRecords.test.ts 2ms (unchanged)
packages/server/src/modules/park_services/flea_market/fleaMarketPostgresRepository.ts 3ms (unchanged)
packages/server/src/modules/park_services/flea_market/fleaMarketPostgresRuntime.ts 3ms (unchanged)
packages/server/src/modules/park_services/flea_market/fleaMarketPrivateReuse.test.ts 2ms (unchanged)
packages/server/src/modules/park_services/flea_market/fleaMarketPublication.test.ts 3ms (unchanged)
packages/server/src/modules/park_services/flea_market/fleaMarketRepository.ts 1ms (unchanged)
packages/server/src/modules/park_services/flea_market/fleaMarketRepositoryContract.test.ts 4ms (unchanged)
packages/server/src/modules/park_services/flea_market/fleaMarketRequestLifecycle.test.ts 2ms (unchanged)
packages/server/src/modules/park_services/flea_market/fleaMarketRequestLifecycle.ts 1ms (unchanged)
packages/server/src/modules/park_services/flea_market/fleaMarketRoles.test.ts 2ms (unchanged)
packages/server/src/modules/park_services/flea_market/fleaMarketRoles.ts 3ms (unchanged)
packages/server/src/modules/park_services/flea_market/fleaMarketSchema.ts 1ms (unchanged)
packages/server/src/modules/park_services/flea_market/fleaMarketSearchIndex.test.ts 3ms (unchanged)
packages/server/src/modules/park_services/flea_market/fleaMarketSearchIndex.ts 4ms (unchanged)
packages/server/src/modules/park_services/flea_market/fleaMarketService.ts 12ms (unchanged)
packages/server/src/modules/park_services/flea_market/fleaMarketServiceLifecycle.test.ts 2ms (unchanged)
packages/server/src/modules/park_services/flea_market/fleaMarketSettings.test.ts 3ms (unchanged)
packages/server/src/modules/park_services/flea_market/fleaMarketSettings.ts 4ms (unchanged)
packages/server/src/modules/park_services/flea_market/fleaMarketSqliteRepository.test.ts 2ms (unchanged)
packages/server/src/modules/park_services/flea_market/fleaMarketSqliteRepository.ts 2ms (unchanged)
packages/server/src/modules/park_services/flea_market/fleaMarketSqliteRuntime.ts 2ms (unchanged)
packages/server/src/modules/park_services/flea_market/fleaMarketStorageQuota.test.ts 2ms (unchanged)
packages/server/src/modules/park_services/flea_market/fleaMarketStorageQuota.ts 2ms (unchanged)
packages/server/src/modules/park_services/flea_market/fleaMarketTestSupport.ts 5ms (unchanged)
packages/server/src/modules/park_services/flea_market/fleaMarketTypes.ts 4ms (unchanged)
packages/server/src/modules/park_services/flea_market/fleaMarketUnitOfWork.ts 4ms (unchanged)
packages/server/src/modules/park_services/flea_market/fleaMarketValidation.test.ts 3ms (unchanged)
packages/server/src/modules/park_services/flea_market/fleaMarketValidation.ts 5ms (unchanged)
packages/server/src/modules/park_services/flea_market/index.ts 1ms (unchanged)
packages/server/src/modules/collaboration/parkContactCiphertext.ts 4ms (unchanged)
packages/server/src/modules/collaboration/parkContactDirectory.ts 3ms (unchanged)
packages/server/src/modules/collaboration/parkContactMls.ts 11ms (unchanged)
packages/server/src/modules/collaboration/parkContactPrivateAuthority.ts 1ms (unchanged)
packages/desktop/src/main/park-market-links.test.ts 1ms (unchanged)
packages/desktop/src/main/park-market-links.ts 3ms (unchanged)
packages/desktop/src/main/park-market-messaging.test.ts 5ms (unchanged)
packages/desktop/src/main/park-market-messaging.ts 12ms (unchanged)
packages/desktop/src/main/park-market-mls.test.ts 3ms (unchanged)
packages/desktop/src/main/park-market-mls.ts 11ms (unchanged)
packages/desktop/src/main/park-market.test.ts 4ms (unchanged)
packages/desktop/src/main/park-market.ts 3ms (unchanged)
packages/desktop/src/renderer/components/MarketAssociatedItems.test.tsx 5ms (unchanged)
packages/desktop/src/renderer/components/MarketAssociatedItems.tsx 6ms (unchanged)
packages/desktop/src/renderer/components/MarketContactCenter.test.tsx 2ms
packages/desktop/src/renderer/components/MarketContactCenter.tsx 26ms
packages/desktop/src/renderer/components/MarketImageViewer.test.tsx 2ms (unchanged)
packages/desktop/src/renderer/components/MarketImageViewer.tsx 6ms (unchanged)
packages/desktop/src/renderer/components/MarketNotifications.test.tsx 5ms (unchanged)
packages/desktop/src/renderer/components/MarketNotifications.tsx 7ms (unchanged)
packages/desktop/src/renderer/components/MarketReportForm.tsx 6ms (unchanged)
packages/desktop/src/renderer/components/MarketRoles.tsx 3ms (unchanged)
packages/desktop/src/renderer/components/ParkMarketDialog.css 21ms (unchanged)
packages/desktop/src/renderer/components/ParkMarketDialog.test.tsx 7ms (unchanged)
packages/desktop/src/renderer/components/ParkMarketDialog.tsx 54ms (unchanged)
packages/desktop/src/renderer/components/ParkMarketModel.test.ts 2ms (unchanged)
packages/desktop/src/renderer/components/ParkMarketModel.ts 3ms (unchanged)
integration/park-market/authenticated-flow.test.ts 11ms (unchanged)
integration/park-market/capacity.test.ts 4ms (unchanged)
integration/park-market/desktop-layout.mjs 17ms (unchanged)
integration/park-market/encrypted-flow.test.ts 15ms (unchanged)
