
 RUN  v3.2.7 /Users/yang/Desktop/otto-carpool-verified-7f3a9c/packages/desktop

 ❯ src/renderer/components/ParkMarketDialog.test.tsx (6 tests | 1 failed) 3256ms
   ✓ keeps own records and drafts reachable when the market is paused and validates publication without dropping fields 81ms
   ✓ flushes the last input on save-and-close with the originating account scope 44ms
   ✓ remounts private form state when the same account id switches server or organization 25ms
   ✓ preserves expired draft text and identifies the failed photo with an independent retry 28ms
   ✓ shows per-image transfer progress and allows cancelling without dropping form text 49ms
   × flushes unsaved text when switching away from the form without closing the market 3029ms
     → Unable to find role="button" and name "保存草稿并退出"

Ignored nodes: comments, script, style
[36m<body>[39m
  [36m<div>[39m
    [36m<dialog[39m
      [33maria-labelledby[39m=[32m"park-market-title"[39m
      [33mclass[39m=[32m"park-market-dialog"[39m
      [33mopen[39m=[32m""[39m
    [36m>[39m
      [36m<header>[39m
        [36m<div>[39m
          [36m<h2[39m
            [33mid[39m=[32m"park-market-title"[39m
          [36m>[39m
            [0m园区跳蚤市场[0m
          [36m</h2>[39m
          [36m<p>[39m
            [0m仅本园区成员可见，交易由双方线下协商[0m
          [36m</p>[39m
        [36m</div>[39m
        [36m<button[39m
          [33maria-label[39m=[32m"关闭跳蚤市场"[39m
          [33mtype[39m=[32m"button"[39m
        [36m>[39m
          [0m关闭[0m
        [36m</button>[39m
      [36m</header>[39m
      [36m<nav[39m
        [33maria-label[39m=[32m"市场页面"[39m
      [36m>[39m
        [36m<button[39m
          [33mtype[39m=[32m"button"[39m
        [36m>[39m
          [0m逛市场[0m
        [36m</button>[39m
        [36m<button[39m
          [33maria-current[39m=[32m"page"[39m
          [33mtype[39m=[32m"button"[39m
        [36m>[39m
          [0m我的发布记录[0m
        [36m</button>[39m
        [36m<button[39m
          [33mtype[39m=[32m"button"[39m
        [36m>[39m
          [0m我的收藏[0m
        [36m</button>[39m
        [36m<button[39m
          [33mtype[39m=[32m"button"[39m
        [36m>[39m
          [0m发布闲置[0m
        [36m</button>[39m
      [36m</nav>[39m
      [36m<p>[39m
        [0m暂无记录[0m
      [36m</p>[39m
      [36m<section>[39m
        [36m<h3>[39m
          [0m本机草稿[0m
        [36m</h3>[39m
      [36m</section>[39m
      [36m<footer>[39m
        [36m<details>[39m
          [36m<summary>[39m
            [0m发布规则与处理联系人[0m
          [36m</summary>[39m
          [36m<p>[39m
            [0m闲置[0m
          [36m</p>[39m
          [36m<p>[39m
            [0m服务台[0m
          [36m</p>[39m
        [36m</details>[39m
      [36m</footer>[39m
    [36m</dialog>[39m
  [36m</div>[39m
[36m</body>[39m

Ignored nodes: comments, script, style
[36m<body>[39m
  [36m<div>[39m
    [36m<dialog[39m
      [33maria-labelledby[39m=[32m"park-market-title"[39m
      [33mclass[39m=[32m"park-market-dialog"[39m
      [33mopen[39m=[32m""[39m
    [36m>[39m
      [36m<header>[39m
        [36m<div>[39m
          [36m<h2[39m
            [33mid[39m=[32m"park-market-title"[39m
          [36m>[39m
            [0m园区跳蚤市场[0m
          [36m</h2>[39m
          [36m<p>[39m
            [0m仅本园区成员可见，交易由双方线下协商[0m
          [36m</p>[39m
        [36m</div>[39m
        [36m<button[39m
          [33maria-label[39m=[32m"关闭跳蚤市场"[39m
          [33mtype[39m=[32m"button"[39m
        [36m>[39m
          [0m关闭[0m
        [36m</button>[39m
      [36m</header>[39m
      [36m<nav[39m
        [33maria-label[39m=[32m"市场页面"[39m
      [36m>[39m
        [36m<button[39m
          [33mtype[39m=[32m"button"[39m
        [36m>[39m
          [0m逛市场[0m
        [36m</button>[39m
        [36m<button[39m
          [33maria-current[39m=[32m"page"[39m
          [33mtype[39m=[32m"button"[39m
        [36m>[39m
          [0m我的发布记录[0m
        [36m</button>[39m
        [36m<button[39m
          [33mtype[39m=[32m"button"[39m
        [36m>[39m
          [0m我的收藏[0m
        [36m</button>[39m
        [36m<button[39m
          [33mtype[39m=[32m"button"[39m
        [36m>[39m
          [0m发布闲置[0m
        [36m</button>[39m
      [36m</nav>[39m
      [36m<p>[39m
        [0m暂无记录[0m
      [36m</p>[39m
      [36m<section>[39m
        [36m<h3>[39m
          [0m本机草稿[0m
        [36m</h3>[39m
      [36m</section>[39m
      [36m<footer>[39m
        [36m<details>[39m
          [36m<summary>[39m
            [0m发布规则与处理联系人[0m
          [36m</summary>[39m
          [36m<p>[39m
            [0m闲置[0m
          [36m</p>[39m
          [36m<p>[39m
            [0m服务台[0m
          [36m</p>[39m
        [36m</details>[39m
      [36m</footer>[39m
    [36m</dialog>[39m
  [36m</div>[39m
[36m</body>[39m

⎯⎯⎯⎯⎯⎯⎯ Failed Tests 1 ⎯⎯⎯⎯⎯⎯⎯

 FAIL  src/renderer/components/ParkMarketDialog.test.tsx > flushes unsaved text when switching away from the form without closing the market
TestingLibraryElementError: Unable to find role="button" and name "保存草稿并退出"

Ignored nodes: comments, script, style
[36m<body>[39m
  [36m<div>[39m
    [36m<dialog[39m
      [33maria-labelledby[39m=[32m"park-market-title"[39m
      [33mclass[39m=[32m"park-market-dialog"[39m
      [33mopen[39m=[32m""[39m
    [36m>[39m
      [36m<header>[39m
        [36m<div>[39m
          [36m<h2[39m
            [33mid[39m=[32m"park-market-title"[39m
          [36m>[39m
            [0m园区跳蚤市场[0m
          [36m</h2>[39m
          [36m<p>[39m
            [0m仅本园区成员可见，交易由双方线下协商[0m
          [36m</p>[39m
        [36m</div>[39m
        [36m<button[39m
          [33maria-label[39m=[32m"关闭跳蚤市场"[39m
          [33mtype[39m=[32m"button"[39m
        [36m>[39m
          [0m关闭[0m
        [36m</button>[39m
      [36m</header>[39m
      [36m<nav[39m
        [33maria-label[39m=[32m"市场页面"[39m
      [36m>[39m
        [36m<button[39m
          [33mtype[39m=[32m"button"[39m
        [36m>[39m
          [0m逛市场[0m
        [36m</button>[39m
        [36m<button[39m
          [33maria-current[39m=[32m"page"[39m
          [33mtype[39m=[32m"button"[39m
        [36m>[39m
          [0m我的发布记录[0m
        [36m</button>[39m
        [36m<button[39m
          [33mtype[39m=[32m"button"[39m
        [36m>[39m
          [0m我的收藏[0m
        [36m</button>[39m
        [36m<button[39m
          [33mtype[39m=[32m"button"[39m
        [36m>[39m
          [0m发布闲置[0m
        [36m</button>[39m
      [36m</nav>[39m
      [36m<p>[39m
        [0m暂无记录[0m
      [36m</p>[39m
      [36m<section>[39m
        [36m<h3>[39m
          [0m本机草稿[0m
        [36m</h3>[39m
      [36m</section>[39m
      [36m<footer>[39m
        [36m<details>[39m
          [36m<summary>[39m
            [0m发布规则与处理联系人[0m
          [36m</summary>[39m
          [36m<p>[39m
            [0m闲置[0m
          [36m</p>[39m
          [36m<p>[39m
            [0m服务台[0m
          [36m</p>[39m
        [36m</details>[39m
      [36m</footer>[39m
    [36m</dialog>[39m
  [36m</div>[39m
[36m</body>[39m

Ignored nodes: comments, script, style
[36m<body>[39m
  [36m<div>[39m
    [36m<dialog[39m
      [33maria-labelledby[39m=[32m"park-market-title"[39m
      [33mclass[39m=[32m"park-market-dialog"[39m
      [33mopen[39m=[32m""[39m
    [36m>[39m
      [36m<header>[39m
        [36m<div>[39m
          [36m<h2[39m
            [33mid[39m=[32m"park-market-title"[39m
          [36m>[39m
            [0m园区跳蚤市场[0m
          [36m</h2>[39m
          [36m<p>[39m
            [0m仅本园区成员可见，交易由双方线下协商[0m
          [36m</p>[39m
        [36m</div>[39m
        [36m<button[39m
          [33maria-label[39m=[32m"关闭跳蚤市场"[39m
          [33mtype[39m=[32m"button"[39m
        [36m>[39m
          [0m关闭[0m
        [36m</button>[39m
      [36m</header>[39m
      [36m<nav[39m
        [33maria-label[39m=[32m"市场页面"[39m
      [36m>[39m
        [36m<button[39m
          [33mtype[39m=[32m"button"[39m
        [36m>[39m
          [0m逛市场[0m
        [36m</button>[39m
        [36m<button[39m
          [33maria-current[39m=[32m"page"[39m
          [33mtype[39m=[32m"button"[39m
        [36m>[39m
          [0m我的发布记录[0m
        [36m</button>[39m
        [36m<button[39m
          [33mtype[39m=[32m"button"[39m
        [36m>[39m
          [0m我的收藏[0m
        [36m</button>[39m
        [36m<button[39m
          [33mtype[39m=[32m"button"[39m
        [36m>[39m
          [0m发布闲置[0m
        [36m</button>[39m
      [36m</nav>[39m
      [36m<p>[39m
        [0m暂无记录[0m
      [36m</p>[39m
      [36m<section>[39m
        [36m<h3>[39m
          [0m本机草稿[0m
        [36m</h3>[39m
      [36m</section>[39m
      [36m<footer>[39m
        [36m<details>[39m
          [36m<summary>[39m
            [0m发布规则与处理联系人[0m
          [36m</summary>[39m
          [36m<p>[39m
            [0m闲置[0m
          [36m</p>[39m
          [36m<p>[39m
            [0m服务台[0m
          [36m</p>[39m
        [36m</details>[39m
      [36m</footer>[39m
    [36m</dialog>[39m
  [36m</div>[39m
[36m</body>[39m
 ❯ waitForWrapper ../../node_modules/@testing-library/dom/dist/wait-for.js:163:27
 ❯ ../../node_modules/@testing-library/dom/dist/query-helpers.js:86:33
 ❯ src/renderer/components/ParkMarketDialog.test.tsx:265:31
    263|  fireEvent.change(screen.getByLabelText('标题 *'),{target:{value:'切换页面前的…
    264|  fireEvent.click(screen.getByRole('button',{name:'我的发布记录'}));
    265|  fireEvent.click(await screen.findByRole('button',{name:'保存草稿并退出'}));
       |                               ^
    266|  expect(await screen.findByRole('button',{name:'切换页面前的最后输入'})).toBeTru…
    267|  expect(close).not.toHaveBeenCalled();

⎯⎯⎯⎯⎯⎯⎯⎯⎯⎯⎯⎯⎯⎯⎯⎯⎯⎯⎯⎯⎯⎯⎯⎯[1/1]⎯


 Test Files  1 failed (1)
      Tests  1 failed | 5 passed (6)
   Start at  13:18:17
   Duration  3.95s (transform 120ms, setup 82ms, collect 136ms, tests 3.26s, environment 288ms, prepare 47ms)
