
 RUN  v3.2.7 /Users/yang/Desktop/otto-carpool-verified-7f3a9c/packages/desktop

 ❯ src/renderer/components/ParkMarketDialog.test.tsx (8 tests | 1 failed) 4283ms
   ✓ keeps own records and drafts reachable when the market is paused and validates publication without dropping fields 66ms
   ✓ flushes the last input on save-and-close with the originating account scope 40ms
   ✓ remounts private form state when the same account id switches server or organization 20ms
   ✓ preserves expired draft text and identifies the failed photo with an independent retry 25ms
   ✓ shows per-image transfer progress and allows cancelling without dropping form text 37ms
   ✓ flushes unsaved text when switching away from the form without closing the market 34ms
   ✓ closes directly after the current form is durably saved  1027ms
   × retains search, loaded cards and scroll position when returning from detail 3034ms
     → Unable to find role="button" and name "返回列表"

Ignored nodes: comments, script, style
[36m<body>[39m
  [36m<div>[39m
    [36m<dialog[39m
      [33maria-labelledby[39m=[32m"park-market-title"[39m
      [33mclass[39m=[32m"park-market-dialog"[39m
      [33mopen[39m=[32m""[39m
    [36m>[39m
      [36m<header>[39m
        [36m<div>[39m
          [36m<h2[39m
            [33mid[39m=[32m"park-market-title"[39m
          [36m>[39m
            [0m园区跳蚤市场[0m
          [36m</h2>[39m
          [36m<p>[39m
            [0m仅本园区成员可见，交易由双方线下协商[0m
          [36m</p>[39m
        [36m</div>[39m
        [36m<button[39m
          [33maria-label[39m=[32m"关闭跳蚤市场"[39m
          [33mtype[39m=[32m"button"[39m
        [36m>[39m
          [0m关闭[0m
        [36m</button>[39m
      [36m</header>[39m
      [36m<nav[39m
        [33maria-label[39m=[32m"市场页面"[39m
      [36m>[39m
        [36m<button[39m
          [33mtype[39m=[32m"button"[39m
        [36m>[39m
          [0m逛市场[0m
        [36m</button>[39m
        [36m<button[39m
          [33mtype[39m=[32m"button"[39m
        [36m>[39m
          [0m我的发布记录[0m
        [36m</button>[39m
        [36m<button[39m
          [33mtype[39m=[32m"button"[39m
        [36m>[39m
          [0m我的收藏[0m
        [36m</button>[39m
        [36m<button[39m
          [33mtype[39m=[32m"button"[39m
        [36m>[39m
          [0m发布闲置[0m
        [36m</button>[39m
      [36m</nav>[39m
      [36m<section>[39m
        [36m<h3>[39m
          [0m办公椅甲[0m
        [36m</h3>[39m
        [36m<p>[39m
          [0m在售[0m
          [0m [0m
          [0m¥10.00[0m
        [36m</p>[39m
        [36m<div[39m
          [33mclass[39m=[32m"park-market-photos"[39m
        [36m/>[39m
        [36m<p />[39m
        [36m<p>[39m
          [0m · [0m
          [0m [0m
        [36m</p>[39m
        [36m<p>[39m
          [0m [0m
        [36m</p>[39m
        [36m<div[39m
          [33mclass[39m=[32m"park-market-actions"[39m
        [36m>[39m
          [36m<button[39m
            [33mtype[39m=[32m"button"[39m
          [36m>[39m
            [0m分享[0m
          [36m</button>[39m
          [36m<section[39m
            [33maria-label[39m=[32m"联系卖家"[39m
          [36m>[39m
            [36m<button>[39m
              [0m联系卖家[0m
            [36m</button>[39m
          [36m</section>[39m
          [36m<button>[39m
            [0m收藏[0m
          [36m</button>[39m
          [36m<button>[39m
            [0m取消收藏[0m
          [36m</button>[39m
          [36m<button>[39m
            [0m举报[0m
          [36m</button>[39m
        [36m</div>[39m
      [36m</section>[39m
      [36m<footer>[39m
        [36m<details>[39m
          [36m<summary>[39m
            [0m发布规则与处理联系人[0m
          [36m</summary>[39m
          [36m<p>[39m
            [0m闲置[0m
          [36m</p>[39m
          [36m<p>[39m
            [0m服务台[0m
          [36m</p>[39m
        [36m</details>[39m
      [36m</footer>[39m
    [36m</dialog>[39m
  [36m</div>[39m
[36m</body>[39m

Ignored nodes: comments, script, style
[36m<body>[39m
  [36m<div>[39m
    [36m<dialog[39m
      [33maria-labelledby[39m=[32m"park-market-title"[39m
      [33mclass[39m=[32m"park-market-dialog"[39m
      [33mopen[39m=[32m""[39m
    [36m>[39m
      [36m<header>[39m
        [36m<div>[39m
          [36m<h2[39m
            [33mid[39m=[32m"park-market-title"[39m
          [36m>[39m
            [0m园区跳蚤市场[0m
          [36m</h2>[39m
          [36m<p>[39m
            [0m仅本园区成员可见，交易由双方线下协商[0m
          [36m</p>[39m
        [36m</div>[39m
        [36m<button[39m
          [33maria-label[39m=[32m"关闭跳蚤市场"[39m
          [33mtype[39m=[32m"button"[39m
        [36m>[39m
          [0m关闭[0m
        [36m</button>[39m
      [36m</header>[39m
      [36m<nav[39m
        [33maria-label[39m=[32m"市场页面"[39m
      [36m>[39m
        [36m<button[39m
          [33mtype[39m=[32m"button"[39m
        [36m>[39m
          [0m逛市场[0m
        [36m</button>[39m
        [36m<button[39m
          [33mtype[39m=[32m"button"[39m
        [36m>[39m
          [0m我的发布记录[0m
        [36m</button>[39m
        [36m<button[39m
          [33mtype[39m=[32m"button"[39m
        [36m>[39m
          [0m我的收藏[0m
        [36m</button>[39m
        [36m<button[39m
          [33mtype[39m=[32m"button"[39m
        [36m>[39m
          [0m发布闲置[0m
        [36m</button>[39m
      [36m</nav>[39m
      [36m<section>[39m
        [36m<h3>[39m
          [0m办公椅甲[0m
        [36m</h3>[39m
        [36m<p>[39m
          [0m在售[0m
          [0m [0m
          [0m¥10.00[0m
        [36m</p>[39m
        [36m<div[39m
          [33mclass[39m=[32m"park-market-photos"[39m
        [36m/>[39m
        [36m<p />[39m
        [36m<p>[39m
          [0m · [0m
          [0m [0m
        [36m</p>[39m
        [36m<p>[39m
          [0m [0m
        [36m</p>[39m
        [36m<div[39m
          [33mclass[39m=[32m"park-market-actions"[39m
        [36m>[39m
          [36m<button[39m
            [33mtype[39m=[32m"button"[39m
          [36m>[39m
            [0m分享[0m
          [36m</button>[39m
          [36m<section[39m
            [33maria-label[39m=[32m"联系卖家"[39m
          [36m>[39m
            [36m<button>[39m
              [0m联系卖家[0m
            [36m</button>[39m
          [36m</section>[39m
          [36m<button>[39m
            [0m收藏[0m
          [36m</button>[39m
          [36m<button>[39m
            [0m取消收藏[0m
          [36m</button>[39m
          [36m<button>[39m
            [0m举报[0m
          [36m</button>[39m
        [36m</div>[39m
      [36m</section>[39m
      [36m<footer>[39m
        [36m<details>[39m
          [36m<summary>[39m
            [0m发布规则与处理联系人[0m
          [36m</summary>[39m
          [36m<p>[39m
            [0m闲置[0m
          [36m</p>[39m
          [36m<p>[39m
            [0m服务台[0m
          [36m</p>[39m
        [36m</details>[39m
      [36m</footer>[39m
    [36m</dialog>[39m
  [36m</div>[39m
[36m</body>[39m

⎯⎯⎯⎯⎯⎯⎯ Failed Tests 1 ⎯⎯⎯⎯⎯⎯⎯

 FAIL  src/renderer/components/ParkMarketDialog.test.tsx > retains search, loaded cards and scroll position when returning from detail
TestingLibraryElementError: Unable to find role="button" and name "返回列表"

Ignored nodes: comments, script, style
[36m<body>[39m
  [36m<div>[39m
    [36m<dialog[39m
      [33maria-labelledby[39m=[32m"park-market-title"[39m
      [33mclass[39m=[32m"park-market-dialog"[39m
      [33mopen[39m=[32m""[39m
    [36m>[39m
      [36m<header>[39m
        [36m<div>[39m
          [36m<h2[39m
            [33mid[39m=[32m"park-market-title"[39m
          [36m>[39m
            [0m园区跳蚤市场[0m
          [36m</h2>[39m
          [36m<p>[39m
            [0m仅本园区成员可见，交易由双方线下协商[0m
          [36m</p>[39m
        [36m</div>[39m
        [36m<button[39m
          [33maria-label[39m=[32m"关闭跳蚤市场"[39m
          [33mtype[39m=[32m"button"[39m
        [36m>[39m
          [0m关闭[0m
        [36m</button>[39m
      [36m</header>[39m
      [36m<nav[39m
        [33maria-label[39m=[32m"市场页面"[39m
      [36m>[39m
        [36m<button[39m
          [33mtype[39m=[32m"button"[39m
        [36m>[39m
          [0m逛市场[0m
        [36m</button>[39m
        [36m<button[39m
          [33mtype[39m=[32m"button"[39m
        [36m>[39m
          [0m我的发布记录[0m
        [36m</button>[39m
        [36m<button[39m
          [33mtype[39m=[32m"button"[39m
        [36m>[39m
          [0m我的收藏[0m
        [36m</button>[39m
        [36m<button[39m
          [33mtype[39m=[32m"button"[39m
        [36m>[39m
          [0m发布闲置[0m
        [36m</button>[39m
      [36m</nav>[39m
      [36m<section>[39m
        [36m<h3>[39m
          [0m办公椅甲[0m
        [36m</h3>[39m
        [36m<p>[39m
          [0m在售[0m
          [0m [0m
          [0m¥10.00[0m
        [36m</p>[39m
        [36m<div[39m
          [33mclass[39m=[32m"park-market-photos"[39m
        [36m/>[39m
        [36m<p />[39m
        [36m<p>[39m
          [0m · [0m
          [0m [0m
        [36m</p>[39m
        [36m<p>[39m
          [0m [0m
        [36m</p>[39m
        [36m<div[39m
          [33mclass[39m=[32m"park-market-actions"[39m
        [36m>[39m
          [36m<button[39m
            [33mtype[39m=[32m"button"[39m
          [36m>[39m
            [0m分享[0m
          [36m</button>[39m
          [36m<section[39m
            [33maria-label[39m=[32m"联系卖家"[39m
          [36m>[39m
            [36m<button>[39m
              [0m联系卖家[0m
            [36m</button>[39m
          [36m</section>[39m
          [36m<button>[39m
            [0m收藏[0m
          [36m</button>[39m
          [36m<button>[39m
            [0m取消收藏[0m
          [36m</button>[39m
          [36m<button>[39m
            [0m举报[0m
          [36m</button>[39m
        [36m</div>[39m
      [36m</section>[39m
      [36m<footer>[39m
        [36m<details>[39m
          [36m<summary>[39m
            [0m发布规则与处理联系人[0m
          [36m</summary>[39m
          [36m<p>[39m
            [0m闲置[0m
          [36m</p>[39m
          [36m<p>[39m
            [0m服务台[0m
          [36m</p>[39m
        [36m</details>[39m
      [36m</footer>[39m
    [36m</dialog>[39m
  [36m</div>[39m
[36m</body>[39m

Ignored nodes: comments, script, style
[36m<body>[39m
  [36m<div>[39m
    [36m<dialog[39m
      [33maria-labelledby[39m=[32m"park-market-title"[39m
      [33mclass[39m=[32m"park-market-dialog"[39m
      [33mopen[39m=[32m""[39m
    [36m>[39m
      [36m<header>[39m
        [36m<div>[39m
          [36m<h2[39m
            [33mid[39m=[32m"park-market-title"[39m
          [36m>[39m
            [0m园区跳蚤市场[0m
          [36m</h2>[39m
          [36m<p>[39m
            [0m仅本园区成员可见，交易由双方线下协商[0m
          [36m</p>[39m
        [36m</div>[39m
        [36m<button[39m
          [33maria-label[39m=[32m"关闭跳蚤市场"[39m
          [33mtype[39m=[32m"button"[39m
        [36m>[39m
          [0m关闭[0m
        [36m</button>[39m
      [36m</header>[39m
      [36m<nav[39m
        [33maria-label[39m=[32m"市场页面"[39m
      [36m>[39m
        [36m<button[39m
          [33mtype[39m=[32m"button"[39m
        [36m>[39m
          [0m逛市场[0m
        [36m</button>[39m
        [36m<button[39m
          [33mtype[39m=[32m"button"[39m
        [36m>[39m
          [0m我的发布记录[0m
        [36m</button>[39m
        [36m<button[39m
          [33mtype[39m=[32m"button"[39m
        [36m>[39m
          [0m我的收藏[0m
        [36m</button>[39m
        [36m<button[39m
          [33mtype[39m=[32m"button"[39m
        [36m>[39m
          [0m发布闲置[0m
        [36m</button>[39m
      [36m</nav>[39m
      [36m<section>[39m
        [36m<h3>[39m
          [0m办公椅甲[0m
        [36m</h3>[39m
        [36m<p>[39m
          [0m在售[0m
          [0m [0m
          [0m¥10.00[0m
        [36m</p>[39m
        [36m<div[39m
          [33mclass[39m=[32m"park-market-photos"[39m
        [36m/>[39m
        [36m<p />[39m
        [36m<p>[39m
          [0m · [0m
          [0m [0m
        [36m</p>[39m
        [36m<p>[39m
          [0m [0m
        [36m</p>[39m
        [36m<div[39m
          [33mclass[39m=[32m"park-market-actions"[39m
        [36m>[39m
          [36m<button[39m
            [33mtype[39m=[32m"button"[39m
          [36m>[39m
            [0m分享[0m
          [36m</button>[39m
          [36m<section[39m
            [33maria-label[39m=[32m"联系卖家"[39m
          [36m>[39m
            [36m<button>[39m
              [0m联系卖家[0m
            [36m</button>[39m
          [36m</section>[39m
          [36m<button>[39m
            [0m收藏[0m
          [36m</button>[39m
          [36m<button>[39m
            [0m取消收藏[0m
          [36m</button>[39m
          [36m<button>[39m
            [0m举报[0m
          [36m</button>[39m
        [36m</div>[39m
      [36m</section>[39m
      [36m<footer>[39m
        [36m<details>[39m
          [36m<summary>[39m
            [0m发布规则与处理联系人[0m
          [36m</summary>[39m
          [36m<p>[39m
            [0m闲置[0m
          [36m</p>[39m
          [36m<p>[39m
            [0m服务台[0m
          [36m</p>[39m
        [36m</details>[39m
      [36m</footer>[39m
    [36m</dialog>[39m
  [36m</div>[39m
[36m</body>[39m
 ❯ waitForWrapper ../../node_modules/@testing-library/dom/dist/wait-for.js:163:27
 ❯ ../../node_modules/@testing-library/dom/dist/query-helpers.js:86:33
 ❯ src/renderer/components/ParkMarketDialog.test.tsx:296:31
    294|  const listingReads=request.mock.calls.filter(([input])=>input.path.st…
    295|  fireEvent.click(screen.getByRole('button',{name:/办公椅甲/}));
    296|  fireEvent.click(await screen.findByRole('button',{name:'返回列表'}));
       |                               ^
    297|  expect(screen.getByDisplayValue('办公椅')).toBeTruthy();
    298|  await waitFor(()=>expect(dialog.scrollTop).toBe(120));

⎯⎯⎯⎯⎯⎯⎯⎯⎯⎯⎯⎯⎯⎯⎯⎯⎯⎯⎯⎯⎯⎯⎯⎯[1/1]⎯


 Test Files  1 failed (1)
      Tests  1 failed | 7 passed (8)
   Start at  13:23:34
   Duration  4.99s (transform 113ms, setup 74ms, collect 125ms, tests 4.28s, environment 300ms, prepare 52ms)
